['/groups/kemi/koerstz/opt/xtb/6.1/bin/xtb', '0.xyz', '--omd', '--input', 'md.inp', '--gfn2', '--chrg', '0']
['/groups/kemi/koerstz/opt/xtb/6.1/bin/xtb', '0.6_md.xyz', '--md', '--input', 'metadyn.inp', '--gfn2', '--chrg', '0']
0 1
[C@@:1]1([H:8])([H:9])[C@:2]([H:4])([H:5])[C@:3]1([H:6])[H:7]
smiles = [C@@:1]1([H:8])([H:9])[C@:2]([H:4])([H:5])[C@:3]1([H:6])[H:7]
110 2
[C@@:1]1([H:8])([H:9])[C@:2]([H:4])([H:5])[C@:3]1([H:6])[H:7]
220 2
[C@@:1]1([H:8])([H:9])[C@:2]([H:4])([H:5])[C@:3]1([H:6])[H:7]
330 2
[C@@:1]1([H:8])([H:9])[C@:2]([H:4])([H:5])[C@:3]1([H:6])[H:7]
440 2
[C@@:1]1([H:8])([H:9])[C@:2]([H:4])([H:5])[C@:3]1([H:6])[H:7]
550 2
[C@@:1]1([H:8])([H:9])[C@:2]([H:4])([H:5])[C@:3]1([H:6])[H:7]
660 2
[C@@:1]1([H:8])([H:9])[C@:2]([H:4])([H:5])[C@:3]1([H:6])[H:7]
770 2
[C@@:1]1([H:8])([H:9])[C@:2]([H:4])([H:5])[C@:3]1([H:6])[H:7]
880 2
[C@@:1]1([H:8])([H:9])[C@:2]([H:4])([H:5])[C@:3]1([H:6])[H:7]
990 2
[C@@:1]1([H:8])([H:9])[C@:2]([H:4])([H:5])[C@:3]1([H:6])[H:7]
1100 2
[C@@:1]1([H:8])([H:9])[C@:2]([H:4])([H:5])[C@:3]1([H:6])[H:7]
1210 2
[C@@:1]1([H:8])([H:9])[C@:2]([H:4])([H:5])[C@:3]1([H:6])[H:7]
1320 2
[C@@:1]1([H:8])([H:9])[C@:2]([H:4])([H:5])[C@:3]1([H:6])[H:7]
1430 2
[C@@:1]1([H:8])([H:9])[C@:2]([H:4])([H:5])[C@:3]1([H:6])[H:7]
1540 2
[C@@:1]1([H:8])([H:9])[C@:2]([H:4])([H:5])[C@:3]1([H:6])[H:7]
1650 2
[C@@:1]1([H:8])([H:9])[C@:2]([H:4])([H:5])[C@:3]1([H:6])[H:7]
1760 2
[C@@:1]1([H:8])([H:9])[C@:2]([H:4])([H:5])[C@:3]1([H:6])[H:7]
1870 2
[C@@:1]1([H:8])([H:9])[C@:2]([H:4])([H:5])[C@:3]1([H:6])[H:7]
1980 2
[C@@:1]1([H:8])([H:9])[C@:2]([H:4])([H:5])[C@:3]1([H:6])[H:7]
2090 2
[C@@:1]1([H:8])([H:9])[C@:2]([H:4])([H:5])[C@:3]1([H:6])[H:7]
2200 2
[C@@:1]1([H:8])([H:9])[C@:2]([H:4])([H:5])[C@:3]1([H:6])[H:7]
2310 2
[C@@:1]1([H:8])([H:9])[C@:2]([H:4])([H:5])[C@:3]1([H:6])[H:7]
2420 2
[C@@:1]1([H:8])([H:9])[C@:2]([H:4])([H:5])[C@:3]1([H:6])[H:7]
2530 2
[C@@:1]1([H:8])([H:9])[C@:2]([H:4])([H:5])[C@:3]1([H:6])[H:7]
2640 2
[C@@:1]1([H:8])([H:9])[C@:2]([H:4])([H:5])[C@:3]1([H:6])[H:7]
2750 2
[C@@:1]1([H:8])([H:9])[C@:2]([H:4])([H:5])[C@:3]1([H:6])[H:7]
2860 2
[C@@:1]1([H:8])([H:9])[C@:2]([H:4])([H:5])[C@:3]1([H:6])[H:7]
2970 2
[C@@:1]1([H:8])([H:9])[C@:2]([H:4])([H:5])[C@:3]1([H:6])[H:7]
3080 2
[C@@:1]1([H:8])([H:9])[C@:2]([H:4])([H:5])[C@:3]1([H:6])[H:7]
3190 2
[C@@:1]1([H:8])([H:9])[C@:2]([H:4])([H:5])[C@:3]1([H:6])[H:7]
3300 2
[C@@:1]1([H:8])([H:9])[C@:2]([H:4])([H:5])[C@:3]1([H:6])[H:7]
3410 2
[C@@:1]1([H:8])([H:9])[C@:2]([H:4])([H:5])[C@:3]1([H:6])[H:7]
3520 2
[C@@:1]1([H:8])([H:9])[C@:2]([H:4])([H:5])[C@:3]1([H:6])[H:7]
3630 2
[C@@:1]1([H:8])([H:9])[C@:2]([H:4])([H:5])[C@:3]1([H:6])[H:7]
3740 2
[C@@:1]1([H:8])([H:9])[C@:2]([H:4])([H:5])[C@:3]1([H:6])[H:7]
3850 2
[C@@:1]1([H:8])([H:9])[C@:2]([H:4])([H:5])[C@:3]1([H:6])[H:7]
3960 2
[C@@:1]1([H:8])([H:9])[C@:2]([H:4])([H:5])[C@:3]1([H:6])[H:7]
4070 2
[C@@:1]1([H:8])([H:9])[C@:2]([H:4])([H:5])[C@:3]1([H:6])[H:7]
4180 2
[C@@:1]1([H:8])([H:9])[C@:2]([H:4])([H:5])[C@:3]1([H:6])[H:7]
4290 2
[C@@:1]1([H:8])([H:9])[C@:2]([H:4])([H:5])[C@:3]1([H:6])[H:7]
4400 2
[C@@:1]1([H:8])([H:9])[C@:2]([H:4])([H:5])[C@:3]1([H:6])[H:7]
4510 2
[C@@:1]1([H:8])([H:9])[C@:2]([H:4])([H:5])[C@:3]1([H:6])[H:7]
4620 2
[C@@:1]1([H:8])([H:9])[C@:2]([H:4])([H:5])[C@:3]1([H:6])[H:7]
4730 2
[C@@:1]1([H:8])([H:9])[C@:2]([H:4])([H:5])[C@:3]1([H:6])[H:7]
4840 2
[C@@:1]1([H:8])([H:9])[C@:2]([H:4])([H:5])[C@:3]1([H:6])[H:7]
4950 2
[C@@:1]1([H:8])([H:9])[C@:2]([H:4])([H:5])[C@:3]1([H:6])[H:7]
5060 2
[C@@:1]1([H:8])([H:9])[C@:2]([H:4])([H:5])[C@:3]1([H:6])[H:7]
5170 2
[C@@:1]1([H:8])([H:9])[C@:2]([H:4])([H:5])[C@:3]1([H:6])[H:7]
5280 2
[C@@:1]1([H:8])([H:9])[C@:2]([H:4])([H:5])[C@:3]1([H:6])[H:7]
5390 2
[C@@:1]1([H:8])([H:9])[C@:2]([H:4])([H:5])[C@:3]1([H:6])[H:7]
['/groups/kemi/koerstz/opt/xtb/6.1/bin/xtb', '1.xyz', '--opt', 'tight', '--gfn2', '--chrg', '0']
['/groups/kemi/koerstz/opt/xtb/6.1/bin/xtb', '2.xyz', '--opt', 'tight', '--gfn2', '--chrg', '0']
['/groups/kemi/koerstz/opt/xtb/6.1/bin/xtb', 'restart_structure.xyz', '--md', '--input', 'metadyn.inp', '--gfn2', '--chrg', '0']
0 1
[C@@:1]1([H:8])([H:9])[C@:2]([H:4])([H:5])[C@:3]1([H:6])[H:7]
smiles = [C@@:1]1([H:8])([H:9])[C@:2]([H:4])([H:5])[C@:3]1([H:6])[H:7]
110 2
[C@@:1]1([H:8])([H:9])[C@:2]([H:4])([H:5])[C@:3]1([H:6])[H:7]
220 2
[C@@:1]1([H:8])([H:9])[C@:2]([H:4])([H:5])[C@:3]1([H:6])[H:7]
330 2
[C@@:1]1([H:8])([H:9])[C@:2]([H:4])([H:5])[C@:3]1([H:6])[H:7]
440 2
[C@@:1]1([H:8])([H:9])[C@:2]([H:4])([H:5])[C@:3]1([H:6])[H:7]
550 2
[C@@:1]1([H:8])([H:9])[C@:2]([H:4])([H:5])[C@:3]1([H:6])[H:7]
660 2
[C@@:1]1([H:8])([H:9])[C@:2]([H:4])([H:5])[C@:3]1([H:6])[H:7]
770 2
[C@@:1]1([H:8])([H:9])[C@:2]([H:4])([H:5])[C@:3]1([H:6])[H:7]
880 2
[C@@:1]1([H:8])([H:9])[C@:2]([H:4])([H:5])[C@:3]1([H:6])[H:7]
990 2
[C@@:1]1([H:8])([H:9])[C@:2]([H:4])([H:5])[C@:3]1([H:6])[H:7]
1100 2
[C@@:1]1([H:8])([H:9])[C@:2]([H:4])([H:5])[C@:3]1([H:6])[H:7]
1210 2
[C@@:1]1([H:8])([H:9])[C@:2]([H:4])([H:5])[C@:3]1([H:6])[H:7]
1320 2
[C@@:1]1([H:8])([H:9])[C@:2]([H:4])([H:5])[C@:3]1([H:6])[H:7]
1430 2
[C@@:1]1([H:8])([H:9])[C@:2]([H:4])([H:5])[C@:3]1([H:6])[H:7]
1540 2
[C@@:1]1([H:8])([H:9])[C@:2]([H:4])([H:5])[C@:3]1([H:6])[H:7]
1650 2
[C@@:1]1([H:8])([H:9])[C@:2]([H:4])([H:5])[C@:3]1([H:6])[H:7]
1760 2
[C@@:1]1([H:8])([H:9])[C@:2]([H:4])([H:5])[C@:3]1([H:6])[H:7]
1870 2
[C@@:1]1([H:8])([H:9])[C@:2]([H:4])([H:5])[C@:3]1([H:6])[H:7]
1980 2
[C@@:1]1([H:8])([H:9])[C@:2]([H:4])([H:5])[C@:3]1([H:6])[H:7]
2090 2
[C@@:1]1([H:8])([H:9])[C@:2]([H:4])([H:5])[C@:3]1([H:6])[H:7]
2200 2
[C@@:1]1([H:8])([H:9])[C@:2]([H:4])([H:5])[C@:3]1([H:6])[H:7]
2310 2
[C@@:1]1([H:8])([H:9])[C@:2]([H:4])([H:5])[C@:3]1([H:6])[H:7]
2420 2
[C@@:1]1([H:8])([H:9])[C@:2]([H:4])([H:5])[C@:3]1([H:6])[H:7]
2530 2
[C@@:1]1([H:8])([H:9])[C@:2]([H:4])([H:5])[C@:3]1([H:6])[H:7]
2640 2
[C@@:1]1([H:8])([H:9])[C@:2]([H:4])([H:5])[C@:3]1([H:6])[H:7]
2750 2
[C@@:1]1([H:8])([H:9])[C@:2]([H:4])([H:5])[C@:3]1([H:6])[H:7]
2860 2
[C@@:1]1([H:8])([H:9])[C@:2]([H:4])([H:5])[C@:3]1([H:6])[H:7]
2970 2
[C@@:1]1([H:8])([H:9])[C@:2]([H:4])([H:5])[C@:3]1([H:6])[H:7]
3080 2
[C@@:1]1([H:8])([H:9])[C@:2]([H:4])([H:5])[C@:3]1([H:6])[H:7]
3190 2
[C@@:1]1([H:8])([H:9])[C@:2]([H:4])([H:5])[C@:3]1([H:6])[H:7]
3300 2
[C@@:1]1([H:8])([H:9])[C@:2]([H:4])([H:5])[C@:3]1([H:6])[H:7]
3410 2
[C@@:1]1([H:8])([H:9])[C@:2]([H:4])([H:5])[C@:3]1([H:6])[H:7]
3520 2
[C@@:1]1([H:8])([H:9])[C@:2]([H:4])([H:5])[C@:3]1([H:6])[H:7]
3630 2
[C@@:1]1([H:8])([H:9])[C@:2]([H:4])([H:5])[C@:3]1([H:6])[H:7]
3740 2
[C@@:1]1([H:8])([H:9])[C@:2]([H:4])([H:5])[C@:3]1([H:6])[H:7]
3850 2
[C@@:1]1([H:8])([H:9])[C@:2]([H:4])([H:5])[C@:3]1([H:6])[H:7]
3960 2
[C@@:1]1([H:8])([H:9])[C@:2]([H:4])([H:5])[C@:3]1([H:6])[H:7]
4070 2
[C@@:1]1([H:8])([H:9])[C@:2]([H:4])([H:5])[C@:3]1([H:6])[H:7]
4180 2
[C@@:1]1([H:8])([H:9])[C@:2]([H:4])([H:5])[C@:3]1([H:6])[H:7]
4290 2
[C@@:1]1([H:8])([H:9])[C@:2]([H:4])([H:5])[C@:3]1([H:6])[H:7]
4400 2
[C@@:1]1([H:8])([H:9])[C@:2]([H:4])([H:5])[C@:3]1([H:6])[H:7]
4510 2
[C@@:1]1([H:8])([H:9])[C@:2]([H:4])([H:5])[C@:3]1([H:6])[H:7]
4620 2
[C@@:1]1([H:8])([H:9])[C@:2]([H:4])([H:5])[C@:3]1([H:6])[H:7]
4730 2
[C@@:1]1([H:8])([H:9])[C@:2]([H:4])([H:5])[C@:3]1([H:6])[H:7]
4840 2
[C@@:1]1([H:8])([H:9])[C@:2]([H:4])([H:5])[C@:3]1([H:6])[H:7]
4950 2
[C@@:1]1([H:8])([H:9])[C@:2]([H:4])([H:5])[C@:3]1([H:6])[H:7]
5060 2
[C@@:1]1([H:8])([H:9])[C@:2]([H:4])([H:5])[C@:3]1([H:6])[H:7]
5170 2
[C@@:1]1([H:8])([H:9])[C@:2]([H:4])([H:5])[C@:3]1([H:6])[H:7]
5280 2
[C@@:1]1([H:8])([H:9])[C@:2]([H:4])([H:5])[C@:3]1([H:6])[H:7]
5390 2
[C@@:1]1([H:8])([H:9])[C@:2]([H:4])([H:5])[C@:3]1([H:6])[H:7]
['/groups/kemi/koerstz/opt/xtb/6.1/bin/xtb', '1.xyz', '--opt', 'tight', '--gfn2', '--chrg', '0']
['/groups/kemi/koerstz/opt/xtb/6.1/bin/xtb', '2.xyz', '--opt', 'tight', '--gfn2', '--chrg', '0']
['/groups/kemi/koerstz/opt/xtb/6.1/bin/xtb', 'restart_structure.xyz', '--md', '--input', 'metadyn.inp', '--gfn2', '--chrg', '0']
0 1
[C@@:1]1([H:8])([H:9])[C@:2]([H:4])([H:5])[C@:3]1([H:6])[H:7]
smiles = [C@@:1]1([H:8])([H:9])[C@:2]([H:4])([H:5])[C@:3]1([H:6])[H:7]
110 2
[C@@:1]1([H:8])([H:9])[C@:2]([H:4])([H:5])[C@:3]1([H:6])[H:7]
220 2
[C@@:1]1([H:8])([H:9])[C@:2]([H:4])([H:5])[C@:3]1([H:6])[H:7]
330 2
[C@@:1]1([H:8])([H:9])[C@:2]([H:4])([H:5])[C@:3]1([H:6])[H:7]
440 2
[C@@:1]1([H:8])([H:9])[C@:2]([H:4])([H:5])[C@:3]1([H:6])[H:7]
550 2
[C@@:1]1([H:8])([H:9])[C@:2]([H:4])([H:5])[C@:3]1([H:6])[H:7]
660 2
[C@@:1]1([H:8])([H:9])[C@:2]([H:4])([H:5])[C@:3]1([H:6])[H:7]
770 2
[C@@:1]1([H:8])([H:9])[C@:2]([H:4])([H:5])[C@:3]1([H:6])[H:7]
880 2
[C@@:1]1([H:8])([H:9])[C@:2]([H:4])([H:5])[C@:3]1([H:6])[H:7]
990 2
[C@@:1]1([H:8])([H:9])[C@:2]([H:4])([H:5])[C@:3]1([H:6])[H:7]
1100 2
[C@@:1]1([H:8])([H:9])[C@:2]([H:4])([H:5])[C@:3]1([H:6])[H:7]
1210 2
[C@@:1]1([H:8])([H:9])[C@:2]([H:4])([H:5])[C@:3]1([H:6])[H:7]
1320 2
[C@@:1]1([H:8])([H:9])[C@:2]([H:4])([H:5])[C@:3]1([H:6])[H:7]
1430 2
[C@@:1]1([H:8])([H:9])[C@:2]([H:4])([H:5])[C@:3]1([H:6])[H:7]
1540 2
[C@@:1]1([H:8])([H:9])[C@:2]([H:4])([H:5])[C@:3]1([H:6])[H:7]
1650 2
[C@@:1]1([H:8])([H:9])[C@:2]([H:4])([H:5])[C@:3]1([H:6])[H:7]
1760 2
[C@@:1]1([H:8])([H:9])[C@:2]([H:4])([H:5])[C@:3]1([H:6])[H:7]
1870 2
[C@@:1]1([H:8])([H:9])[C@:2]([H:4])([H:5])[C@:3]1([H:6])[H:7]
1980 2
[C@@:1]1([H:8])([H:9])[C@:2]([H:4])([H:5])[C@:3]1([H:6])[H:7]
2090 2
[C@@:1]1([H:8])([H:9])[C@:2]([H:4])([H:5])[C@:3]1([H:6])[H:7]
2200 2
[C@@:1]1([H:8])([H:9])[C@:2]([H:4])([H:5])[C@:3]1([H:6])[H:7]
2310 2
[C@@:1]1([H:8])([H:9])[C@:2]([H:4])([H:5])[C@:3]1([H:6])[H:7]
2420 2
[C@@:1]1([H:8])([H:9])[C@:2]([H:4])([H:5])[C@:3]1([H:6])[H:7]
2530 2
[C@@:1]1([H:8])([H:9])[C@:2]([H:4])([H:5])[C@:3]1([H:6])[H:7]
2640 2
[C@@:1]1([H:8])([H:9])[C@:2]([H:4])([H:5])[C@:3]1([H:6])[H:7]
2750 2
[C@@:1]1([H:8])([H:9])[C@:2]([H:4])([H:5])[C@:3]1([H:6])[H:7]
2860 2
[C@@:1]1([H:8])([H:9])[C@:2]([H:4])([H:5])[C@:3]1([H:6])[H:7]
2970 2
[C@@:1]1([H:8])([H:9])[C@:2]([H:4])([H:5])[C@:3]1([H:6])[H:7]
3080 2
[C@@:1]1([H:8])([H:9])[C@:2]([H:4])([H:5])[C@:3]1([H:6])[H:7]
3190 2
[C@@:1]1([H:8])([H:9])[C@:2]([H:4])([H:5])[C@:3]1([H:6])[H:7]
3300 2
[C@@:1]1([H:8])([H:9])[C@:2]([H:4])([H:5])[C@:3]1([H:6])[H:7]
3410 2
[C@@:1]1([H:8])([H:9])[C@:2]([H:4])([H:5])[C@:3]1([H:6])[H:7]
3520 2
[C@:1]([C-:2]([H:4])[H:5])([C+:3]([H:6])[H:7])([H:8])[H:9]
smiles =  [C@:1]([C-:2]([H:4])[H:5])([C+:3]([H:6])[H:7])([H:8])[H:9]
3630 3
[C@@:1]1([H:8])([H:9])[C@@:2]([H:4])([H:5])[C@:3]1([H:6])[H:7]
smiles =  [C@@:1]1([H:8])([H:9])[C@@:2]([H:4])([H:5])[C@:3]1([H:6])[H:7]
3740 4
[C@@:1]1([H:8])([H:9])[C@@:2]([H:4])([H:5])[C@:3]1([H:6])[H:7]
3850 4
[C@@:1]1([H:8])([H:9])[C@@:2]([H:4])([H:5])[C@:3]1([H:6])[H:7]
3960 4
[C@@:1]1([H:8])([H:9])[C@@:2]([H:4])([H:5])[C@:3]1([H:6])[H:7]
4070 4
[C@@:1]1([H:8])([H:9])[C@@:2]([H:4])([H:5])[C@:3]1([H:6])[H:7]
4180 4
[C@@:1]1([H:8])([H:9])[C@@:2]([H:4])([H:5])[C@:3]1([H:6])[H:7]
4290 4
[C@@:1]1([H:8])([H:9])[C@@:2]([H:4])([H:5])[C@:3]1([H:6])[H:7]
4400 4
[C@@:1]1([H:8])([H:9])[C@@:2]([H:4])([H:5])[C@:3]1([H:6])[H:7]
4510 4
[C@@:1]1([H:8])([H:9])[C@@:2]([H:4])([H:5])[C@:3]1([H:6])[H:7]
4620 4
[C@@:1]1([H:8])([H:9])[C@@:2]([H:4])([H:5])[C@:3]1([H:6])[H:7]
4730 4
[C@@:1]1([H:8])([H:9])[C@@:2]([H:4])([H:5])[C@:3]1([H:6])[H:7]
4840 4
[C@@:1]1([H:8])([H:9])[C@@:2]([H:4])([H:5])[C@:3]1([H:6])[H:7]
4950 4
[C@@:1]1([H:8])([H:9])[C@@:2]([H:4])([H:5])[C@:3]1([H:6])[H:7]
5060 4
[C@@:1]1([H:8])([H:9])[C@@:2]([H:4])([H:5])[C@:3]1([H:6])[H:7]
5170 4
[C@@:1]1([H:8])([H:9])[C@@:2]([H:4])([H:5])[C@:3]1([H:6])[H:7]
5280 4
[C@@:1]1([H:8])([H:9])[C@@:2]([H:4])([H:5])[C@:3]1([H:6])[H:7]
5390 4
[C@@:1]1([H:8])([H:9])[C@@:2]([H:4])([H:5])[C@:3]1([H:6])[H:7]
['/groups/kemi/koerstz/opt/xtb/6.1/bin/xtb', '1.xyz', '--opt', 'tight', '--gfn2', '--chrg', '0']
['/groups/kemi/koerstz/opt/xtb/6.1/bin/xtb', '2.xyz', '--opt', 'tight', '--gfn2', '--chrg', '0']
['/groups/kemi/koerstz/opt/xtb/6.1/bin/xtb', '3.xyz', '--opt', 'tight', '--gfn2', '--chrg', '0']
['/groups/kemi/koerstz/opt/xtb/6.1/bin/xtb', '4.xyz', '--opt', 'tight', '--gfn2', '--chrg', '0']
['/groups/kemi/koerstz/opt/xtb/6.1/bin/xtb', 'restart_structure.xyz', '--md', '--input', 'metadyn.inp', '--gfn2', '--chrg', '0']
0 1
[C@@:1]1([H:8])([H:9])[C@@:2]([H:4])([H:5])[C@:3]1([H:6])[H:7]
smiles = [C@@:1]1([H:8])([H:9])[C@@:2]([H:4])([H:5])[C@:3]1([H:6])[H:7]
110 2
[C@@:1]1([H:8])([H:9])[C@@:2]([H:4])([H:5])[C@:3]1([H:6])[H:7]
220 2
[C@@:1]1([H:8])([H:9])[C@@:2]([H:4])([H:5])[C@:3]1([H:6])[H:7]
330 2
[C@@:1]1([H:8])([H:9])[C@@:2]([H:4])([H:5])[C@:3]1([H:6])[H:7]
440 2
[C@@:1]1([H:8])([H:9])[C@@:2]([H:4])([H:5])[C@:3]1([H:6])[H:7]
550 2
[C@@:1]1([H:8])([H:9])[C@@:2]([H:4])([H:5])[C@:3]1([H:6])[H:7]
660 2
[C@@:1]1([H:8])([H:9])[C@@:2]([H:4])([H:5])[C@:3]1([H:6])[H:7]
770 2
[C@@:1]1([H:8])([H:9])[C@@:2]([H:4])([H:5])[C@:3]1([H:6])[H:7]
880 2
[C@@:1]1([H:8])([H:9])[C@@:2]([H:4])([H:5])[C@:3]1([H:6])[H:7]
990 2
[C@@:1]1([H:8])([H:9])[C@@:2]([H:4])([H:5])[C@:3]1([H:6])[H:7]
1100 2
[C@@:1]1([H:8])([H:9])[C@@:2]([H:4])([H:5])[C@:3]1([H:6])[H:7]
1210 2
[C@@:1]1([H:8])([H:9])[C@@:2]([H:4])([H:5])[C@:3]1([H:6])[H:7]
1320 2
[C@@:1]1([H:8])([H:9])[C@@:2]([H:4])([H:5])[C@:3]1([H:6])[H:7]
1430 2
[C@@:1]1([H:8])([H:9])[C@@:2]([H:4])([H:5])[C@:3]1([H:6])[H:7]
1540 2
[C@@:1]1([H:8])([H:9])[C@@:2]([H:4])([H:5])[C@:3]1([H:6])[H:7]
1650 2
[C@@:1]1([H:8])([H:9])[C@@:2]([H:4])([H:5])[C@:3]1([H:6])[H:7]
1760 2
[C@@:1]1([H:8])([H:9])[C@@:2]([H:4])([H:5])[C@:3]1([H:6])[H:7]
1870 2
[C@@:1]1([H:8])([H:9])[C@@:2]([H:4])([H:5])[C@:3]1([H:6])[H:7]
1980 2
[C@@:1]1([H:8])([H:9])[C@@:2]([H:4])([H:5])[C@:3]1([H:6])[H:7]
2090 2
[C@@:1]1([H:8])([H:9])[C@@:2]([H:4])([H:5])[C@:3]1([H:6])[H:7]
2200 2
[C@@:1]1([H:8])([H:9])[C@@:2]([H:4])([H:5])[C@:3]1([H:6])[H:7]
2310 2
[C@@:1]1([H:8])([H:9])[C@@:2]([H:4])([H:5])[C@:3]1([H:6])[H:7]
2420 2
[C@@:1]1([H:8])([H:9])[C@@:2]([H:4])([H:5])[C@:3]1([H:6])[H:7]
2530 2
[C@@:1]1([H:8])([H:9])[C@@:2]([H:4])([H:5])[C@:3]1([H:6])[H:7]
2640 2
[C@@:1]1([H:8])([H:9])[C@@:2]([H:4])([H:5])[C@:3]1([H:6])[H:7]
2750 2
[C@@:1]1([H:8])([H:9])[C@@:2]([H:4])([H:5])[C@:3]1([H:6])[H:7]
2860 2
[C@@:1]1([H:8])([H:9])[C@@:2]([H:4])([H:5])[C@:3]1([H:6])[H:7]
2970 2
[C@@:1]1([H:8])([H:9])[C@@:2]([H:4])([H:5])[C@:3]1([H:6])[H:7]
3080 2
[C@@:1]1([H:8])([H:9])[C@@:2]([H:4])([H:5])[C@:3]1([H:6])[H:7]
3190 2
[C@@:1]1([H:8])([H:9])[C@@:2]([H:4])([H:5])[C@:3]1([H:6])[H:7]
3300 2
[C@@:1]1([H:8])([H:9])[C@@:2]([H:4])([H:5])[C@:3]1([H:6])[H:7]
3410 2
[C@@:1]1([H:8])([H:9])[C@@:2]([H:4])([H:5])[C@:3]1([H:6])[H:7]
3520 2
[C@@:1]1([H:8])([H:9])[C@@:2]([H:4])([H:5])[C@:3]1([H:6])[H:7]
3630 2
[C@@:1]1([H:8])([H:9])[C@@:2]([H:4])([H:5])[C@:3]1([H:6])[H:7]
3740 2
[C@@:1]1([H:8])([H:9])[C@@:2]([H:4])([H:5])[C@:3]1([H:6])[H:7]
3850 2
[C@@:1]1([H:8])([H:9])[C@@:2]([H:4])([H:5])[C@:3]1([H:6])[H:7]
3960 2
[C@@:1]1([H:8])([H:9])[C@@:2]([H:4])([H:5])[C@:3]1([H:6])[H:7]
4070 2
[C@@:1]1([H:8])([H:9])[C@@:2]([H:4])([H:5])[C@:3]1([H:6])[H:7]
4180 2
[C@@:1]1([H:8])([H:9])[C@@:2]([H:4])([H:5])[C@:3]1([H:6])[H:7]
4290 2
[C@@:1]1([H:8])([H:9])[C@@:2]([H:4])([H:5])[C@:3]1([H:6])[H:7]
4400 2
[C@@:1]1([H:8])([H:9])[C@@:2]([H:4])([H:5])[C@:3]1([H:6])[H:7]
4510 2
[C@@:1]1([H:8])([H:9])[C@@:2]([H:4])([H:5])[C@:3]1([H:6])[H:7]
4620 2
[C@@:1]1([H:8])([H:9])[C@@:2]([H:4])([H:5])[C@:3]1([H:6])[H:7]
4730 2
[C@@:1]1([H:8])([H:9])[C@@:2]([H:4])([H:5])[C@:3]1([H:6])[H:7]
4840 2
[C@@:1]1([H:8])([H:9])[C@@:2]([H:4])([H:5])[C@:3]1([H:6])[H:7]
4950 2
[C@@:1]1([H:8])([H:9])[C@@:2]([H:4])([H:5])[C@:3]1([H:6])[H:7]
5060 2
[C@@:1]1([H:8])([H:9])[C@@:2]([H:4])([H:5])[C@:3]1([H:6])[H:7]
5170 2
[C@@:1]1([H:8])([H:9])[C@@:2]([H:4])([H:5])[C@:3]1([H:6])[H:7]
5280 2
[C@@:1]1([H:8])([H:9])[C@@:2]([H:4])([H:5])[C@:3]1([H:6])[H:7]
5390 2
[C@@:1]1([H:8])([H:9])[C@@:2]([H:4])([H:5])[C@:3]1([H:6])[H:7]
['/groups/kemi/koerstz/opt/xtb/6.1/bin/xtb', '1.xyz', '--opt', 'tight', '--gfn2', '--chrg', '0']
['/groups/kemi/koerstz/opt/xtb/6.1/bin/xtb', '2.xyz', '--opt', 'tight', '--gfn2', '--chrg', '0']
['/groups/kemi/koerstz/opt/xtb/6.1/bin/xtb', 'restart_structure.xyz', '--md', '--input', 'metadyn.inp', '--gfn2', '--chrg', '0']
0 1
[C@@:1]1([H:8])([H:9])[C@@:2]([H:4])([H:5])[C@:3]1([H:6])[H:7]
smiles = [C@@:1]1([H:8])([H:9])[C@@:2]([H:4])([H:5])[C@:3]1([H:6])[H:7]
110 2
[C@@:1]1([H:8])([H:9])[C@@:2]([H:4])([H:5])[C@:3]1([H:6])[H:7]
220 2
[C@@:1]1([H:8])([H:9])[C@@:2]([H:4])([H:5])[C@:3]1([H:6])[H:7]
330 2
[C@@:1]1([H:8])([H:9])[C@@:2]([H:4])([H:5])[C@:3]1([H:6])[H:7]
440 2
[C@@:1]1([H:8])([H:9])[C@@:2]([H:4])([H:5])[C@:3]1([H:6])[H:7]
550 2
[C@@:1]1([H:8])([H:9])[C@@:2]([H:4])([H:5])[C@:3]1([H:6])[H:7]
660 2
[C@@:1]1([H:8])([H:9])[C@@:2]([H:4])([H:5])[C@:3]1([H:6])[H:7]
770 2
[C@@:1]1([H:8])([H:9])[C@@:2]([H:4])([H:5])[C@:3]1([H:6])[H:7]
880 2
[C@@:1]1([H:8])([H:9])[C@@:2]([H:4])([H:5])[C@:3]1([H:6])[H:7]
990 2
[C@@:1]1([H:8])([H:9])[C@@:2]([H:4])([H:5])[C@:3]1([H:6])[H:7]
1100 2
[C@@:1]1([H:8])([H:9])[C@@:2]([H:4])([H:5])[C@:3]1([H:6])[H:7]
1210 2
[C@@:1]1([H:8])([H:9])[C@@:2]([H:4])([H:5])[C@:3]1([H:6])[H:7]
1320 2
[C@@:1]1([H:8])([H:9])[C@@:2]([H:4])([H:5])[C@:3]1([H:6])[H:7]
1430 2
[C@@:1]1([H:8])([H:9])[C@@:2]([H:4])([H:5])[C@:3]1([H:6])[H:7]
1540 2
[C@@:1]1([H:8])([H:9])[C@@:2]([H:4])([H:5])[C@:3]1([H:6])[H:7]
1650 2
[C@@:1]1([H:8])([H:9])[C@@:2]([H:4])([H:5])[C@:3]1([H:6])[H:7]
1760 2
[C@@:1]1([H:8])([H:9])[C@@:2]([H:4])([H:5])[C@:3]1([H:6])[H:7]
1870 2
[C@@:1]1([H:8])([H:9])[C@@:2]([H:4])([H:5])[C@:3]1([H:6])[H:7]
1980 2
[C@@:1]1([H:8])([H:9])[C@@:2]([H:4])([H:5])[C@:3]1([H:6])[H:7]
2090 2
[C@@:1]1([H:8])([H:9])[C@@:2]([H:4])([H:5])[C@:3]1([H:6])[H:7]
2200 2
[C@@:1]1([H:8])([H:9])[C@@:2]([H:4])([H:5])[C@:3]1([H:6])[H:7]
2310 2
[C@@:1]1([H:8])([H:9])[C@@:2]([H:4])([H:5])[C@:3]1([H:6])[H:7]
2420 2
[C@@:1]1([H:8])([H:9])[C@@:2]([H:4])([H:5])[C@:3]1([H:6])[H:7]
2530 2
[C@@:1]1([H:8])([H:9])[C@@:2]([H:4])([H:5])[C@:3]1([H:6])[H:7]
2640 2
[C@@:1]1([H:8])([H:9])[C@@:2]([H:4])([H:5])[C@:3]1([H:6])[H:7]
2750 2
[C@@:1]1([H:8])([H:9])[C@@:2]([H:4])([H:5])[C@:3]1([H:6])[H:7]
2860 2
[C@@:1]1([H:8])([H:9])[C@@:2]([H:4])([H:5])[C@:3]1([H:6])[H:7]
2970 2
[C@@:1]1([H:8])([H:9])[C@@:2]([H:4])([H:5])[C@:3]1([H:6])[H:7]
3080 2
[C@@:1]1([H:8])([H:9])[C@@:2]([H:4])([H:5])[C@:3]1([H:6])[H:7]
3190 2
[C@@:1]1([H:8])([H:9])[C@@:2]([H:4])([H:5])[C@:3]1([H:6])[H:7]
3300 2
[C@@:1]1([H:8])([H:9])[C@@:2]([H:4])([H:5])[C@:3]1([H:6])[H:7]
3410 2
[C@@:1]1([H:8])([H:9])[C@@:2]([H:4])([H:5])[C@:3]1([H:6])[H:7]
3520 2
[C@@:1]1([H:8])([H:9])[C@@:2]([H:4])([H:5])[C@:3]1([H:6])[H:7]
3630 2
[C@@:1]1([H:8])([H:9])[C@@:2]([H:4])([H:5])[C@:3]1([H:6])[H:7]
3740 2
[C@@:1]1([H:8])([H:9])[C@@:2]([H:4])([H:5])[C@:3]1([H:6])[H:7]
3850 2
[C@@:1]1([H:8])([H:9])[C@@:2]([H:4])([H:5])[C@:3]1([H:6])[H:7]
3960 2
[C@@:1]1([H:8])([H:9])[C@@:2]([H:4])([H:5])[C@:3]1([H:6])[H:7]
4070 2
[C@@:1]1([H:8])([H:9])[C@@:2]([H:4])([H:5])[C@:3]1([H:6])[H:7]
4180 2
[C@@:1]1([H:8])([H:9])[C@@:2]([H:4])([H:5])[C@:3]1([H:6])[H:7]
4290 2
[C@@:1]1([H:8])([H:9])[C@@:2]([H:4])([H:5])[C@:3]1([H:6])[H:7]
4400 2
[C@@:1]1([H:8])([H:9])[C@@:2]([H:4])([H:5])[C@:3]1([H:6])[H:7]
4510 2
[C@@:1]1([H:8])([H:9])[C@@:2]([H:4])([H:5])[C@:3]1([H:6])[H:7]
4620 2
[C@@:1]1([H:8])([H:9])[C@@:2]([H:4])([H:5])[C@:3]1([H:6])[H:7]
4730 2
[C@@:1]1([H:8])([H:9])[C@@:2]([H:4])([H:5])[C@:3]1([H:6])[H:7]
4840 2
[C@@:1]1([H:8])([H:9])[C@@:2]([H:4])([H:5])[C@:3]1([H:6])[H:7]
4950 2
[C@@:1]1([H:8])([H:9])[C@@:2]([H:4])([H:5])[C@:3]1([H:6])[H:7]
5060 2
[C@@:1]1([H:8])([H:9])[C@@:2]([H:4])([H:5])[C@:3]1([H:6])[H:7]
5170 2
[C@@:1]1([H:8])([H:9])[C@@:2]([H:4])([H:5])[C@:3]1([H:6])[H:7]
5280 2
[C@@:1]1([H:8])([H:9])[C@@:2]([H:4])([H:5])[C@:3]1([H:6])[H:7]
5390 2
[C@@:1]1([H:8])([H:9])[C@@:2]([H:4])([H:5])[C@:3]1([H:6])[H:7]
['/groups/kemi/koerstz/opt/xtb/6.1/bin/xtb', '1.xyz', '--opt', 'tight', '--gfn2', '--chrg', '0']
['/groups/kemi/koerstz/opt/xtb/6.1/bin/xtb', '2.xyz', '--opt', 'tight', '--gfn2', '--chrg', '0']
['/groups/kemi/koerstz/opt/xtb/6.1/bin/xtb', 'restart_structure.xyz', '--md', '--input', 'metadyn.inp', '--gfn2', '--chrg', '0']
0 1
[C@@:1]1([H:8])([H:9])[C@@:2]([H:4])([H:5])[C@:3]1([H:6])[H:7]
smiles = [C@@:1]1([H:8])([H:9])[C@@:2]([H:4])([H:5])[C@:3]1([H:6])[H:7]
110 2
[C@@:1]1([H:8])([H:9])[C@@:2]([H:4])([H:5])[C@:3]1([H:6])[H:7]
220 2
[C@@:1]1([H:8])([H:9])[C@@:2]([H:4])([H:5])[C@:3]1([H:6])[H:7]
330 2
[C@@:1]1([H:8])([H:9])[C@@:2]([H:4])([H:5])[C@:3]1([H:6])[H:7]
440 2
[C@@:1]1([H:8])([H:9])[C@@:2]([H:4])([H:5])[C@:3]1([H:6])[H:7]
550 2
[C@@:1]1([H:8])([H:9])[C@@:2]([H:4])([H:5])[C@:3]1([H:6])[H:7]
660 2
[C@@:1]1([H:8])([H:9])[C@@:2]([H:4])([H:5])[C@:3]1([H:6])[H:7]
770 2
[C@@:1]1([H:8])([H:9])[C@@:2]([H:4])([H:5])[C@:3]1([H:6])[H:7]
880 2
[C@@:1]1([H:8])([H:9])[C@@:2]([H:4])([H:5])[C@:3]1([H:6])[H:7]
990 2
[C@@:1]1([H:8])([H:9])[C@@:2]([H:4])([H:5])[C@:3]1([H:6])[H:7]
1100 2
[C@@:1]1([H:8])([H:9])[C@@:2]([H:4])([H:5])[C@:3]1([H:6])[H:7]
1210 2
[C@@:1]1([H:8])([H:9])[C@@:2]([H:4])([H:5])[C@:3]1([H:6])[H:7]
1320 2
[C-:1]([C@@:2]([C+:3]([H:6])[H:7])([H:4])[H:5])([H:8])[H:9]
smiles =  [C-:1]([C@@:2]([C+:3]([H:6])[H:7])([H:4])[H:5])([H:8])[H:9]
1430 3
[C@:1]1([H:8])([H:9])[C@@:2]([H:4])([H:5])[C@:3]1([H:6])[H:7]
smiles =  [C@:1]1([H:8])([H:9])[C@@:2]([H:4])([H:5])[C@:3]1([H:6])[H:7]
1540 4
[C@:1]1([H:8])([H:9])[C@@:2]([H:4])([H:5])[C@:3]1([H:6])[H:7]
1650 4
[C@:1]1([H:8])([H:9])[C@@:2]([H:4])([H:5])[C@:3]1([H:6])[H:7]
1760 4
[C@:1]1([H:8])([H:9])[C@@:2]([H:4])([H:5])[C@:3]1([H:6])[H:7]
1870 4
[C@:1]1([H:8])([H:9])[C@@:2]([H:4])([H:5])[C@:3]1([H:6])[H:7]
1980 4
[C@:1]1([H:8])([H:9])[C@@:2]([H:4])([H:5])[C@:3]1([H:6])[H:7]
2090 4
[C@:1]1([H:8])([H:9])[C@@:2]([H:4])([H:5])[C@:3]1([H:6])[H:7]
2200 4
[C@:1]1([H:8])([H:9])[C@@:2]([H:4])([H:5])[C@:3]1([H:6])[H:7]
2310 4
[C@:1]1([H:8])([H:9])[C@@:2]([H:4])([H:5])[C@:3]1([H:6])[H:7]
2420 4
[C@:1]1([H:8])([H:9])[C@@:2]([H:4])([H:5])[C@:3]1([H:6])[H:7]
2530 4
[C@:1]1([H:8])([H:9])[C@@:2]([H:4])([H:5])[C@:3]1([H:6])[H:7]
2640 4
[C@:1]1([H:8])([H:9])[C@@:2]([H:4])([H:5])[C@:3]1([H:6])[H:7]
2750 4
[C@:1]1([H:8])([H:9])[C@@:2]([H:4])([H:5])[C@:3]1([H:6])[H:7]
2860 4
[C@:1]1([H:8])([H:9])[C@@:2]([H:4])([H:5])[C@:3]1([H:6])[H:7]
2970 4
[C@:1]1([H:8])([H:9])[C@@:2]([H:4])([H:5])[C@:3]1([H:6])[H:7]
3080 4
[C@:1]1([H:8])([H:9])[C@@:2]([H:4])([H:5])[C@:3]1([H:6])[H:7]
3190 4
[C@:1]1([H:8])([H:9])[C@@:2]([H:4])([H:5])[C@:3]1([H:6])[H:7]
3300 4
[C@:1]1([H:8])([H:9])[C@@:2]([H:4])([H:5])[C@:3]1([H:6])[H:7]
3410 4
[C@:1]1([H:8])([H:9])[C@@:2]([H:4])([H:5])[C@:3]1([H:6])[H:7]
3520 4
[C@:1]1([H:8])([H:9])[C@@:2]([H:4])([H:5])[C@:3]1([H:6])[H:7]
3630 4
[C@:1]1([H:8])([H:9])[C@@:2]([H:4])([H:5])[C@:3]1([H:6])[H:7]
3740 4
[C@:1]1([H:8])([H:9])[C@@:2]([H:4])([H:5])[C@:3]1([H:6])[H:7]
3850 4
[C@:1]1([H:8])([H:9])[C@@:2]([H:4])([H:5])[C@:3]1([H:6])[H:7]
3960 4
[C@:1]1([H:8])([H:9])[C@@:2]([H:4])([H:5])[C@:3]1([H:6])[H:7]
4070 4
[C@:1]1([H:8])([H:9])[C@@:2]([H:4])([H:5])[C@:3]1([H:6])[H:7]
4180 4
[C@:1]1([H:8])([H:9])[C@@:2]([H:4])([H:5])[C@:3]1([H:6])[H:7]
4290 4
[C@:1]1([H:8])([H:9])[C@@:2]([H:4])([H:5])[C@:3]1([H:6])[H:7]
4400 4
[C@:1]1([H:8])([H:9])[C@@:2]([H:4])([H:5])[C@:3]1([H:6])[H:7]
4510 4
[C@:1]1([H:8])([H:9])[C@@:2]([H:4])([H:5])[C@:3]1([H:6])[H:7]
4620 4
[C@:1]1([H:8])([H:9])[C@@:2]([H:4])([H:5])[C@:3]1([H:6])[H:7]
4730 4
[C@:1]1([H:8])([H:9])[C@@:2]([H:4])([H:5])[C@:3]1([H:6])[H:7]
4840 4
[C@:1]1([H:8])([H:9])[C@@:2]([H:4])([H:5])[C@:3]1([H:6])[H:7]
4950 4
[C@:1]1([H:8])([H:9])[C@@:2]([H:4])([H:5])[C@:3]1([H:6])[H:7]
5060 4
[C@:1]1([H:8])([H:9])[C@@:2]([H:4])([H:5])[C@:3]1([H:6])[H:7]
5170 4
[C@:1]1([H:8])([H:9])[C@@:2]([H:4])([H:5])[C@:3]1([H:6])[H:7]
5280 4
[C@:1]1([H:8])([H:9])[C@@:2]([H:4])([H:5])[C@:3]1([H:6])[H:7]
5390 4
[C@:1]1([H:8])([H:9])[C@@:2]([H:4])([H:5])[C@:3]1([H:6])[H:7]
['/groups/kemi/koerstz/opt/xtb/6.1/bin/xtb', '1.xyz', '--opt', 'tight', '--gfn2', '--chrg', '0']
['/groups/kemi/koerstz/opt/xtb/6.1/bin/xtb', '2.xyz', '--opt', 'tight', '--gfn2', '--chrg', '0']
['/groups/kemi/koerstz/opt/xtb/6.1/bin/xtb', '3.xyz', '--opt', 'tight', '--gfn2', '--chrg', '0']
['/groups/kemi/koerstz/opt/xtb/6.1/bin/xtb', '4.xyz', '--opt', 'tight', '--gfn2', '--chrg', '0']
['/groups/kemi/koerstz/opt/xtb/6.1/bin/xtb', 'restart_structure.xyz', '--md', '--input', 'metadyn.inp', '--gfn2', '--chrg', '0']
0 1
[C@:1]1([H:8])([H:9])[C@@:2]([H:4])([H:5])[C@:3]1([H:6])[H:7]
smiles = [C@:1]1([H:8])([H:9])[C@@:2]([H:4])([H:5])[C@:3]1([H:6])[H:7]
110 2
[C@:1]1([H:8])([H:9])[C@@:2]([H:4])([H:5])[C@:3]1([H:6])[H:7]
220 2
[C@:1]1([H:8])([H:9])[C@@:2]([H:4])([H:5])[C@:3]1([H:6])[H:7]
330 2
[C@:1]1([H:8])([H:9])[C@@:2]([H:4])([H:5])[C@:3]1([H:6])[H:7]
440 2
[C@:1]1([H:8])([H:9])[C@@:2]([H:4])([H:5])[C@:3]1([H:6])[H:7]
550 2
[C@:1]1([H:8])([H:9])[C@@:2]([H:4])([H:5])[C@:3]1([H:6])[H:7]
660 2
[C@:1]1([H:8])([H:9])[C@@:2]([H:4])([H:5])[C@:3]1([H:6])[H:7]
770 2
[C@:1]1([H:8])([H:9])[C@@:2]([H:4])([H:5])[C@:3]1([H:6])[H:7]
880 2
[C@:1]1([H:8])([H:9])[C@@:2]([H:4])([H:5])[C@:3]1([H:6])[H:7]
990 2
[C@:1]1([H:8])([H:9])[C@@:2]([H:4])([H:5])[C@:3]1([H:6])[H:7]
1100 2
[C@:1]1([H:8])([H:9])[C@@:2]([H:4])([H:5])[C@:3]1([H:6])[H:7]
1210 2
[C@:1]1([H:8])([H:9])[C@@:2]([H:4])([H:5])[C@:3]1([H:6])[H:7]
1320 2
[C@:1]1([H:8])([H:9])[C@@:2]([H:4])([H:5])[C@:3]1([H:6])[H:7]
1430 2
[C@:1]1([H:8])([H:9])[C@@:2]([H:4])([H:5])[C@:3]1([H:6])[H:7]
1540 2
[C@:1]1([H:8])([H:9])[C@@:2]([H:4])([H:5])[C@:3]1([H:6])[H:7]
1650 2
[C@:1]1([H:8])([H:9])[C@@:2]([H:4])([H:5])[C@:3]1([H:6])[H:7]
1760 2
[C@:1]1([H:8])([H:9])[C@@:2]([H:4])([H:5])[C@:3]1([H:6])[H:7]
1870 2
[C@:1]1([H:8])([H:9])[C@@:2]([H:4])([H:5])[C@:3]1([H:6])[H:7]
1980 2
[C@:1]1([H:8])([H:9])[C@@:2]([H:4])([H:5])[C@:3]1([H:6])[H:7]
2090 2
[C@:1]1([H:8])([H:9])[C@@:2]([H:4])([H:5])[C@:3]1([H:6])[H:7]
2200 2
[C@:1]1([H:8])([H:9])[C@@:2]([H:4])([H:5])[C@:3]1([H:6])[H:7]
2310 2
[C@:1]1([H:8])([H:9])[C@@:2]([H:4])([H:5])[C@:3]1([H:6])[H:7]
2420 2
[C@:1]1([H:8])([H:9])[C@@:2]([H:4])([H:5])[C@:3]1([H:6])[H:7]
2530 2
[C@:1]1([H:8])([H:9])[C@@:2]([H:4])([H:5])[C@:3]1([H:6])[H:7]
2640 2
[C@:1]1([H:8])([H:9])[C@@:2]([H:4])([H:5])[C@:3]1([H:6])[H:7]
2750 2
[C@:1]1([H:8])([H:9])[C@@:2]([H:4])([H:5])[C@:3]1([H:6])[H:7]
2860 2
[C@:1]1([H:8])([H:9])[C@@:2]([H:4])([H:5])[C@:3]1([H:6])[H:7]
2970 2
[C@:1]1([H:8])([H:9])[C@@:2]([H:4])([H:5])[C@:3]1([H:6])[H:7]
3080 2
[C@:1]1([H:8])([H:9])[C@@:2]([H:4])([H:5])[C@:3]1([H:6])[H:7]
3190 2
[C@:1]1([H:8])([H:9])[C@@:2]([H:4])([H:5])[C@:3]1([H:6])[H:7]
3300 2
[C@:1]1([H:8])([H:9])[C@@:2]([H:4])([H:5])[C@:3]1([H:6])[H:7]
3410 2
[C@:1]1([H:8])([H:9])[C@@:2]([H:4])([H:5])[C@:3]1([H:6])[H:7]
3520 2
[C@:1]1([H:8])([H:9])[C@@:2]([H:4])([H:5])[C@:3]1([H:6])[H:7]
3630 2
[C@:1]1([H:8])([H:9])[C@@:2]([H:4])([H:5])[C@:3]1([H:6])[H:7]
3740 2
[C@:1]1([H:8])([H:9])[C@@:2]([H:4])([H:5])[C@:3]1([H:6])[H:7]
3850 2
[C@:1]1([H:8])([H:9])[C@@:2]([H:4])([H:5])[C@:3]1([H:6])[H:7]
3960 2
[C@:1]1([H:8])([H:9])[C@@:2]([H:4])([H:5])[C@:3]1([H:6])[H:7]
4070 2
[C@:1]1([H:8])([H:9])[C@@:2]([H:4])([H:5])[C@:3]1([H:6])[H:7]
4180 2
[C@:1]1([H:8])([H:9])[C@@:2]([H:4])([H:5])[C@:3]1([H:6])[H:7]
4290 2
[C@:1]1([H:8])([H:9])[C@@:2]([H:4])([H:5])[C@:3]1([H:6])[H:7]
4400 2
[C@:1]1([H:8])([H:9])[C@@:2]([H:4])([H:5])[C@:3]1([H:6])[H:7]
4510 2
[C@:1]1([H:8])([H:9])[C@@:2]([H:4])([H:5])[C@:3]1([H:6])[H:7]
4620 2
[C@:1]1([H:8])([H:9])[C@@:2]([H:4])([H:5])[C@:3]1([H:6])[H:7]
4730 2
[C@:1]1([H:8])([H:9])[C@@:2]([H:4])([H:5])[C@:3]1([H:6])[H:7]
4840 2
[C@:1]1([H:8])([H:9])[C@@:2]([H:4])([H:5])[C@:3]1([H:6])[H:7]
4950 2
[C@:1]1([H:8])([H:9])[C@@:2]([H:4])([H:5])[C@:3]1([H:6])[H:7]
5060 2
[C@:1]1([H:8])([H:9])[C@@:2]([H:4])([H:5])[C@:3]1([H:6])[H:7]
5170 2
[C@:1]1([H:8])([H:9])[C@@:2]([H:4])([H:5])[C@:3]1([H:6])[H:7]
5280 2
[C@:1]1([H:8])([H:9])[C@@:2]([H:4])([H:5])[C@:3]1([H:6])[H:7]
5390 2
[C@:1]1([H:8])([H:9])[C@@:2]([H:4])([H:5])[C@:3]1([H:6])[H:7]
['/groups/kemi/koerstz/opt/xtb/6.1/bin/xtb', '1.xyz', '--opt', 'tight', '--gfn2', '--chrg', '0']
['/groups/kemi/koerstz/opt/xtb/6.1/bin/xtb', '2.xyz', '--opt', 'tight', '--gfn2', '--chrg', '0']
['/groups/kemi/koerstz/opt/xtb/6.1/bin/xtb', 'restart_structure.xyz', '--md', '--input', 'metadyn.inp', '--gfn2', '--chrg', '0']
0 1
[C@:1]1([H:8])([H:9])[C@@:2]([H:4])([H:5])[C@:3]1([H:6])[H:7]
smiles = [C@:1]1([H:8])([H:9])[C@@:2]([H:4])([H:5])[C@:3]1([H:6])[H:7]
110 2
[C@:1]1([H:8])([H:9])[C@@:2]([H:4])([H:5])[C@:3]1([H:6])[H:7]
220 2
[C@:1]1([H:8])([H:9])[C@@:2]([H:4])([H:5])[C@:3]1([H:6])[H:7]
330 2
[C@:1]1([H:8])([H:9])[C@@:2]([H:4])([H:5])[C@:3]1([H:6])[H:7]
440 2
[C@:1]1([H:8])([H:9])[C@@:2]([H:4])([H:5])[C@:3]1([H:6])[H:7]
550 2
[C@:1]1([H:8])([H:9])[C@@:2]([H:4])([H:5])[C@:3]1([H:6])[H:7]
660 2
[C@:1]1([H:8])([H:9])[C@@:2]([H:4])([H:5])[C@:3]1([H:6])[H:7]
770 2
[C@:1]1([H:8])([H:9])[C@@:2]([H:4])([H:5])[C@:3]1([H:6])[H:7]
880 2
[C@:1]1([H:8])([H:9])[C@@:2]([H:4])([H:5])[C@:3]1([H:6])[H:7]
990 2
[C@:1]1([H:8])([H:9])[C@@:2]([H:4])([H:5])[C@:3]1([H:6])[H:7]
1100 2
[C@:1]1([H:8])([H:9])[C@@:2]([H:4])([H:5])[C@:3]1([H:6])[H:7]
1210 2
[C@:1]1([H:8])([H:9])[C@@:2]([H:4])([H:5])[C@:3]1([H:6])[H:7]
1320 2
[C@:1]1([H:8])([H:9])[C@@:2]([H:4])([H:5])[C@:3]1([H:6])[H:7]
1430 2
[C@:1]1([H:8])([H:9])[C@@:2]([H:4])([H:5])[C@:3]1([H:6])[H:7]
1540 2
[C@:1]1([H:8])([H:9])[C@@:2]([H:4])([H:5])[C@:3]1([H:6])[H:7]
1650 2
[C@:1]1([H:8])([H:9])[C@@:2]([H:4])([H:5])[C@:3]1([H:6])[H:7]
1760 2
[C@:1]1([H:8])([H:9])[C@@:2]([H:4])([H:5])[C@:3]1([H:6])[H:7]
1870 2
[C@:1]1([H:8])([H:9])[C@@:2]([H:4])([H:5])[C@:3]1([H:6])[H:7]
1980 2
[C@:1]1([H:8])([H:9])[C@@:2]([H:4])([H:5])[C@:3]1([H:6])[H:7]
2090 2
[C@:1]1([H:8])([H:9])[C@@:2]([H:4])([H:5])[C@:3]1([H:6])[H:7]
2200 2
[C@:1]1([H:8])([H:9])[C@@:2]([H:4])([H:5])[C@:3]1([H:6])[H:7]
2310 2
[C@:1]1([H:8])([H:9])[C@@:2]([H:4])([H:5])[C@:3]1([H:6])[H:7]
2420 2
[C@:1]1([H:8])([H:9])[C@@:2]([H:4])([H:5])[C@:3]1([H:6])[H:7]
2530 2
[C@:1]1([H:8])([H:9])[C@@:2]([H:4])([H:5])[C@:3]1([H:6])[H:7]
2640 2
[C@:1]1([H:8])([H:9])[C@@:2]([H:4])([H:5])[C@:3]1([H:6])[H:7]
2750 2
[C@:1]1([H:8])([H:9])[C@@:2]([H:4])([H:5])[C@:3]1([H:6])[H:7]
2860 2
[C@:1]1([H:8])([H:9])[C@@:2]([H:4])([H:5])[C@:3]1([H:6])[H:7]
2970 2
[C@:1]1([H:8])([H:9])[C@@:2]([H:4])([H:5])[C@:3]1([H:6])[H:7]
3080 2
[C@:1]1([H:8])([H:9])[C@@:2]([H:4])([H:5])[C@:3]1([H:6])[H:7]
3190 2
[C@:1]1([H:8])([H:9])[C@@:2]([H:4])([H:5])[C@:3]1([H:6])[H:7]
3300 2
[C@@:1]([C-:2]([H:4])[H:5])([C+:3]([H:6])[H:7])([H:8])[H:9]
smiles =  [C@@:1]([C-:2]([H:4])[H:5])([C+:3]([H:6])[H:7])([H:8])[H:9]
3410 3
[C@@:1]([C-:2]([H:4])[H:5])([C+:3]([H:6])[H:7])([H:8])[H:9]
3520 3
[C@:1]1([H:8])([H:9])[C@@:2]([H:4])([H:5])[C@@:3]1([H:6])[H:7]
smiles =  [C@:1]1([H:8])([H:9])[C@@:2]([H:4])([H:5])[C@@:3]1([H:6])[H:7]
3630 4
[C@:1]1([H:8])([H:9])[C@@:2]([H:4])([H:5])[C@@:3]1([H:6])[H:7]
3740 4
[C@:1]1([H:8])([H:9])[C@@:2]([H:4])([H:5])[C@@:3]1([H:6])[H:7]
3850 4
[C@:1]1([H:8])([H:9])[C@@:2]([H:4])([H:5])[C@@:3]1([H:6])[H:7]
3960 4
[C@:1]1([H:8])([H:9])[C@@:2]([H:4])([H:5])[C@@:3]1([H:6])[H:7]
4070 4
[C@:1]1([H:8])([H:9])[C@@:2]([H:4])([H:5])[C@@:3]1([H:6])[H:7]
4180 4
[C@:1]1([H:8])([H:9])[C@@:2]([H:4])([H:5])[C@@:3]1([H:6])[H:7]
4290 4
[C@:1]1([H:8])([H:9])[C@@:2]([H:4])([H:5])[C@@:3]1([H:6])[H:7]
4400 4
[C@:1]1([H:8])([H:9])[C@@:2]([H:4])([H:5])[C@@:3]1([H:6])[H:7]
4510 4
[C@:1]1([H:8])([H:9])[C@@:2]([H:4])([H:5])[C@@:3]1([H:6])[H:7]
4620 4
[C@:1]1([H:8])([H:9])[C@@:2]([H:4])([H:5])[C@@:3]1([H:6])[H:7]
4730 4
[C@:1]1([H:8])([H:9])[C@@:2]([H:4])([H:5])[C@@:3]1([H:6])[H:7]
4840 4
[C@:1]1([H:8])([H:9])[C@@:2]([H:4])([H:5])[C@@:3]1([H:6])[H:7]
4950 4
[C@:1]1([H:8])([H:9])[C@@:2]([H:4])([H:5])[C@@:3]1([H:6])[H:7]
5060 4
[C@:1]1([H:8])([H:9])[C@@:2]([H:4])([H:5])[C@@:3]1([H:6])[H:7]
5170 4
[C@:1]1([H:8])([H:9])[C@@:2]([H:4])([H:5])[C@@:3]1([H:6])[H:7]
5280 4
[C@:1]1([H:8])([H:9])[C@@:2]([H:4])([H:5])[C@@:3]1([H:6])[H:7]
5390 4
[C@:1]1([H:8])([H:9])[C@@:2]([H:4])([H:5])[C@@:3]1([H:6])[H:7]
['/groups/kemi/koerstz/opt/xtb/6.1/bin/xtb', '1.xyz', '--opt', 'tight', '--gfn2', '--chrg', '0']
['/groups/kemi/koerstz/opt/xtb/6.1/bin/xtb', '2.xyz', '--opt', 'tight', '--gfn2', '--chrg', '0']
['/groups/kemi/koerstz/opt/xtb/6.1/bin/xtb', '3.xyz', '--opt', 'tight', '--gfn2', '--chrg', '0']
['/groups/kemi/koerstz/opt/xtb/6.1/bin/xtb', '4.xyz', '--opt', 'tight', '--gfn2', '--chrg', '0']
change in AC: stopping
run0/structure_database/
run0/structure_database/structure_database.csv
run0/structure_database/xyz_files/
run0/structure_database/xyz_files/00a49aa3b451d5f0348c6aa05aa9daa9bad9e4dd.xyz
run0/structure_database/xyz_files/7f243174670faec2ae17701ffda43f7e93901d53.xyz
run0/structure_database/xyz_files/baf9a54f16f0fc6c22e3a165f9edaa0f897a4080.xyz
run0/structure_database/xyz_files/496af88f797b42a3cbe686752b2db7f1f8382b3c.xyz
run0/structure_database/xyz_files/23d7d09a889e0db063abaadaada9022550d1ac21.xyz
run0/
run0/md/
run0/md/wbo
run0/md/0.xyz
run0/md/xtbopt.log
run0/md/md.inp
run0/md/xtbmdok
run0/md/mdrestart
run0/md/run.out
run0/md/scoord.1
run0/md/0.6_md.xyz
run0/md/nul
run0/md/xtb.trj
run0/md/xtbrestart
run0/md/.xtboptok
run0/md/md_out.log
run0/md/xtbopt.xyz
run0/md/charges
run0/structure_database/
run0/structure_database/structure_database.csv
run0/structure_database/xyz_files/
run0/structure_database/xyz_files/00a49aa3b451d5f0348c6aa05aa9daa9bad9e4dd.xyz
run0/structure_database/xyz_files/7f243174670faec2ae17701ffda43f7e93901d53.xyz
run0/structure_database/xyz_files/baf9a54f16f0fc6c22e3a165f9edaa0f897a4080.xyz
run0/structure_database/xyz_files/496af88f797b42a3cbe686752b2db7f1f8382b3c.xyz
run0/structure_database/xyz_files/23d7d09a889e0db063abaadaada9022550d1ac21.xyz
run0/0.6_md.xyz
run0/dataframe.pkl
run0/metadynamics/
run0/metadynamics/xtb_0.trj
run0/metadynamics/wbo
run0/metadynamics/analyze_trajectory_0/
run0/metadynamics/analyze_trajectory_0/wbo
run0/metadynamics/analyze_trajectory_0/1.optxyz
run0/metadynamics/analyze_trajectory_0/xtbopt.log
run0/metadynamics/analyze_trajectory_0/1.xyz
run0/metadynamics/analyze_trajectory_0/run.out
run0/metadynamics/analyze_trajectory_0/2.optxyz
run0/metadynamics/analyze_trajectory_0/2.xyz
run0/metadynamics/analyze_trajectory_0/nul
run0/metadynamics/analyze_trajectory_0/xtbrestart
run0/metadynamics/analyze_trajectory_0/.xtboptok
run0/metadynamics/analyze_trajectory_0/charges
run0/metadynamics/analyze_trajectory_0/optimized_structures/
run0/metadynamics/analyze_trajectory_0/optimized_structures/1.optxyz
run0/metadynamics/restart_structure.xyz
run0/metadynamics/initial_structures.xyz
run0/metadynamics/analyze_trajectory_30/
run0/metadynamics/analyze_trajectory_30/wbo
run0/metadynamics/analyze_trajectory_30/1.optxyz
run0/metadynamics/analyze_trajectory_30/xtbopt.log
run0/metadynamics/analyze_trajectory_30/1.xyz
run0/metadynamics/analyze_trajectory_30/run.out
run0/metadynamics/analyze_trajectory_30/2.optxyz
run0/metadynamics/analyze_trajectory_30/2.xyz
run0/metadynamics/analyze_trajectory_30/nul
run0/metadynamics/analyze_trajectory_30/xtbrestart
run0/metadynamics/analyze_trajectory_30/.xtboptok
run0/metadynamics/analyze_trajectory_30/charges
run0/metadynamics/analyze_trajectory_30/optimized_structures/
run0/metadynamics/analyze_trajectory_5/
run0/metadynamics/analyze_trajectory_5/wbo
run0/metadynamics/analyze_trajectory_5/1.optxyz
run0/metadynamics/analyze_trajectory_5/xtbopt.log
run0/metadynamics/analyze_trajectory_5/1.xyz
run0/metadynamics/analyze_trajectory_5/run.out
run0/metadynamics/analyze_trajectory_5/2.optxyz
run0/metadynamics/analyze_trajectory_5/2.xyz
run0/metadynamics/analyze_trajectory_5/nul
run0/metadynamics/analyze_trajectory_5/xtbrestart
run0/metadynamics/analyze_trajectory_5/.xtboptok
run0/metadynamics/analyze_trajectory_5/charges
run0/metadynamics/analyze_trajectory_5/optimized_structures/
run0/metadynamics/xtbmdok
run0/metadynamics/analyze_trajectory_15/
run0/metadynamics/analyze_trajectory_15/wbo
run0/metadynamics/analyze_trajectory_15/1.optxyz
run0/metadynamics/analyze_trajectory_15/xtbopt.log
run0/metadynamics/analyze_trajectory_15/1.xyz
run0/metadynamics/analyze_trajectory_15/run.out
run0/metadynamics/analyze_trajectory_15/2.optxyz
run0/metadynamics/analyze_trajectory_15/2.xyz
run0/metadynamics/analyze_trajectory_15/nul
run0/metadynamics/analyze_trajectory_15/xtbrestart
run0/metadynamics/analyze_trajectory_15/.xtboptok
run0/metadynamics/analyze_trajectory_15/charges
run0/metadynamics/analyze_trajectory_15/optimized_structures/
run0/metadynamics/analyze_trajectory_35/
run0/metadynamics/analyze_trajectory_35/wbo
run0/metadynamics/analyze_trajectory_35/1.optxyz
run0/metadynamics/analyze_trajectory_35/xtbopt.log
run0/metadynamics/analyze_trajectory_35/4.optxyz
run0/metadynamics/analyze_trajectory_35/1.xyz
run0/metadynamics/analyze_trajectory_35/run.out
run0/metadynamics/analyze_trajectory_35/2.optxyz
run0/metadynamics/analyze_trajectory_35/2.xyz
run0/metadynamics/analyze_trajectory_35/3.xyz
run0/metadynamics/analyze_trajectory_35/nul
run0/metadynamics/analyze_trajectory_35/4.xyz
run0/metadynamics/analyze_trajectory_35/xtbrestart
run0/metadynamics/analyze_trajectory_35/.xtboptok
run0/metadynamics/analyze_trajectory_35/3.optxyz
run0/metadynamics/analyze_trajectory_35/charges
run0/metadynamics/analyze_trajectory_35/optimized_structures/
run0/metadynamics/analyze_trajectory_35/optimized_structures/2.optxyz
run0/metadynamics/analyze_trajectory_35/optimized_structures/3.optxyz
run0/metadynamics/mdrestart
run0/metadynamics/run.out
run0/metadynamics/scoord.1
run0/metadynamics/meta_out.log
run0/metadynamics/xtb_30.trj
run0/metadynamics/xtb_25.trj
run0/metadynamics/analyze_trajectory_10/
run0/metadynamics/analyze_trajectory_10/wbo
run0/metadynamics/analyze_trajectory_10/1.optxyz
run0/metadynamics/analyze_trajectory_10/xtbopt.log
run0/metadynamics/analyze_trajectory_10/4.optxyz
run0/metadynamics/analyze_trajectory_10/1.xyz
run0/metadynamics/analyze_trajectory_10/run.out
run0/metadynamics/analyze_trajectory_10/2.optxyz
run0/metadynamics/analyze_trajectory_10/2.xyz
run0/metadynamics/analyze_trajectory_10/3.xyz
run0/metadynamics/analyze_trajectory_10/nul
run0/metadynamics/analyze_trajectory_10/4.xyz
run0/metadynamics/analyze_trajectory_10/xtbrestart
run0/metadynamics/analyze_trajectory_10/.xtboptok
run0/metadynamics/analyze_trajectory_10/3.optxyz
run0/metadynamics/analyze_trajectory_10/charges
run0/metadynamics/analyze_trajectory_10/optimized_structures/
run0/metadynamics/analyze_trajectory_10/optimized_structures/2.optxyz
run0/metadynamics/0.6_md.xyz
run0/metadynamics/nul
run0/metadynamics/scoord.2
run0/metadynamics/xtb_35.trj
run0/metadynamics/analyze_trajectory_25/
run0/metadynamics/analyze_trajectory_25/wbo
run0/metadynamics/analyze_trajectory_25/1.optxyz
run0/metadynamics/analyze_trajectory_25/xtbopt.log
run0/metadynamics/analyze_trajectory_25/4.optxyz
run0/metadynamics/analyze_trajectory_25/1.xyz
run0/metadynamics/analyze_trajectory_25/run.out
run0/metadynamics/analyze_trajectory_25/2.optxyz
run0/metadynamics/analyze_trajectory_25/2.xyz
run0/metadynamics/analyze_trajectory_25/3.xyz
run0/metadynamics/analyze_trajectory_25/nul
run0/metadynamics/analyze_trajectory_25/4.xyz
run0/metadynamics/analyze_trajectory_25/xtbrestart
run0/metadynamics/analyze_trajectory_25/.xtboptok
run0/metadynamics/analyze_trajectory_25/3.optxyz
run0/metadynamics/analyze_trajectory_25/charges
run0/metadynamics/analyze_trajectory_25/optimized_structures/
run0/metadynamics/analyze_trajectory_25/optimized_structures/2.optxyz
run0/metadynamics/analyze_trajectory_25/optimized_structures/3.optxyz
run0/metadynamics/scoord.4
run0/metadynamics/metadyn.inp
run0/metadynamics/xtb.trj
run0/metadynamics/xtbrestart
run0/metadynamics/xtb_20.trj
run0/metadynamics/xtb_15.trj
run0/metadynamics/scoord.3
run0/metadynamics/xtb_5.trj
run0/metadynamics/analyze_trajectory_20/
run0/metadynamics/analyze_trajectory_20/wbo
run0/metadynamics/analyze_trajectory_20/1.optxyz
run0/metadynamics/analyze_trajectory_20/xtbopt.log
run0/metadynamics/analyze_trajectory_20/1.xyz
run0/metadynamics/analyze_trajectory_20/run.out
run0/metadynamics/analyze_trajectory_20/2.optxyz
run0/metadynamics/analyze_trajectory_20/2.xyz
run0/metadynamics/analyze_trajectory_20/nul
run0/metadynamics/analyze_trajectory_20/xtbrestart
run0/metadynamics/analyze_trajectory_20/.xtboptok
run0/metadynamics/analyze_trajectory_20/charges
run0/metadynamics/analyze_trajectory_20/optimized_structures/
run0/metadynamics/charges
run0/metadynamics/xtb_10.trj
