!!! Warning !!! Distance between atoms 5 and 2 (0.992457 A) is suspicious.
!!! Warning !!! Distance between atoms 4 and 2 (0.972640 A) is suspicious.
!!! Warning !!! Distance between atoms 7 and 3 (0.981138 A) is suspicious.
!!! Warning !!! Distance between atoms 5 and 2 (0.967555 A) is suspicious.
!!! Warning !!! Distance between atoms 9 and 1 (0.982243 A) is suspicious.
!!! Warning !!! Distance between atoms 8 and 1 (0.992700 A) is suspicious.
!!! Warning !!! Distance between atoms 9 and 1 (0.970013 A) is suspicious.
!!! Warning !!! Distance between atoms 9 and 1 (0.988526 A) is suspicious.
!!! Warning !!! Distance between atoms 7 and 3 (0.961217 A) is suspicious.
!!! Warning !!! Distance between atoms 7 and 3 (0.998925 A) is suspicious.
!!! Warning !!! Distance between atoms 7 and 3 (0.973156 A) is suspicious.
!!! Warning !!! Distance between atoms 8 and 1 (0.945146 A) is suspicious.
!!! Warning !!! Distance between atoms 4 and 2 (0.977412 A) is suspicious.
