!!! Warning !!! Distance between atoms 5 and 2 (0.984161 A) is suspicious.
!!! Warning !!! Distance between atoms 7 and 3 (0.998495 A) is suspicious.
!!! Warning !!! Distance between atoms 9 and 1 (0.998827 A) is suspicious.
!!! Warning !!! Distance between atoms 9 and 1 (0.986671 A) is suspicious.
!!! Warning !!! Distance between atoms 8 and 1 (0.986513 A) is suspicious.
!!! Warning !!! Distance between atoms 7 and 3 (0.991158 A) is suspicious.
!!! Warning !!! Distance between atoms 6 and 3 (0.993906 A) is suspicious.
!!! Warning !!! Distance between atoms 7 and 3 (0.999004 A) is suspicious.
!!! Warning !!! Distance between atoms 8 and 1 (0.971416 A) is suspicious.
!!! Warning !!! Distance between atoms 8 and 1 (0.988173 A) is suspicious.
!!! Warning !!! Distance between atoms 9 and 1 (0.996741 A) is suspicious.
!!! Warning !!! Distance between atoms 7 and 3 (0.997487 A) is suspicious.
!!! Warning !!! Distance between atoms 9 and 1 (0.965686 A) is suspicious.
