!!! Warning !!! Distance between atoms 5 and 2 (0.895106 A) is suspicious.
!!! Warning !!! Distance between atoms 8 and 1 (0.976680 A) is suspicious.
!!! Warning !!! Distance between atoms 5 and 2 (0.994625 A) is suspicious.
!!! Warning !!! Distance between atoms 9 and 1 (0.985259 A) is suspicious.
!!! Warning !!! Distance between atoms 6 and 3 (0.990630 A) is suspicious.
!!! Warning !!! Distance between atoms 9 and 1 (0.969898 A) is suspicious.
!!! Warning !!! Distance between atoms 4 and 2 (0.997751 A) is suspicious.
!!! Warning !!! Distance between atoms 5 and 2 (0.992597 A) is suspicious.
!!! Warning !!! Distance between atoms 9 and 1 (0.990022 A) is suspicious.
!!! Warning !!! Distance between atoms 8 and 1 (0.996386 A) is suspicious.
!!! Warning !!! Distance between atoms 4 and 2 (0.997988 A) is suspicious.
!!! Warning !!! Distance between atoms 8 and 1 (0.993491 A) is suspicious.
!!! Warning !!! Distance between atoms 4 and 2 (0.999853 A) is suspicious.
!!! Warning !!! Distance between atoms 4 and 2 (0.996963 A) is suspicious.
!!! Warning !!! Distance between atoms 5 and 2 (0.997257 A) is suspicious.
!!! Warning !!! Distance between atoms 9 and 1 (0.994429 A) is suspicious.
!!! Warning !!! Distance between atoms 8 and 1 (0.971451 A) is suspicious.
!!! Warning !!! Distance between atoms 5 and 2 (0.972036 A) is suspicious.
!!! Warning !!! Distance between atoms 7 and 3 (0.985969 A) is suspicious.
!!! Warning !!! Distance between atoms 8 and 1 (0.950727 A) is suspicious.
!!! Warning !!! Distance between atoms 9 and 1 (0.989201 A) is suspicious.
!!! Warning !!! Distance between atoms 8 and 1 (0.947084 A) is suspicious.
!!! Warning !!! Distance between atoms 9 and 1 (0.952830 A) is suspicious.
!!! Warning !!! Distance between atoms 5 and 2 (0.991254 A) is suspicious.
!!! Warning !!! Distance between atoms 7 and 3 (0.995352 A) is suspicious.
