!!! Warning !!! Distance between atoms 5 and 2 (0.988601 A) is suspicious.
!!! Warning !!! Distance between atoms 4 and 2 (0.985873 A) is suspicious.
!!! Warning !!! Distance between atoms 4 and 2 (0.918714 A) is suspicious.
