!!! Warning !!! Distance between atoms 6 and 3 (0.996048 A) is suspicious.
!!! Warning !!! Distance between atoms 5 and 2 (0.899903 A) is suspicious.
!!! Warning !!! Distance between atoms 4 and 2 (0.981545 A) is suspicious.
!!! Warning !!! Distance between atoms 7 and 3 (0.914649 A) is suspicious.
!!! Warning !!! Distance between atoms 7 and 3 (0.991677 A) is suspicious.
!!! Warning !!! Distance between atoms 7 and 3 (0.977531 A) is suspicious.
!!! Warning !!! Distance between atoms 4 and 2 (0.986937 A) is suspicious.
!!! Warning !!! Distance between atoms 8 and 1 (0.986104 A) is suspicious.
!!! Warning !!! Distance between atoms 9 and 1 (0.975304 A) is suspicious.
!!! Warning !!! Distance between atoms 6 and 3 (0.997022 A) is suspicious.
!!! Warning !!! Distance between atoms 6 and 3 (0.997901 A) is suspicious.
!!! Warning !!! Distance between atoms 4 and 2 (0.979348 A) is suspicious.
!!! Warning !!! Distance between atoms 4 and 2 (0.996781 A) is suspicious.
!!! Warning !!! Distance between atoms 9 and 1 (0.986427 A) is suspicious.
!!! Warning !!! Distance between atoms 6 and 3 (0.997317 A) is suspicious.
!!! Warning !!! Distance between atoms 7 and 3 (0.929007 A) is suspicious.
!!! Warning !!! Distance between atoms 7 and 3 (0.958598 A) is suspicious.
!!! Warning !!! Distance between atoms 8 and 1 (0.966642 A) is suspicious.
!!! Warning !!! Distance between atoms 8 and 1 (0.967041 A) is suspicious.
!!! Warning !!! Distance between atoms 8 and 1 (0.977492 A) is suspicious.
!!! Warning !!! Distance between atoms 8 and 1 (0.972411 A) is suspicious.
!!! Warning !!! Distance between atoms 5 and 3 (0.989832 A) is suspicious.
!!! Warning !!! Distance between atoms 9 and 1 (0.986396 A) is suspicious.
!!! Warning !!! Distance between atoms 6 and 3 (0.999660 A) is suspicious.
