!!! Warning !!! Distance between atoms 4 and 2 (0.951568 A) is suspicious.
!!! Warning !!! Distance between atoms 9 and 1 (0.985584 A) is suspicious.
!!! Warning !!! Distance between atoms 6 and 3 (0.998662 A) is suspicious.
!!! Warning !!! Distance between atoms 5 and 2 (0.967442 A) is suspicious.
!!! Warning !!! Distance between atoms 5 and 2 (0.985149 A) is suspicious.
!!! Warning !!! Distance between atoms 7 and 3 (0.987857 A) is suspicious.
!!! Warning !!! Distance between atoms 6 and 3 (0.945622 A) is suspicious.
!!! Warning !!! Distance between atoms 6 and 3 (0.999451 A) is suspicious.
!!! Warning !!! Distance between atoms 6 and 3 (0.951680 A) is suspicious.
!!! Warning !!! Distance between atoms 6 and 3 (0.981185 A) is suspicious.
!!! Warning !!! Distance between atoms 7 and 3 (0.979248 A) is suspicious.
!!! Warning !!! Distance between atoms 6 and 3 (0.978428 A) is suspicious.
!!! Warning !!! Distance between atoms 8 and 1 (0.966563 A) is suspicious.
!!! Warning !!! Distance between atoms 8 and 1 (0.968595 A) is suspicious.
!!! Warning !!! Distance between atoms 9 and 1 (0.931473 A) is suspicious.
!!! Warning !!! Distance between atoms 6 and 3 (0.972488 A) is suspicious.
!!! Warning !!! Distance between atoms 9 and 1 (0.946579 A) is suspicious.
!!! Warning !!! Distance between atoms 6 and 3 (0.963880 A) is suspicious.
!!! Warning !!! Distance between atoms 6 and 3 (0.963881 A) is suspicious.
!!! Warning !!! Distance between atoms 6 and 3 (0.990187 A) is suspicious.
