['/groups/kemi/koerstz/opt/xtb/6.1/bin/xtb', '0.xyz', '--omd', '--input', 'md.inp', '--gfn2', '--chrg', '0']
['/groups/kemi/koerstz/opt/xtb/6.1/bin/xtb', '0.6_md.xyz', '--md', '--input', 'metadyn.inp', '--gfn2', '--chrg', '0']
0 1
[C@@:1]1([H:8])([H:9])[C@:2]([H:4])([H:5])[C@:3]1([H:6])[H:7]
smiles = [C@@:1]1([H:8])([H:9])[C@:2]([H:4])([H:5])[C@:3]1([H:6])[H:7]
110 2
[C@@:1]1([H:8])([H:9])[C@:2]([H:4])([H:5])[C@:3]1([H:6])[H:7]
220 2
[C@@:1]1([H:8])([H:9])[C@:2]([H:4])([H:5])[C@:3]1([H:6])[H:7]
330 2
[C@@:1]1([H:8])([H:9])[C@:2]([H:4])([H:5])[C@:3]1([H:6])[H:7]
440 2
[C@@:1]1([H:8])([H:9])[C@:2]([H:4])([H:5])[C@:3]1([H:6])[H:7]
550 2
[C@@:1]1([H:8])([H:9])[C@:2]([H:4])([H:5])[C@:3]1([H:6])[H:7]
660 2
[C@@:1]1([H:8])([H:9])[C@:2]([H:4])([H:5])[C@:3]1([H:6])[H:7]
770 2
[C@@:1]1([H:8])([H:9])[C@:2]([H:4])([H:5])[C@:3]1([H:6])[H:7]
880 2
[C@@:1]1([H:8])([H:9])[C@:2]([H:4])([H:5])[C@:3]1([H:6])[H:7]
990 2
[C@@:1]1([H:8])([H:9])[C@:2]([H:4])([H:5])[C@:3]1([H:6])[H:7]
1100 2
[C@@:1]1([H:8])([H:9])[C@:2]([H:4])([H:5])[C@:3]1([H:6])[H:7]
1210 2
[C@@:1]1([H:8])([H:9])[C@:2]([H:4])([H:5])[C@:3]1([H:6])[H:7]
1320 2
[C@@:1]1([H:8])([H:9])[C@:2]([H:4])([H:5])[C@:3]1([H:6])[H:7]
1430 2
[C@@:1]1([H:8])([H:9])[C@:2]([H:4])([H:5])[C@:3]1([H:6])[H:7]
1540 2
[C@@:1]1([H:8])([H:9])[C@:2]([H:4])([H:5])[C@:3]1([H:6])[H:7]
1650 2
[C@@:1]1([H:8])([H:9])[C@:2]([H:4])([H:5])[C@:3]1([H:6])[H:7]
1760 2
[C@@:1]1([H:8])([H:9])[C@:2]([H:4])([H:5])[C@:3]1([H:6])[H:7]
1870 2
[C@@:1]1([H:8])([H:9])[C@:2]([H:4])([H:5])[C@:3]1([H:6])[H:7]
1980 2
[C@@:1]1([H:8])([H:9])[C@:2]([H:4])([H:5])[C@:3]1([H:6])[H:7]
2090 2
[C@@:1]1([H:8])([H:9])[C@:2]([H:4])([H:5])[C@:3]1([H:6])[H:7]
2200 2
[C@@:1]1([H:8])([H:9])[C@:2]([H:4])([H:5])[C@:3]1([H:6])[H:7]
2310 2
[C@@:1]1([H:8])([H:9])[C@:2]([H:4])([H:5])[C@:3]1([H:6])[H:7]
2420 2
[C@@:1]1([H:8])([H:9])[C@:2]([H:4])([H:5])[C@:3]1([H:6])[H:7]
2530 2
[C@@:1]1([H:8])([H:9])[C@:2]([H:4])([H:5])[C@:3]1([H:6])[H:7]
2640 2
[C@@:1]1([H:8])([H:9])[C@:2]([H:4])([H:5])[C@:3]1([H:6])[H:7]
2750 2
[C@@:1]1([H:8])([H:9])[C@:2]([H:4])([H:5])[C@:3]1([H:6])[H:7]
2860 2
[C@@:1]1([H:8])([H:9])[C@:2]([H:4])([H:5])[C@:3]1([H:6])[H:7]
2970 2
[C@@:1]1([H:8])([H:9])[C@:2]([H:4])([H:5])[C@:3]1([H:6])[H:7]
3080 2
[C@@:1]1([H:8])([H:9])[C@:2]([H:4])([H:5])[C@:3]1([H:6])[H:7]
3190 2
[C@@:1]1([H:8])([H:9])[C@:2]([H:4])([H:5])[C@:3]1([H:6])[H:7]
3300 2
[C@@:1]1([H:8])([H:9])[C@:2]([H:4])([H:5])[C@:3]1([H:6])[H:7]
3410 2
[C@@:1]1([H:8])([H:9])[C@:2]([H:4])([H:5])[C@:3]1([H:6])[H:7]
3520 2
[C@@:1]1([H:8])([H:9])[C@:2]([H:4])([H:5])[C@:3]1([H:6])[H:7]
3630 2
[C@@:1]1([H:8])([H:9])[C@:2]([H:4])([H:5])[C@:3]1([H:6])[H:7]
3740 2
[C@@:1]1([H:8])([H:9])[C@:2]([H:4])([H:5])[C@:3]1([H:6])[H:7]
3850 2
[C@@:1]1([H:8])([H:9])[C@:2]([H:4])([H:5])[C@:3]1([H:6])[H:7]
3960 2
[C@@:1]1([H:8])([H:9])[C@:2]([H:4])([H:5])[C@:3]1([H:6])[H:7]
4070 2
[C@@:1]1([H:8])([H:9])[C@:2]([H:4])([H:5])[C@:3]1([H:6])[H:7]
4180 2
[C@@:1]1([H:8])([H:9])[C@:2]([H:4])([H:5])[C@:3]1([H:6])[H:7]
4290 2
[C@@:1]1([H:8])([H:9])[C@:2]([H:4])([H:5])[C@:3]1([H:6])[H:7]
4400 2
[C@@:1]1([H:8])([H:9])[C@:2]([H:4])([H:5])[C@:3]1([H:6])[H:7]
4510 2
[C@@:1]1([H:8])([H:9])[C@:2]([H:4])([H:5])[C@:3]1([H:6])[H:7]
4620 2
[C@@:1]1([H:8])([H:9])[C@:2]([H:4])([H:5])[C@:3]1([H:6])[H:7]
4730 2
[C@@:1]1([H:8])([H:9])[C@:2]([H:4])([H:5])[C@:3]1([H:6])[H:7]
4840 2
[C@@:1]1([H:8])([H:9])[C@:2]([H:4])([H:5])[C@:3]1([H:6])[H:7]
4950 2
[C@@:1]1([H:8])([H:9])[C@:2]([H:4])([H:5])[C@:3]1([H:6])[H:7]
5060 2
[C@@:1]1([H:8])([H:9])[C@:2]([H:4])([H:5])[C@:3]1([H:6])[H:7]
5170 2
[C@@:1]1([H:8])([H:9])[C@:2]([H:4])([H:5])[C@:3]1([H:6])[H:7]
5280 2
[C@@:1]1([H:8])([H:9])[C@:2]([H:4])([H:5])[C@:3]1([H:6])[H:7]
5390 2
[C@@:1]1([H:8])([H:9])[C@:2]([H:4])([H:5])[C@:3]1([H:6])[H:7]
['/groups/kemi/koerstz/opt/xtb/6.1/bin/xtb', '1.xyz', '--opt', 'tight', '--gfn2', '--chrg', '0']
['/groups/kemi/koerstz/opt/xtb/6.1/bin/xtb', '2.xyz', '--opt', 'tight', '--gfn2', '--chrg', '0']
['/groups/kemi/koerstz/opt/xtb/6.1/bin/xtb', 'restart_structure.xyz', '--md', '--input', 'metadyn.inp', '--gfn2', '--chrg', '0']
0 1
[C@@:1]1([H:8])([H:9])[C@:2]([H:4])([H:5])[C@:3]1([H:6])[H:7]
smiles = [C@@:1]1([H:8])([H:9])[C@:2]([H:4])([H:5])[C@:3]1([H:6])[H:7]
110 2
[C@@:1]1([H:8])([H:9])[C@:2]([H:4])([H:5])[C@:3]1([H:6])[H:7]
220 2
[C@@:1]1([H:8])([H:9])[C@:2]([H:4])([H:5])[C@:3]1([H:6])[H:7]
330 2
[C@@:1]1([H:8])([H:9])[C@:2]([H:4])([H:5])[C@:3]1([H:6])[H:7]
440 2
[C@@:1]1([H:8])([H:9])[C@:2]([H:4])([H:5])[C@:3]1([H:6])[H:7]
550 2
[C@@:1]1([H:8])([H:9])[C@:2]([H:4])([H:5])[C@:3]1([H:6])[H:7]
660 2
[C@@:1]1([H:8])([H:9])[C@:2]([H:4])([H:5])[C@:3]1([H:6])[H:7]
770 2
[C@@:1]1([H:8])([H:9])[C@:2]([H:4])([H:5])[C@:3]1([H:6])[H:7]
880 2
[C@@:1]1([H:8])([H:9])[C@:2]([H:4])([H:5])[C@:3]1([H:6])[H:7]
990 2
[C@@:1]1([H:8])([H:9])[C@:2]([H:4])([H:5])[C@:3]1([H:6])[H:7]
1100 2
[C@@:1]1([H:8])([H:9])[C@:2]([H:4])([H:5])[C@:3]1([H:6])[H:7]
1210 2
[C@@:1]1([H:8])([H:9])[C@:2]([H:4])([H:5])[C@:3]1([H:6])[H:7]
1320 2
[C@@:1]1([H:8])([H:9])[C@:2]([H:4])([H:5])[C@:3]1([H:6])[H:7]
1430 2
[C@@:1]1([H:8])([H:9])[C@:2]([H:4])([H:5])[C@:3]1([H:6])[H:7]
1540 2
[C@@:1]1([H:8])([H:9])[C@:2]([H:4])([H:5])[C@:3]1([H:6])[H:7]
1650 2
[C@@:1]1([H:8])([H:9])[C@:2]([H:4])([H:5])[C@:3]1([H:6])[H:7]
1760 2
[C@@:1]1([H:8])([H:9])[C@:2]([H:4])([H:5])[C@:3]1([H:6])[H:7]
1870 2
[C@@:1]1([H:8])([H:9])[C@:2]([H:4])([H:5])[C@:3]1([H:6])[H:7]
1980 2
[C@@:1]1([H:8])([H:9])[C@:2]([H:4])([H:5])[C@:3]1([H:6])[H:7]
2090 2
[C@@:1]1([H:8])([H:9])[C@:2]([H:4])([H:5])[C@:3]1([H:6])[H:7]
2200 2
[C@@:1]1([H:8])([H:9])[C@:2]([H:4])([H:5])[C@:3]1([H:6])[H:7]
2310 2
[C@@:1]1([H:8])([H:9])[C@:2]([H:4])([H:5])[C@:3]1([H:6])[H:7]
2420 2
[C@@:1]1([H:8])([H:9])[C@:2]([H:4])([H:5])[C@:3]1([H:6])[H:7]
2530 2
[C@@:1]1([H:8])([H:9])[C@:2]([H:4])([H:5])[C@:3]1([H:6])[H:7]
2640 2
[C@@:1]1([H:8])([H:9])[C@:2]([H:4])([H:5])[C@:3]1([H:6])[H:7]
2750 2
[C@@:1]1([H:8])([H:9])[C@:2]([H:4])([H:5])[C@:3]1([H:6])[H:7]
2860 2
[C@@:1]1([H:8])([H:9])[C@:2]([H:4])([H:5])[C@:3]1([H:6])[H:7]
2970 2
[C@@:1]1([H:8])([H:9])[C@:2]([H:4])([H:5])[C@:3]1([H:6])[H:7]
3080 2
[C@@:1]1([H:8])([H:9])[C@:2]([H:4])([H:5])[C@:3]1([H:6])[H:7]
3190 2
[C@@:1]1([H:8])([H:9])[C@:2]([H:4])([H:5])[C@:3]1([H:6])[H:7]
3300 2
[C@@:1]1([H:8])([H:9])[C@:2]([H:4])([H:5])[C@:3]1([H:6])[H:7]
3410 2
[C@@:1]1([H:8])([H:9])[C@:2]([H:4])([H:5])[C@:3]1([H:6])[H:7]
3520 2
[C@@:1]1([H:8])([H:9])[C@:2]([H:4])([H:5])[C@:3]1([H:6])[H:7]
3630 2
[C@@:1]1([H:8])([H:9])[C@:2]([H:4])([H:5])[C@:3]1([H:6])[H:7]
3740 2
[C@@:1]1([H:8])([H:9])[C@:2]([H:4])([H:5])[C@:3]1([H:6])[H:7]
3850 2
[C@@:1]1([H:8])([H:9])[C@:2]([H:4])([H:5])[C@:3]1([H:6])[H:7]
3960 2
[C@@:1]1([H:8])([H:9])[C@:2]([H:4])([H:5])[C@:3]1([H:6])[H:7]
4070 2
[C@@:1]1([H:8])([H:9])[C@:2]([H:4])([H:5])[C@:3]1([H:6])[H:7]
4180 2
[C@@:1]1([H:8])([H:9])[C@:2]([H:4])([H:5])[C@:3]1([H:6])[H:7]
4290 2
[C@@:1]1([H:8])([H:9])[C@:2]([H:4])([H:5])[C@:3]1([H:6])[H:7]
4400 2
[C@@:1]1([H:8])([H:9])[C@:2]([H:4])([H:5])[C@:3]1([H:6])[H:7]
4510 2
[C@@:1]1([H:8])([H:9])[C@:2]([H:4])([H:5])[C@:3]1([H:6])[H:7]
4620 2
[C@@:1]1([H:8])([H:9])[C@:2]([H:4])([H:5])[C@:3]1([H:6])[H:7]
4730 2
[C@@:1]1([H:8])([H:9])[C@:2]([H:4])([H:5])[C@:3]1([H:6])[H:7]
4840 2
[C@@:1]1([H:8])([H:9])[C@:2]([H:4])([H:5])[C@:3]1([H:6])[H:7]
4950 2
[C@@:1]1([H:8])([H:9])[C@:2]([H:4])([H:5])[C@:3]1([H:6])[H:7]
5060 2
[C@@:1]1([H:8])([H:9])[C@:2]([H:4])([H:5])[C@:3]1([H:6])[H:7]
5170 2
[C@@:1]1([H:8])([H:9])[C@:2]([H:4])([H:5])[C@:3]1([H:6])[H:7]
5280 2
[C@@:1]1([H:8])([H:9])[C@:2]([H:4])([H:5])[C@:3]1([H:6])[H:7]
5390 2
[C@@:1]1([H:8])([H:9])[C@:2]([H:4])([H:5])[C@:3]1([H:6])[H:7]
['/groups/kemi/koerstz/opt/xtb/6.1/bin/xtb', '1.xyz', '--opt', 'tight', '--gfn2', '--chrg', '0']
['/groups/kemi/koerstz/opt/xtb/6.1/bin/xtb', '2.xyz', '--opt', 'tight', '--gfn2', '--chrg', '0']
['/groups/kemi/koerstz/opt/xtb/6.1/bin/xtb', 'restart_structure.xyz', '--md', '--input', 'metadyn.inp', '--gfn2', '--chrg', '0']
0 1
[C@@:1]1([H:8])([H:9])[C@:2]([H:4])([H:5])[C@:3]1([H:6])[H:7]
smiles = [C@@:1]1([H:8])([H:9])[C@:2]([H:4])([H:5])[C@:3]1([H:6])[H:7]
110 2
[C@@:1]1([H:8])([H:9])[C@:2]([H:4])([H:5])[C@:3]1([H:6])[H:7]
220 2
[C@@:1]1([H:8])([H:9])[C@:2]([H:4])([H:5])[C@:3]1([H:6])[H:7]
330 2
[C@@:1]1([H:8])([H:9])[C@:2]([H:4])([H:5])[C@:3]1([H:6])[H:7]
440 2
[C@@:1]1([H:8])([H:9])[C@:2]([H:4])([H:5])[C@:3]1([H:6])[H:7]
550 2
[C@@:1]1([H:8])([H:9])[C@:2]([H:4])([H:5])[C@:3]1([H:6])[H:7]
660 2
[C@@:1]1([H:8])([H:9])[C@:2]([H:4])([H:5])[C@:3]1([H:6])[H:7]
770 2
[C@@:1]1([H:8])([H:9])[C@:2]([H:4])([H:5])[C@:3]1([H:6])[H:7]
880 2
[C@@:1]1([H:8])([H:9])[C@:2]([H:4])([H:5])[C@:3]1([H:6])[H:7]
990 2
[C@@:1]1([H:8])([H:9])[C@:2]([H:4])([H:5])[C@:3]1([H:6])[H:7]
1100 2
[C@@:1]1([H:8])([H:9])[C@:2]([H:4])([H:5])[C@:3]1([H:6])[H:7]
1210 2
[C@@:1]1([H:8])([H:9])[C@:2]([H:4])([H:5])[C@:3]1([H:6])[H:7]
1320 2
[C@@:1]1([H:8])([H:9])[C@:2]([H:4])([H:5])[C@:3]1([H:6])[H:7]
1430 2
[C@@:1]1([H:8])([H:9])[C@:2]([H:4])([H:5])[C@:3]1([H:6])[H:7]
1540 2
[C@@:1]1([H:8])([H:9])[C@:2]([H:4])([H:5])[C@:3]1([H:6])[H:7]
1650 2
[C@@:1]1([H:8])([H:9])[C@:2]([H:4])([H:5])[C@:3]1([H:6])[H:7]
1760 2
[C@@:1]1([H:8])([H:9])[C@:2]([H:4])([H:5])[C@:3]1([H:6])[H:7]
1870 2
[C@@:1]1([H:8])([H:9])[C@:2]([H:4])([H:5])[C@:3]1([H:6])[H:7]
1980 2
[C@@:1]1([H:8])([H:9])[C@:2]([H:4])([H:5])[C@:3]1([H:6])[H:7]
2090 2
[C@@:1]1([H:8])([H:9])[C@:2]([H:4])([H:5])[C@:3]1([H:6])[H:7]
2200 2
[C@@:1]1([H:8])([H:9])[C@:2]([H:4])([H:5])[C@:3]1([H:6])[H:7]
2310 2
[C@@:1]1([H:8])([H:9])[C@:2]([H:4])([H:5])[C@:3]1([H:6])[H:7]
2420 2
[C@@:1]1([H:8])([H:9])[C@:2]([H:4])([H:5])[C@:3]1([H:6])[H:7]
2530 2
[C@@:1]1([H:8])([H:9])[C@:2]([H:4])([H:5])[C@:3]1([H:6])[H:7]
2640 2
[C@@:1]1([H:8])([H:9])[C@:2]([H:4])([H:5])[C@:3]1([H:6])[H:7]
2750 2
[C@@:1]1([H:8])([H:9])[C@:2]([H:4])([H:5])[C@:3]1([H:6])[H:7]
2860 2
[C-:1]([C@:2]([C+:3]([H:6])[H:7])([H:4])[H:5])([H:8])[H:9]
smiles =  [C-:1]([C@:2]([C+:3]([H:6])[H:7])([H:4])[H:5])([H:8])[H:9]
2970 3
[C@:1]1([H:8])([H:9])[C@:2]([H:4])([H:5])[C@:3]1([H:6])[H:7]
smiles =  [C@:1]1([H:8])([H:9])[C@:2]([H:4])([H:5])[C@:3]1([H:6])[H:7]
3080 4
[C@:1]1([H:8])([H:9])[C@:2]([H:4])([H:5])[C@:3]1([H:6])[H:7]
3190 4
[C@:1]1([H:8])([H:9])[C@:2]([H:4])([H:5])[C@:3]1([H:6])[H:7]
3300 4
[C@:1]1([H:8])([H:9])[C@:2]([H:4])([H:5])[C@:3]1([H:6])[H:7]
3410 4
[C@:1]1([H:8])([H:9])[C@:2]([H:4])([H:5])[C@:3]1([H:6])[H:7]
3520 4
[C@:1]1([H:8])([H:9])[C@:2]([H:4])([H:5])[C@:3]1([H:6])[H:7]
3630 4
[C@:1]1([H:8])([H:9])[C@:2]([H:4])([H:5])[C@:3]1([H:6])[H:7]
3740 4
[C@:1]1([H:8])([H:9])[C@:2]([H:4])([H:5])[C@:3]1([H:6])[H:7]
3850 4
[C@:1]1([H:8])([H:9])[C@:2]([H:4])([H:5])[C@:3]1([H:6])[H:7]
3960 4
[C@:1]1([H:8])([H:9])[C@:2]([H:4])([H:5])[C@:3]1([H:6])[H:7]
4070 4
[C@:1]1([H:8])([H:9])[C@:2]([H:4])([H:5])[C@:3]1([H:6])[H:7]
4180 4
[C@:1]1([H:8])([H:9])[C@:2]([H:4])([H:5])[C@:3]1([H:6])[H:7]
4290 4
[C@:1]1([H:8])([H:9])[C@:2]([H:4])([H:5])[C@:3]1([H:6])[H:7]
4400 4
[C@:1]1([H:8])([H:9])[C@:2]([H:4])([H:5])[C@:3]1([H:6])[H:7]
4510 4
[C@:1]1([H:8])([H:9])[C@:2]([H:4])([H:5])[C@:3]1([H:6])[H:7]
4620 4
[C@:1]1([H:8])([H:9])[C@:2]([H:4])([H:5])[C@:3]1([H:6])[H:7]
4730 4
[C@:1]1([H:8])([H:9])[C@:2]([H:4])([H:5])[C@:3]1([H:6])[H:7]
4840 4
[C@:1]1([H:8])([H:9])[C@:2]([H:4])([H:5])[C@:3]1([H:6])[H:7]
4950 4
[C@:1]1([H:8])([H:9])[C@:2]([H:4])([H:5])[C@:3]1([H:6])[H:7]
5060 4
[C@:1]1([H:8])([H:9])[C@:2]([H:4])([H:5])[C@:3]1([H:6])[H:7]
5170 4
[C@:1]1([H:8])([H:9])[C@:2]([H:4])([H:5])[C@:3]1([H:6])[H:7]
5280 4
[C@:1]1([H:8])([H:9])[C@:2]([H:4])([H:5])[C@:3]1([H:6])[H:7]
5390 4
[C@:1]1([H:8])([H:9])[C@:2]([H:4])([H:5])[C@:3]1([H:6])[H:7]
['/groups/kemi/koerstz/opt/xtb/6.1/bin/xtb', '3.xyz', '--opt', 'tight', '--gfn2', '--chrg', '0']
['/groups/kemi/koerstz/opt/xtb/6.1/bin/xtb', '1.xyz', '--opt', 'tight', '--gfn2', '--chrg', '0']
['/groups/kemi/koerstz/opt/xtb/6.1/bin/xtb', '2.xyz', '--opt', 'tight', '--gfn2', '--chrg', '0']
['/groups/kemi/koerstz/opt/xtb/6.1/bin/xtb', '4.xyz', '--opt', 'tight', '--gfn2', '--chrg', '0']
['/groups/kemi/koerstz/opt/xtb/6.1/bin/xtb', 'restart_structure.xyz', '--md', '--input', 'metadyn.inp', '--gfn2', '--chrg', '0']
0 1
[C@:1]1([H:8])([H:9])[C@:2]([H:4])([H:5])[C@:3]1([H:6])[H:7]
smiles = [C@:1]1([H:8])([H:9])[C@:2]([H:4])([H:5])[C@:3]1([H:6])[H:7]
110 2
[C@:1]1([H:8])([H:9])[C@:2]([H:4])([H:5])[C@:3]1([H:6])[H:7]
220 2
[C@:1]1([H:8])([H:9])[C@:2]([H:4])([H:5])[C@:3]1([H:6])[H:7]
330 2
[C@:1]1([H:8])([H:9])[C@:2]([H:4])([H:5])[C@:3]1([H:6])[H:7]
440 2
[C@:1]1([H:8])([H:9])[C@:2]([H:4])([H:5])[C@:3]1([H:6])[H:7]
550 2
[C@:1]1([H:8])([H:9])[C@:2]([H:4])([H:5])[C@:3]1([H:6])[H:7]
660 2
[C@:1]1([H:8])([H:9])[C@:2]([H:4])([H:5])[C@:3]1([H:6])[H:7]
770 2
[C@:1]1([H:8])([H:9])[C@:2]([H:4])([H:5])[C@:3]1([H:6])[H:7]
880 2
[C@:1]1([H:8])([H:9])[C@:2]([H:4])([H:5])[C@:3]1([H:6])[H:7]
990 2
[C@:1]1([H:8])([H:9])[C@:2]([H:4])([H:5])[C@:3]1([H:6])[H:7]
1100 2
[C@:1]1([H:8])([H:9])[C@:2]([H:4])([H:5])[C@:3]1([H:6])[H:7]
1210 2
[C@:1]1([H:8])([H:9])[C@:2]([H:4])([H:5])[C@:3]1([H:6])[H:7]
1320 2
[C@:1]1([H:8])([H:9])[C@:2]([H:4])([H:5])[C@:3]1([H:6])[H:7]
1430 2
[C@:1]1([H:8])([H:9])[C@:2]([H:4])([H:5])[C@:3]1([H:6])[H:7]
1540 2
[C@:1]1([H:8])([H:9])[C@:2]([H:4])([H:5])[C@:3]1([H:6])[H:7]
1650 2
[C@:1]1([H:8])([H:9])[C@:2]([H:4])([H:5])[C@:3]1([H:6])[H:7]
1760 2
[C@:1]1([H:8])([H:9])[C@:2]([H:4])([H:5])[C@:3]1([H:6])[H:7]
1870 2
[C@:1]1([H:8])([H:9])[C@:2]([H:4])([H:5])[C@:3]1([H:6])[H:7]
1980 2
[C@:1]1([H:8])([H:9])[C@:2]([H:4])([H:5])[C@:3]1([H:6])[H:7]
2090 2
[C@:1]1([H:8])([H:9])[C@:2]([H:4])([H:5])[C@:3]1([H:6])[H:7]
2200 2
[C@:1]1([H:8])([H:9])[C@:2]([H:4])([H:5])[C@:3]1([H:6])[H:7]
2310 2
[C@:1]1([H:8])([H:9])[C@:2]([H:4])([H:5])[C@:3]1([H:6])[H:7]
2420 2
[C@:1]1([H:8])([H:9])[C@:2]([H:4])([H:5])[C@:3]1([H:6])[H:7]
2530 2
[C@:1]1([H:8])([H:9])[C@:2]([H:4])([H:5])[C@:3]1([H:6])[H:7]
2640 2
[C@:1]1([H:8])([H:9])[C@:2]([H:4])([H:5])[C@:3]1([H:6])[H:7]
2750 2
[C@:1]1([H:8])([H:9])[C@:2]([H:4])([H:5])[C@:3]1([H:6])[H:7]
2860 2
[C@:1]1([H:8])([H:9])[C@:2]([H:4])([H:5])[C@:3]1([H:6])[H:7]
2970 2
[C@:1]1([H:8])([H:9])[C@:2]([H:4])([H:5])[C@:3]1([H:6])[H:7]
3080 2
[C@:1]1([H:8])([H:9])[C@:2]([H:4])([H:5])[C@:3]1([H:6])[H:7]
3190 2
[C@:1]1([H:8])([H:9])[C@:2]([H:4])([H:5])[C@:3]1([H:6])[H:7]
3300 2
[C@:1]1([H:8])([H:9])[C@:2]([H:4])([H:5])[C@:3]1([H:6])[H:7]
3410 2
[C@:1]1([H:8])([H:9])[C@:2]([H:4])([H:5])[C@:3]1([H:6])[H:7]
3520 2
[C@:1]1([H:8])([H:9])[C@:2]([H:4])([H:5])[C@:3]1([H:6])[H:7]
3630 2
[C@:1]1([H:8])([H:9])[C@:2]([H:4])([H:5])[C@:3]1([H:6])[H:7]
3740 2
[C@:1]1([H:8])([H:9])[C@:2]([H:4])([H:5])[C@:3]1([H:6])[H:7]
3850 2
[C@:1]1([H:8])([H:9])[C@:2]([H:4])([H:5])[C@:3]1([H:6])[H:7]
3960 2
[C@:1]1([H:8])([H:9])[C@:2]([H:4])([H:5])[C@:3]1([H:6])[H:7]
4070 2
[C@:1]1([H:8])([H:9])[C@:2]([H:4])([H:5])[C@:3]1([H:6])[H:7]
4180 2
[C@:1]1([H:8])([H:9])[C@:2]([H:4])([H:5])[C@:3]1([H:6])[H:7]
4290 2
[C@:1]1([H:8])([H:9])[C@:2]([H:4])([H:5])[C@:3]1([H:6])[H:7]
4400 2
[C@:1]1([H:8])([H:9])[C@:2]([H:4])([H:5])[C@:3]1([H:6])[H:7]
4510 2
[C@:1]1([H:8])([H:9])[C@:2]([H:4])([H:5])[C@:3]1([H:6])[H:7]
4620 2
[C@:1]1([H:8])([H:9])[C@:2]([H:4])([H:5])[C@:3]1([H:6])[H:7]
4730 2
[C@:1]1([H:8])([H:9])[C@:2]([H:4])([H:5])[C@:3]1([H:6])[H:7]
4840 2
[C@:1]1([H:8])([H:9])[C@:2]([H:4])([H:5])[C@:3]1([H:6])[H:7]
4950 2
[C@:1]1([H:8])([H:9])[C@:2]([H:4])([H:5])[C@:3]1([H:6])[H:7]
5060 2
[C@:1]1([H:8])([H:9])[C@:2]([H:4])([H:5])[C@:3]1([H:6])[H:7]
5170 2
[C@:1]1([H:8])([H:9])[C@:2]([H:4])([H:5])[C@:3]1([H:6])[H:7]
5280 2
[C@:1]1([H:8])([H:9])[C@:2]([H:4])([H:5])[C@:3]1([H:6])[H:7]
5390 2
[C@:1]1([H:8])([H:9])[C@:2]([H:4])([H:5])[C@:3]1([H:6])[H:7]
['/groups/kemi/koerstz/opt/xtb/6.1/bin/xtb', '1.xyz', '--opt', 'tight', '--gfn2', '--chrg', '0']
['/groups/kemi/koerstz/opt/xtb/6.1/bin/xtb', '2.xyz', '--opt', 'tight', '--gfn2', '--chrg', '0']
['/groups/kemi/koerstz/opt/xtb/6.1/bin/xtb', 'restart_structure.xyz', '--md', '--input', 'metadyn.inp', '--gfn2', '--chrg', '0']
0 1
[C@:1]1([H:8])([H:9])[C@:2]([H:4])([H:5])[C@:3]1([H:6])[H:7]
smiles = [C@:1]1([H:8])([H:9])[C@:2]([H:4])([H:5])[C@:3]1([H:6])[H:7]
110 2
[C@:1]1([H:8])([H:9])[C@:2]([H:4])([H:5])[C@:3]1([H:6])[H:7]
220 2
[C@:1]1([H:8])([H:9])[C@:2]([H:4])([H:5])[C@:3]1([H:6])[H:7]
330 2
[C@:1]1([H:8])([H:9])[C@:2]([H:4])([H:5])[C@:3]1([H:6])[H:7]
440 2
[C@:1]1([H:8])([H:9])[C@:2]([H:4])([H:5])[C@:3]1([H:6])[H:7]
550 2
[C@:1]1([H:8])([H:9])[C@:2]([H:4])([H:5])[C@:3]1([H:6])[H:7]
660 2
[C@:1]1([H:8])([H:9])[C@:2]([H:4])([H:5])[C@:3]1([H:6])[H:7]
770 2
[C@:1]1([H:8])([H:9])[C@:2]([H:4])([H:5])[C@:3]1([H:6])[H:7]
880 2
[C@:1]1([H:8])([H:9])[C@:2]([H:4])([H:5])[C@:3]1([H:6])[H:7]
990 2
[C@:1]1([H:8])([H:9])[C@:2]([H:4])([H:5])[C@:3]1([H:6])[H:7]
1100 2
[C@:1]1([H:8])([H:9])[C@:2]([H:4])([H:5])[C@:3]1([H:6])[H:7]
1210 2
[C@:1]1([H:8])([H:9])[C@:2]([H:4])([H:5])[C@:3]1([H:6])[H:7]
1320 2
[C@:1]1([H:8])([H:9])[C@:2]([H:4])([H:5])[C@:3]1([H:6])[H:7]
1430 2
[C@:1]1([H:8])([H:9])[C@:2]([H:4])([H:5])[C@:3]1([H:6])[H:7]
1540 2
[C@:1]1([H:8])([H:9])[C@:2]([H:4])([H:5])[C@:3]1([H:6])[H:7]
1650 2
[C@:1]1([H:8])([H:9])[C@:2]([H:4])([H:5])[C@:3]1([H:6])[H:7]
1760 2
[C@:1]1([H:8])([H:9])[C@:2]([H:4])([H:5])[C@:3]1([H:6])[H:7]
1870 2
[C@:1]1([H:8])([H:9])[C@:2]([H:4])([H:5])[C@:3]1([H:6])[H:7]
1980 2
[C@:1]1([H:8])([H:9])[C@:2]([H:4])([H:5])[C@:3]1([H:6])[H:7]
2090 2
[C@:1]1([H:8])([H:9])[C@:2]([H:4])([H:5])[C@:3]1([H:6])[H:7]
2200 2
[C@:1]1([H:8])([H:9])[C@:2]([H:4])([H:5])[C@:3]1([H:6])[H:7]
2310 2
[C@:1]1([H:8])([H:9])[C@:2]([H:4])([H:5])[C@:3]1([H:6])[H:7]
2420 2
[C@:1]1([H:8])([H:9])[C@:2]([H:4])([H:5])[C@:3]1([H:6])[H:7]
2530 2
[C@:1]1([H:8])([H:9])[C@:2]([H:4])([H:5])[C@:3]1([H:6])[H:7]
2640 2
[C@:1]1([H:8])([H:9])[C@:2]([H:4])([H:5])[C@:3]1([H:6])[H:7]
2750 2
[C@:1]1([H:8])([H:9])[C@:2]([H:4])([H:5])[C@:3]1([H:6])[H:7]
2860 2
[C@:1]1([H:8])([H:9])[C@:2]([H:4])([H:5])[C@:3]1([H:6])[H:7]
2970 2
[C@:1]1([H:8])([H:9])[C@:2]([H:4])([H:5])[C@:3]1([H:6])[H:7]
3080 2
[C@:1]1([H:8])([H:9])[C@:2]([H:4])([H:5])[C@:3]1([H:6])[H:7]
3190 2
[C@:1]1([H:8])([H:9])[C@:2]([H:4])([H:5])[C@:3]1([H:6])[H:7]
3300 2
[C@:1]1([H:8])([H:9])[C@:2]([H:4])([H:5])[C@:3]1([H:6])[H:7]
3410 2
[C@:1]1([H:8])([H:9])[C@:2]([H:4])([H:5])[C@:3]1([H:6])[H:7]
3520 2
[C@:1]1([H:8])([H:9])[C@:2]([H:4])([H:5])[C@:3]1([H:6])[H:7]
3630 2
[C@:1]1([H:8])([H:9])[C@:2]([H:4])([H:5])[C@:3]1([H:6])[H:7]
3740 2
[C@@:1]([C-:2]([H:4])[H:5])([C+:3]([H:6])[H:7])([H:8])[H:9]
smiles =  [C@@:1]([C-:2]([H:4])[H:5])([C+:3]([H:6])[H:7])([H:8])[H:9]
3850 3
[C@:1]1([H:8])([H:9])[C@@:2]([H:4])([H:5])[C@:3]1([H:6])[H:7]
smiles =  [C@:1]1([H:8])([H:9])[C@@:2]([H:4])([H:5])[C@:3]1([H:6])[H:7]
3960 4
[C@:1]1([H:8])([H:9])[C@@:2]([H:4])([H:5])[C@:3]1([H:6])[H:7]
4070 4
[C@:1]1([H:8])([H:9])[C@@:2]([H:4])([H:5])[C@:3]1([H:6])[H:7]
4180 4
[C@:1]1([H:8])([H:9])[C@@:2]([H:4])([H:5])[C@:3]1([H:6])[H:7]
4290 4
[C@:1]1([H:8])([H:9])[C@@:2]([H:4])([H:5])[C@:3]1([H:6])[H:7]
4400 4
[C@:1]1([H:8])([H:9])[C@@:2]([H:4])([H:5])[C@:3]1([H:6])[H:7]
4510 4
[C@:1]1([H:8])([H:9])[C@@:2]([H:4])([H:5])[C@:3]1([H:6])[H:7]
4620 4
[C@:1]1([H:8])([H:9])[C@@:2]([H:4])([H:5])[C@:3]1([H:6])[H:7]
4730 4
[C@:1]1([H:8])([H:9])[C@@:2]([H:4])([H:5])[C@:3]1([H:6])[H:7]
4840 4
[C@:1]1([H:8])([H:9])[C@@:2]([H:4])([H:5])[C@:3]1([H:6])[H:7]
4950 4
[C@:1]1([H:8])([H:9])[C@@:2]([H:4])([H:5])[C@:3]1([H:6])[H:7]
5060 4
[C@:1]1([H:8])([H:9])[C@@:2]([H:4])([H:5])[C@:3]1([H:6])[H:7]
5170 4
[C@:1]1([H:8])([H:9])[C@@:2]([H:4])([H:5])[C@:3]1([H:6])[H:7]
5280 4
[C@:1]1([H:8])([H:9])[C@@:2]([H:4])([H:5])[C@:3]1([H:6])[H:7]
5390 4
[C@:1]1([H:8])([H:9])[C@@:2]([H:4])([H:5])[C@:3]1([H:6])[H:7]
['/groups/kemi/koerstz/opt/xtb/6.1/bin/xtb', '3.xyz', '--opt', 'tight', '--gfn2', '--chrg', '0']
['/groups/kemi/koerstz/opt/xtb/6.1/bin/xtb', '1.xyz', '--opt', 'tight', '--gfn2', '--chrg', '0']
['/groups/kemi/koerstz/opt/xtb/6.1/bin/xtb', '2.xyz', '--opt', 'tight', '--gfn2', '--chrg', '0']
['/groups/kemi/koerstz/opt/xtb/6.1/bin/xtb', '4.xyz', '--opt', 'tight', '--gfn2', '--chrg', '0']
['/groups/kemi/koerstz/opt/xtb/6.1/bin/xtb', 'restart_structure.xyz', '--md', '--input', 'metadyn.inp', '--gfn2', '--chrg', '0']
0 1
[C@:1]1([H:8])([H:9])[C@@:2]([H:4])([H:5])[C@:3]1([H:6])[H:7]
smiles = [C@:1]1([H:8])([H:9])[C@@:2]([H:4])([H:5])[C@:3]1([H:6])[H:7]
110 2
[C@:1]1([H:8])([H:9])[C@@:2]([H:4])([H:5])[C@:3]1([H:6])[H:7]
220 2
[C@:1]1([H:8])([H:9])[C@@:2]([H:4])([H:5])[C@:3]1([H:6])[H:7]
330 2
[C@:1]1([H:8])([H:9])[C@@:2]([H:4])([H:5])[C@:3]1([H:6])[H:7]
440 2
[C@:1]1([H:8])([H:9])[C@@:2]([H:4])([H:5])[C@:3]1([H:6])[H:7]
550 2
[C@:1]1([H:8])([H:9])[C@@:2]([H:4])([H:5])[C@:3]1([H:6])[H:7]
660 2
[C@:1]1([H:8])([H:9])[C@@:2]([H:4])([H:5])[C@:3]1([H:6])[H:7]
770 2
[C@:1]1([H:8])([H:9])[C@@:2]([H:4])([H:5])[C@:3]1([H:6])[H:7]
880 2
[C@:1]1([H:8])([H:9])[C@@:2]([H:4])([H:5])[C@:3]1([H:6])[H:7]
990 2
[C@:1]1([H:8])([H:9])[C@@:2]([H:4])([H:5])[C@:3]1([H:6])[H:7]
1100 2
[C@:1]1([H:8])([H:9])[C@@:2]([H:4])([H:5])[C@:3]1([H:6])[H:7]
1210 2
[C@:1]1([H:8])([H:9])[C@@:2]([H:4])([H:5])[C@:3]1([H:6])[H:7]
1320 2
[C@:1]1([H:8])([H:9])[C@@:2]([H:4])([H:5])[C@:3]1([H:6])[H:7]
1430 2
[C@:1]1([H:8])([H:9])[C@@:2]([H:4])([H:5])[C@:3]1([H:6])[H:7]
1540 2
[C@:1]1([H:8])([H:9])[C@@:2]([H:4])([H:5])[C@:3]1([H:6])[H:7]
1650 2
[C@:1]1([H:8])([H:9])[C@@:2]([H:4])([H:5])[C@:3]1([H:6])[H:7]
1760 2
[C@:1]1([H:8])([H:9])[C@@:2]([H:4])([H:5])[C@:3]1([H:6])[H:7]
1870 2
[C@:1]1([H:8])([H:9])[C@@:2]([H:4])([H:5])[C@:3]1([H:6])[H:7]
1980 2
[C@:1]1([H:8])([H:9])[C@@:2]([H:4])([H:5])[C@:3]1([H:6])[H:7]
2090 2
[C@:1]1([H:8])([H:9])[C@@:2]([H:4])([H:5])[C@:3]1([H:6])[H:7]
2200 2
[C@:1]1([H:8])([H:9])[C@@:2]([H:4])([H:5])[C@:3]1([H:6])[H:7]
2310 2
[C@:1]1([H:8])([H:9])[C@@:2]([H:4])([H:5])[C@:3]1([H:6])[H:7]
2420 2
[C@:1]1([H:8])([H:9])[C@@:2]([H:4])([H:5])[C@:3]1([H:6])[H:7]
2530 2
[C@:1]1([H:8])([H:9])[C@@:2]([H:4])([H:5])[C@:3]1([H:6])[H:7]
2640 2
[C@:1]1([H:8])([H:9])[C@@:2]([H:4])([H:5])[C@:3]1([H:6])[H:7]
2750 2
[C@:1]1([H:8])([H:9])[C@@:2]([H:4])([H:5])[C@:3]1([H:6])[H:7]
2860 2
[C@:1]1([H:8])([H:9])[C@@:2]([H:4])([H:5])[C@:3]1([H:6])[H:7]
2970 2
[C@:1]1([H:8])([H:9])[C@@:2]([H:4])([H:5])[C@:3]1([H:6])[H:7]
3080 2
[C@:1]1([H:8])([H:9])[C@@:2]([H:4])([H:5])[C@:3]1([H:6])[H:7]
3190 2
[C@:1]1([H:8])([H:9])[C@@:2]([H:4])([H:5])[C@:3]1([H:6])[H:7]
3300 2
[C@:1]1([H:8])([H:9])[C@@:2]([H:4])([H:5])[C@:3]1([H:6])[H:7]
3410 2
[C@:1]1([H:8])([H:9])[C@@:2]([H:4])([H:5])[C@:3]1([H:6])[H:7]
3520 2
[C@:1]1([H:8])([H:9])[C@@:2]([H:4])([H:5])[C@:3]1([H:6])[H:7]
3630 2
[C@:1]1([H:8])([H:9])[C@@:2]([H:4])([H:5])[C@:3]1([H:6])[H:7]
3740 2
[C@:1]1([H:8])([H:9])[C@@:2]([H:4])([H:5])[C@:3]1([H:6])[H:7]
3850 2
[C@:1]1([H:8])([H:9])[C@@:2]([H:4])([H:5])[C@:3]1([H:6])[H:7]
3960 2
[C@:1]1([H:8])([H:9])[C@@:2]([H:4])([H:5])[C@:3]1([H:6])[H:7]
4070 2
[C@:1]1([H:8])([H:9])[C@@:2]([H:4])([H:5])[C@:3]1([H:6])[H:7]
4180 2
[C@:1]1([H:8])([H:9])[C@@:2]([H:4])([H:5])[C@:3]1([H:6])[H:7]
4290 2
[C@:1]1([H:8])([H:9])[C@@:2]([H:4])([H:5])[C@:3]1([H:6])[H:7]
4400 2
[C@:1]1([H:8])([H:9])[C@@:2]([H:4])([H:5])[C@:3]1([H:6])[H:7]
4510 2
[C@:1]1([H:8])([H:9])[C@@:2]([H:4])([H:5])[C@:3]1([H:6])[H:7]
4620 2
[C@:1]1([H:8])([H:9])[C@@:2]([H:4])([H:5])[C@:3]1([H:6])[H:7]
4730 2
[C@:1]1([H:8])([H:9])[C@@:2]([H:4])([H:5])[C@:3]1([H:6])[H:7]
4840 2
[C@:1]1([H:8])([H:9])[C@@:2]([H:4])([H:5])[C@:3]1([H:6])[H:7]
4950 2
[C@:1]1([H:8])([H:9])[C@@:2]([H:4])([H:5])[C@:3]1([H:6])[H:7]
5060 2
[C@:1]1([H:8])([H:9])[C@@:2]([H:4])([H:5])[C@:3]1([H:6])[H:7]
5170 2
[C@:1]1([H:8])([H:9])[C@@:2]([H:4])([H:5])[C@:3]1([H:6])[H:7]
5280 2
[C@:1]1([H:8])([H:9])[C@@:2]([H:4])([H:5])[C@:3]1([H:6])[H:7]
5390 2
[C@:1]1([H:8])([H:9])[C@@:2]([H:4])([H:5])[C@:3]1([H:6])[H:7]
['/groups/kemi/koerstz/opt/xtb/6.1/bin/xtb', '1.xyz', '--opt', 'tight', '--gfn2', '--chrg', '0']
['/groups/kemi/koerstz/opt/xtb/6.1/bin/xtb', '2.xyz', '--opt', 'tight', '--gfn2', '--chrg', '0']
['/groups/kemi/koerstz/opt/xtb/6.1/bin/xtb', 'restart_structure.xyz', '--md', '--input', 'metadyn.inp', '--gfn2', '--chrg', '0']
0 1
[C@:1]1([H:8])([H:9])[C@@:2]([H:4])([H:5])[C@:3]1([H:6])[H:7]
smiles = [C@:1]1([H:8])([H:9])[C@@:2]([H:4])([H:5])[C@:3]1([H:6])[H:7]
110 2
[C@:1]1([H:8])([H:9])[C@@:2]([H:4])([H:5])[C@:3]1([H:6])[H:7]
220 2
[C@:1]1([H:8])([H:9])[C@@:2]([H:4])([H:5])[C@:3]1([H:6])[H:7]
330 2
[C@:1]1([H:8])([H:9])[C@@:2]([H:4])([H:5])[C@:3]1([H:6])[H:7]
440 2
[C@:1]1([H:8])([H:9])[C@@:2]([H:4])([H:5])[C@:3]1([H:6])[H:7]
550 2
[C@:1]1([H:8])([H:9])[C@@:2]([H:4])([H:5])[C@:3]1([H:6])[H:7]
660 2
[C@:1]1([H:8])([H:9])[C@@:2]([H:4])([H:5])[C@:3]1([H:6])[H:7]
770 2
[C@:1]1([H:8])([H:9])[C@@:2]([H:4])([H:5])[C@:3]1([H:6])[H:7]
880 2
[C@:1]1([H:8])([H:9])[C@@:2]([H:4])([H:5])[C@:3]1([H:6])[H:7]
990 2
[C@:1]1([H:8])([H:9])[C@@:2]([H:4])([H:5])[C@:3]1([H:6])[H:7]
1100 2
[C@:1]1([H:8])([H:9])[C@@:2]([H:4])([H:5])[C@:3]1([H:6])[H:7]
1210 2
[C@:1]1([H:8])([H:9])[C@@:2]([H:4])([H:5])[C@:3]1([H:6])[H:7]
1320 2
[C@:1]1([H:8])([H:9])[C@@:2]([H:4])([H:5])[C@:3]1([H:6])[H:7]
1430 2
[C@:1]1([H:8])([H:9])[C@@:2]([H:4])([H:5])[C@:3]1([H:6])[H:7]
1540 2
[C@:1]1([H:8])([H:9])[C@@:2]([H:4])([H:5])[C@:3]1([H:6])[H:7]
1650 2
[C@:1]1([H:8])([H:9])[C@@:2]([H:4])([H:5])[C@:3]1([H:6])[H:7]
1760 2
[C@:1]1([H:8])([H:9])[C@@:2]([H:4])([H:5])[C@:3]1([H:6])[H:7]
1870 2
[C@:1]1([H:8])([H:9])[C@@:2]([H:4])([H:5])[C@:3]1([H:6])[H:7]
1980 2
[C@:1]1([H:8])([H:9])[C@@:2]([H:4])([H:5])[C@:3]1([H:6])[H:7]
2090 2
[C@:1]1([H:8])([H:9])[C@@:2]([H:4])([H:5])[C@:3]1([H:6])[H:7]
2200 2
[C@:1]1([H:8])([H:9])[C@@:2]([H:4])([H:5])[C@:3]1([H:6])[H:7]
2310 2
[C@:1]1([H:8])([H:9])[C@@:2]([H:4])([H:5])[C@:3]1([H:6])[H:7]
2420 2
[C@:1]1([H:8])([H:9])[C@@:2]([H:4])([H:5])[C@:3]1([H:6])[H:7]
2530 2
[C@:1]1([H:8])([H:9])[C@@:2]([H:4])([H:5])[C@:3]1([H:6])[H:7]
2640 2
[C@:1]1([H:8])([H:9])[C@@:2]([H:4])([H:5])[C@:3]1([H:6])[H:7]
2750 2
[C@:1]1([H:8])([H:9])[C@@:2]([H:4])([H:5])[C@:3]1([H:6])[H:7]
2860 2
[C@:1]1([H:8])([H:9])[C@@:2]([H:4])([H:5])[C@:3]1([H:6])[H:7]
2970 2
[C@:1]1([H:8])([H:9])[C@@:2]([H:4])([H:5])[C@:3]1([H:6])[H:7]
3080 2
[C@:1]1([H:8])([H:9])[C@@:2]([H:4])([H:5])[C@:3]1([H:6])[H:7]
3190 2
[C@:1]1([H:8])([H:9])[C@@:2]([H:4])([H:5])[C@:3]1([H:6])[H:7]
3300 2
[C@:1]1([H:8])([H:9])[C@@:2]([H:4])([H:5])[C@:3]1([H:6])[H:7]
3410 2
[C@:1]1([H:8])([H:9])[C@@:2]([H:4])([H:5])[C@:3]1([H:6])[H:7]
3520 2
[C@:1]1([H:8])([H:9])[C@@:2]([H:4])([H:5])[C@:3]1([H:6])[H:7]
3630 2
[C@:1]1([H:8])([H:9])[C@@:2]([H:4])([H:5])[C@:3]1([H:6])[H:7]
3740 2
[C@:1]1([H:8])([H:9])[C@@:2]([H:4])([H:5])[C@:3]1([H:6])[H:7]
3850 2
[C@:1]1([H:8])([H:9])[C@@:2]([H:4])([H:5])[C@:3]1([H:6])[H:7]
3960 2
[C@:1]1([H:8])([H:9])[C@@:2]([H:4])([H:5])[C@:3]1([H:6])[H:7]
4070 2
[C@:1]1([H:8])([H:9])[C@@:2]([H:4])([H:5])[C@:3]1([H:6])[H:7]
4180 2
[C@:1]1([H:8])([H:9])[C@@:2]([H:4])([H:5])[C@:3]1([H:6])[H:7]
4290 2
[C@:1]1([H:8])([H:9])[C@@:2]([H:4])([H:5])[C@:3]1([H:6])[H:7]
4400 2
[C@:1]1([H:8])([H:9])[C@@:2]([H:4])([H:5])[C@:3]1([H:6])[H:7]
4510 2
[C@:1]1([H:8])([H:9])[C@@:2]([H:4])([H:5])[C@:3]1([H:6])[H:7]
4620 2
[C-:1]([C@@:2]([C+:3]([H:6])[H:7])([H:4])[H:5])([H:8])[H:9]
smiles =  [C-:1]([C@@:2]([C+:3]([H:6])[H:7])([H:4])[H:5])([H:8])[H:9]
4730 3
[C@@:1]1([H:8])([H:9])[C@@:2]([H:4])([H:5])[C@:3]1([H:6])[H:7]
smiles =  [C@@:1]1([H:8])([H:9])[C@@:2]([H:4])([H:5])[C@:3]1([H:6])[H:7]
4840 4
[C@@:1]1([H:8])([H:9])[C@@:2]([H:4])([H:5])[C@:3]1([H:6])[H:7]
4950 4
[C@@:1]1([H:8])([H:9])[C@@:2]([H:4])([H:5])[C@:3]1([H:6])[H:7]
5060 4
[C@@:1]1([H:8])([H:9])[C@@:2]([H:4])([H:5])[C@:3]1([H:6])[H:7]
5170 4
[C@@:1]1([H:8])([H:9])[C@@:2]([H:4])([H:5])[C@:3]1([H:6])[H:7]
5280 4
[C@@:1]1([H:8])([H:9])[C@@:2]([H:4])([H:5])[C@:3]1([H:6])[H:7]
5390 4
[C@@:1]1([H:8])([H:9])[C@@:2]([H:4])([H:5])[C@:3]1([H:6])[H:7]
['/groups/kemi/koerstz/opt/xtb/6.1/bin/xtb', '3.xyz', '--opt', 'tight', '--gfn2', '--chrg', '0']
['/groups/kemi/koerstz/opt/xtb/6.1/bin/xtb', '1.xyz', '--opt', 'tight', '--gfn2', '--chrg', '0']
['/groups/kemi/koerstz/opt/xtb/6.1/bin/xtb', '2.xyz', '--opt', 'tight', '--gfn2', '--chrg', '0']
['/groups/kemi/koerstz/opt/xtb/6.1/bin/xtb', '4.xyz', '--opt', 'tight', '--gfn2', '--chrg', '0']
change in AC: stopping
run13/structure_database/
run13/structure_database/xyz_files/
run13/structure_database/xyz_files/23d7d09a889e0db063abaadaada9022550d1ac21.xyz
run13/structure_database/xyz_files/34091c0d191cd285cf1501530231aa0bf71f1171.xyz
run13/structure_database/xyz_files/e68fdda73d73ad6e6becaafe68dd1d7f97d4ff7d.xyz
run13/structure_database/xyz_files/496af88f797b42a3cbe686752b2db7f1f8382b3c.xyz
run13/structure_database/xyz_files/7f243174670faec2ae17701ffda43f7e93901d53.xyz
run13/structure_database/xyz_files/e0a6ed1080ee0407d18e3212d820f94b8b332f3b.xyz
run13/structure_database/structure_database.csv
run13/
run13/structure_database/
run13/structure_database/xyz_files/
run13/structure_database/xyz_files/23d7d09a889e0db063abaadaada9022550d1ac21.xyz
run13/structure_database/xyz_files/34091c0d191cd285cf1501530231aa0bf71f1171.xyz
run13/structure_database/xyz_files/e68fdda73d73ad6e6becaafe68dd1d7f97d4ff7d.xyz
run13/structure_database/xyz_files/496af88f797b42a3cbe686752b2db7f1f8382b3c.xyz
run13/structure_database/xyz_files/7f243174670faec2ae17701ffda43f7e93901d53.xyz
run13/structure_database/xyz_files/e0a6ed1080ee0407d18e3212d820f94b8b332f3b.xyz
run13/structure_database/structure_database.csv
run13/dataframe.pkl
run13/0.6_md.xyz
run13/metadynamics/
run13/metadynamics/xtb_25.trj
run13/metadynamics/charges
run13/metadynamics/analyze_trajectory_25/
run13/metadynamics/analyze_trajectory_25/xtbopt.log
run13/metadynamics/analyze_trajectory_25/2.optxyz
run13/metadynamics/analyze_trajectory_25/charges
run13/metadynamics/analyze_trajectory_25/1.xyz
run13/metadynamics/analyze_trajectory_25/xtbrestart
run13/metadynamics/analyze_trajectory_25/run.out
run13/metadynamics/analyze_trajectory_25/optimized_structures/
run13/metadynamics/analyze_trajectory_25/1.optxyz
run13/metadynamics/analyze_trajectory_25/.xtboptok
run13/metadynamics/analyze_trajectory_25/2.xyz
run13/metadynamics/analyze_trajectory_25/nul
run13/metadynamics/analyze_trajectory_25/wbo
run13/metadynamics/mdrestart
run13/metadynamics/analyze_trajectory_10/
run13/metadynamics/analyze_trajectory_10/xtbopt.log
run13/metadynamics/analyze_trajectory_10/2.optxyz
run13/metadynamics/analyze_trajectory_10/4.optxyz
run13/metadynamics/analyze_trajectory_10/3.xyz
run13/metadynamics/analyze_trajectory_10/charges
run13/metadynamics/analyze_trajectory_10/1.xyz
run13/metadynamics/analyze_trajectory_10/xtbrestart
run13/metadynamics/analyze_trajectory_10/run.out
run13/metadynamics/analyze_trajectory_10/optimized_structures/
run13/metadynamics/analyze_trajectory_10/optimized_structures/2.optxyz
run13/metadynamics/analyze_trajectory_10/optimized_structures/3.optxyz
run13/metadynamics/analyze_trajectory_10/1.optxyz
run13/metadynamics/analyze_trajectory_10/.xtboptok
run13/metadynamics/analyze_trajectory_10/2.xyz
run13/metadynamics/analyze_trajectory_10/4.xyz
run13/metadynamics/analyze_trajectory_10/3.optxyz
run13/metadynamics/analyze_trajectory_10/nul
run13/metadynamics/analyze_trajectory_10/wbo
run13/metadynamics/xtb_15.trj
run13/metadynamics/initial_structures.xyz
run13/metadynamics/xtb.trj
run13/metadynamics/scoord.3
run13/metadynamics/xtbrestart
run13/metadynamics/run.out
run13/metadynamics/analyze_trajectory_30/
run13/metadynamics/analyze_trajectory_30/xtbopt.log
run13/metadynamics/analyze_trajectory_30/2.optxyz
run13/metadynamics/analyze_trajectory_30/4.optxyz
run13/metadynamics/analyze_trajectory_30/3.xyz
run13/metadynamics/analyze_trajectory_30/charges
run13/metadynamics/analyze_trajectory_30/1.xyz
run13/metadynamics/analyze_trajectory_30/xtbrestart
run13/metadynamics/analyze_trajectory_30/run.out
run13/metadynamics/analyze_trajectory_30/optimized_structures/
run13/metadynamics/analyze_trajectory_30/optimized_structures/2.optxyz
run13/metadynamics/analyze_trajectory_30/optimized_structures/3.optxyz
run13/metadynamics/analyze_trajectory_30/1.optxyz
run13/metadynamics/analyze_trajectory_30/.xtboptok
run13/metadynamics/analyze_trajectory_30/2.xyz
run13/metadynamics/analyze_trajectory_30/4.xyz
run13/metadynamics/analyze_trajectory_30/3.optxyz
run13/metadynamics/analyze_trajectory_30/nul
run13/metadynamics/analyze_trajectory_30/wbo
run13/metadynamics/scoord.1
run13/metadynamics/0.6_md.xyz
run13/metadynamics/xtb_0.trj
run13/metadynamics/analyze_trajectory_0/
run13/metadynamics/analyze_trajectory_0/xtbopt.log
run13/metadynamics/analyze_trajectory_0/2.optxyz
run13/metadynamics/analyze_trajectory_0/charges
run13/metadynamics/analyze_trajectory_0/1.xyz
run13/metadynamics/analyze_trajectory_0/xtbrestart
run13/metadynamics/analyze_trajectory_0/run.out
run13/metadynamics/analyze_trajectory_0/optimized_structures/
run13/metadynamics/analyze_trajectory_0/optimized_structures/1.optxyz
run13/metadynamics/analyze_trajectory_0/1.optxyz
run13/metadynamics/analyze_trajectory_0/.xtboptok
run13/metadynamics/analyze_trajectory_0/2.xyz
run13/metadynamics/analyze_trajectory_0/nul
run13/metadynamics/analyze_trajectory_0/wbo
run13/metadynamics/restart_structure.xyz
run13/metadynamics/analyze_trajectory_15/
run13/metadynamics/analyze_trajectory_15/xtbopt.log
run13/metadynamics/analyze_trajectory_15/2.optxyz
run13/metadynamics/analyze_trajectory_15/charges
run13/metadynamics/analyze_trajectory_15/1.xyz
run13/metadynamics/analyze_trajectory_15/xtbrestart
run13/metadynamics/analyze_trajectory_15/run.out
run13/metadynamics/analyze_trajectory_15/optimized_structures/
run13/metadynamics/analyze_trajectory_15/1.optxyz
run13/metadynamics/analyze_trajectory_15/.xtboptok
run13/metadynamics/analyze_trajectory_15/2.xyz
run13/metadynamics/analyze_trajectory_15/nul
run13/metadynamics/analyze_trajectory_15/wbo
run13/metadynamics/metadyn.inp
run13/metadynamics/analyze_trajectory_5/
run13/metadynamics/analyze_trajectory_5/xtbopt.log
run13/metadynamics/analyze_trajectory_5/2.optxyz
run13/metadynamics/analyze_trajectory_5/charges
run13/metadynamics/analyze_trajectory_5/1.xyz
run13/metadynamics/analyze_trajectory_5/xtbrestart
run13/metadynamics/analyze_trajectory_5/run.out
run13/metadynamics/analyze_trajectory_5/optimized_structures/
run13/metadynamics/analyze_trajectory_5/1.optxyz
run13/metadynamics/analyze_trajectory_5/.xtboptok
run13/metadynamics/analyze_trajectory_5/2.xyz
run13/metadynamics/analyze_trajectory_5/nul
run13/metadynamics/analyze_trajectory_5/wbo
run13/metadynamics/scoord.4
run13/metadynamics/meta_out.log
run13/metadynamics/analyze_trajectory_20/
run13/metadynamics/analyze_trajectory_20/xtbopt.log
run13/metadynamics/analyze_trajectory_20/2.optxyz
run13/metadynamics/analyze_trajectory_20/4.optxyz
run13/metadynamics/analyze_trajectory_20/3.xyz
run13/metadynamics/analyze_trajectory_20/charges
run13/metadynamics/analyze_trajectory_20/1.xyz
run13/metadynamics/analyze_trajectory_20/xtbrestart
run13/metadynamics/analyze_trajectory_20/run.out
run13/metadynamics/analyze_trajectory_20/optimized_structures/
run13/metadynamics/analyze_trajectory_20/optimized_structures/2.optxyz
run13/metadynamics/analyze_trajectory_20/1.optxyz
run13/metadynamics/analyze_trajectory_20/.xtboptok
run13/metadynamics/analyze_trajectory_20/2.xyz
run13/metadynamics/analyze_trajectory_20/4.xyz
run13/metadynamics/analyze_trajectory_20/3.optxyz
run13/metadynamics/analyze_trajectory_20/nul
run13/metadynamics/analyze_trajectory_20/wbo
run13/metadynamics/nul
run13/metadynamics/wbo
run13/metadynamics/scoord.2
run13/metadynamics/xtb_5.trj
run13/metadynamics/xtb_30.trj
run13/metadynamics/xtbmdok
run13/metadynamics/xtb_20.trj
run13/metadynamics/xtb_10.trj
run13/md/
run13/md/xtbopt.log
run13/md/charges
run13/md/mdrestart
run13/md/xtb.trj
run13/md/xtbrestart
run13/md/run.out
run13/md/scoord.1
run13/md/0.6_md.xyz
run13/md/.xtboptok
run13/md/md.inp
run13/md/0.xyz
run13/md/md_out.log
run13/md/nul
run13/md/wbo
run13/md/xtbopt.xyz
run13/md/xtbmdok
