!!! Warning !!! Distance between atoms 6 and 3 (0.950635 A) is suspicious.
!!! Warning !!! Distance between atoms 7 and 3 (0.966634 A) is suspicious.
!!! Warning !!! Distance between atoms 7 and 3 (0.996188 A) is suspicious.
!!! Warning !!! Distance between atoms 7 and 3 (0.991722 A) is suspicious.
!!! Warning !!! Distance between atoms 8 and 1 (0.996959 A) is suspicious.
!!! Warning !!! Distance between atoms 6 and 3 (0.992498 A) is suspicious.
!!! Warning !!! Distance between atoms 9 and 1 (0.994286 A) is suspicious.
!!! Warning !!! Distance between atoms 4 and 2 (0.996913 A) is suspicious.
!!! Warning !!! Distance between atoms 5 and 2 (0.920875 A) is suspicious.
!!! Warning !!! Distance between atoms 6 and 3 (0.990253 A) is suspicious.
