!!! Warning !!! Distance between atoms 4 and 2 (0.960660 A) is suspicious.
!!! Warning !!! Distance between atoms 4 and 2 (0.986982 A) is suspicious.
!!! Warning !!! Distance between atoms 4 and 2 (0.908925 A) is suspicious.
!!! Warning !!! Distance between atoms 4 and 2 (0.982226 A) is suspicious.
!!! Warning !!! Distance between atoms 4 and 2 (0.977823 A) is suspicious.
