!!! Warning !!! Distance between atoms 5 and 2 (0.998228 A) is suspicious.
!!! Warning !!! Distance between atoms 7 and 3 (0.997635 A) is suspicious.
!!! Warning !!! Distance between atoms 7 and 3 (0.991150 A) is suspicious.
!!! Warning !!! Distance between atoms 8 and 1 (0.998186 A) is suspicious.
!!! Warning !!! Distance between atoms 4 and 2 (0.993906 A) is suspicious.
!!! Warning !!! Distance between atoms 9 and 1 (0.982946 A) is suspicious.
!!! Warning !!! Distance between atoms 9 and 1 (0.902654 A) is suspicious.
!!! Warning !!! Distance between atoms 7 and 3 (0.997105 A) is suspicious.
!!! Warning !!! Distance between atoms 6 and 3 (0.987793 A) is suspicious.
!!! Warning !!! Distance between atoms 8 and 1 (0.995532 A) is suspicious.
!!! Warning !!! Distance between atoms 6 and 3 (0.989564 A) is suspicious.
!!! Warning !!! Distance between atoms 8 and 1 (0.993892 A) is suspicious.
!!! Warning !!! Distance between atoms 8 and 1 (0.982090 A) is suspicious.
!!! Warning !!! Distance between atoms 9 and 1 (0.972720 A) is suspicious.
!!! Warning !!! Distance between atoms 4 and 2 (0.987042 A) is suspicious.
!!! Warning !!! Distance between atoms 7 and 3 (0.967876 A) is suspicious.
