!!! Warning !!! Distance between atoms 8 and 1 (0.999984 A) is suspicious.
!!! Warning !!! Distance between atoms 9 and 1 (0.997971 A) is suspicious.
!!! Warning !!! Distance between atoms 8 and 1 (0.975659 A) is suspicious.
