!!! Warning !!! Distance between atoms 5 and 2 (0.999045 A) is suspicious.
!!! Warning !!! Distance between atoms 7 and 3 (0.974933 A) is suspicious.
!!! Warning !!! Distance between atoms 4 and 2 (0.952498 A) is suspicious.
!!! Warning !!! Distance between atoms 7 and 3 (0.998085 A) is suspicious.
!!! Warning !!! Distance between atoms 7 and 3 (0.960960 A) is suspicious.
!!! Warning !!! Distance between atoms 9 and 1 (0.942688 A) is suspicious.
!!! Warning !!! Distance between atoms 6 and 3 (0.998930 A) is suspicious.
!!! Warning !!! Distance between atoms 8 and 1 (0.999616 A) is suspicious.
!!! Warning !!! Distance between atoms 7 and 3 (0.969146 A) is suspicious.
!!! Warning !!! Distance between atoms 7 and 3 (0.964540 A) is suspicious.
!!! Warning !!! Distance between atoms 6 and 3 (0.995627 A) is suspicious.
!!! Warning !!! Distance between atoms 6 and 3 (0.989710 A) is suspicious.
!!! Warning !!! Distance between atoms 6 and 3 (0.997519 A) is suspicious.
