!!! Warning !!! Distance between atoms 6 and 3 (0.927648 A) is suspicious.
!!! Warning !!! Distance between atoms 5 and 2 (0.930974 A) is suspicious.
!!! Warning !!! Distance between atoms 8 and 1 (0.987068 A) is suspicious.
!!! Warning !!! Distance between atoms 8 and 1 (0.991662 A) is suspicious.
!!! Warning !!! Distance between atoms 9 and 1 (0.949242 A) is suspicious.
!!! Warning !!! Distance between atoms 7 and 3 (0.893276 A) is suspicious.
!!! Warning !!! Distance between atoms 9 and 1 (0.998257 A) is suspicious.
!!! Warning !!! Distance between atoms 7 and 3 (0.951554 A) is suspicious.
!!! Warning !!! Distance between atoms 7 and 3 (0.991494 A) is suspicious.
!!! Warning !!! Distance between atoms 6 and 3 (0.992814 A) is suspicious.
!!! Warning !!! Distance between atoms 7 and 3 (0.964270 A) is suspicious.
!!! Warning !!! Distance between atoms 9 and 1 (0.989179 A) is suspicious.
!!! Warning !!! Distance between atoms 7 and 3 (0.985336 A) is suspicious.
!!! Warning !!! Distance between atoms 8 and 1 (0.970228 A) is suspicious.
!!! Warning !!! Distance between atoms 5 and 2 (0.994141 A) is suspicious.
!!! Warning !!! Distance between atoms 6 and 3 (0.995953 A) is suspicious.
!!! Warning !!! Distance between atoms 9 and 1 (0.982400 A) is suspicious.
!!! Warning !!! Distance between atoms 4 and 2 (0.993445 A) is suspicious.
!!! Warning !!! Distance between atoms 4 and 2 (0.984190 A) is suspicious.
