!!! Warning !!! Distance between atoms 8 and 1 (0.997336 A) is suspicious.
!!! Warning !!! Distance between atoms 7 and 3 (0.996271 A) is suspicious.
!!! Warning !!! Distance between atoms 7 and 3 (0.993988 A) is suspicious.
!!! Warning !!! Distance between atoms 9 and 1 (0.961824 A) is suspicious.
!!! Warning !!! Distance between atoms 7 and 3 (0.997331 A) is suspicious.
!!! Warning !!! Distance between atoms 9 and 1 (0.994693 A) is suspicious.
!!! Warning !!! Distance between atoms 6 and 3 (0.997195 A) is suspicious.
!!! Warning !!! Distance between atoms 8 and 1 (0.984543 A) is suspicious.
!!! Warning !!! Distance between atoms 5 and 2 (0.991598 A) is suspicious.
!!! Warning !!! Distance between atoms 4 and 2 (0.973692 A) is suspicious.
!!! Warning !!! Distance between atoms 4 and 2 (0.954533 A) is suspicious.
!!! Warning !!! Distance between atoms 5 and 2 (0.978908 A) is suspicious.
!!! Warning !!! Distance between atoms 4 and 2 (0.946333 A) is suspicious.
!!! Warning !!! Distance between atoms 6 and 3 (0.977428 A) is suspicious.
!!! Warning !!! Distance between atoms 4 and 2 (0.954533 A) is suspicious.
