['/groups/kemi/koerstz/opt/xtb/6.1/bin/xtb', '0.xyz', '--omd', '--input', 'md.inp', '--gfn2', '--chrg', '0']
['/groups/kemi/koerstz/opt/xtb/6.1/bin/xtb', '0.6_md.xyz', '--md', '--input', 'metadyn.inp', '--gfn2', '--chrg', '0']
0 1
[C@@:1]1([H:8])([H:9])[C@:2]([H:4])([H:5])[C@:3]1([H:6])[H:7]
smiles = [C@@:1]1([H:8])([H:9])[C@:2]([H:4])([H:5])[C@:3]1([H:6])[H:7]
110 2
[C@@:1]1([H:8])([H:9])[C@:2]([H:4])([H:5])[C@:3]1([H:6])[H:7]
220 2
[C@@:1]1([H:8])([H:9])[C@:2]([H:4])([H:5])[C@:3]1([H:6])[H:7]
330 2
[C@@:1]1([H:8])([H:9])[C@:2]([H:4])([H:5])[C@:3]1([H:6])[H:7]
440 2
[C@@:1]1([H:8])([H:9])[C@:2]([H:4])([H:5])[C@:3]1([H:6])[H:7]
550 2
[C@@:1]1([H:8])([H:9])[C@:2]([H:4])([H:5])[C@:3]1([H:6])[H:7]
660 2
[C@@:1]1([H:8])([H:9])[C@:2]([H:4])([H:5])[C@:3]1([H:6])[H:7]
770 2
[C@@:1]1([H:8])([H:9])[C@:2]([H:4])([H:5])[C@:3]1([H:6])[H:7]
880 2
[C@@:1]1([H:8])([H:9])[C@:2]([H:4])([H:5])[C@:3]1([H:6])[H:7]
990 2
[C@@:1]1([H:8])([H:9])[C@:2]([H:4])([H:5])[C@:3]1([H:6])[H:7]
1100 2
[C@@:1]1([H:8])([H:9])[C@:2]([H:4])([H:5])[C@:3]1([H:6])[H:7]
1210 2
[C@@:1]1([H:8])([H:9])[C@:2]([H:4])([H:5])[C@:3]1([H:6])[H:7]
1320 2
[C@@:1]1([H:8])([H:9])[C@:2]([H:4])([H:5])[C@:3]1([H:6])[H:7]
1430 2
[C@@:1]1([H:8])([H:9])[C@:2]([H:4])([H:5])[C@:3]1([H:6])[H:7]
1540 2
[C@@:1]1([H:8])([H:9])[C@:2]([H:4])([H:5])[C@:3]1([H:6])[H:7]
1650 2
[C@@:1]1([H:8])([H:9])[C@:2]([H:4])([H:5])[C@:3]1([H:6])[H:7]
1760 2
[C@@:1]1([H:8])([H:9])[C@:2]([H:4])([H:5])[C@:3]1([H:6])[H:7]
1870 2
[C@@:1]1([H:8])([H:9])[C@:2]([H:4])([H:5])[C@:3]1([H:6])[H:7]
1980 2
[C@@:1]1([H:8])([H:9])[C@:2]([H:4])([H:5])[C@:3]1([H:6])[H:7]
2090 2
[C@@:1]1([H:8])([H:9])[C@:2]([H:4])([H:5])[C@:3]1([H:6])[H:7]
2200 2
[C@@:1]1([H:8])([H:9])[C@:2]([H:4])([H:5])[C@:3]1([H:6])[H:7]
2310 2
[C@@:1]1([H:8])([H:9])[C@:2]([H:4])([H:5])[C@:3]1([H:6])[H:7]
2420 2
[C@@:1]1([H:8])([H:9])[C@:2]([H:4])([H:5])[C@:3]1([H:6])[H:7]
2530 2
[C@@:1]1([H:8])([H:9])[C@:2]([H:4])([H:5])[C@:3]1([H:6])[H:7]
2640 2
[C@@:1]1([H:8])([H:9])[C@:2]([H:4])([H:5])[C@:3]1([H:6])[H:7]
2750 2
[C@@:1]1([H:8])([H:9])[C@:2]([H:4])([H:5])[C@:3]1([H:6])[H:7]
2860 2
[C@@:1]1([H:8])([H:9])[C@:2]([H:4])([H:5])[C@:3]1([H:6])[H:7]
2970 2
[C@@:1]1([H:8])([H:9])[C@:2]([H:4])([H:5])[C@:3]1([H:6])[H:7]
3080 2
[C@@:1]1([H:8])([H:9])[C@:2]([H:4])([H:5])[C@:3]1([H:6])[H:7]
3190 2
[C@@:1]1([H:8])([H:9])[C@:2]([H:4])([H:5])[C@:3]1([H:6])[H:7]
3300 2
[C@@:1]1([H:8])([H:9])[C@:2]([H:4])([H:5])[C@:3]1([H:6])[H:7]
3410 2
[C@@:1]1([H:8])([H:9])[C@:2]([H:4])([H:5])[C@:3]1([H:6])[H:7]
3520 2
[C@@:1]1([H:8])([H:9])[C@:2]([H:4])([H:5])[C@:3]1([H:6])[H:7]
3630 2
[C@@:1]1([H:8])([H:9])[C@:2]([H:4])([H:5])[C@:3]1([H:6])[H:7]
3740 2
[C@@:1]1([H:8])([H:9])[C@:2]([H:4])([H:5])[C@:3]1([H:6])[H:7]
3850 2
[C@@:1]1([H:8])([H:9])[C@:2]([H:4])([H:5])[C@:3]1([H:6])[H:7]
3960 2
[C@@:1]1([H:8])([H:9])[C@:2]([H:4])([H:5])[C@:3]1([H:6])[H:7]
4070 2
[C@@:1]1([H:8])([H:9])[C@:2]([H:4])([H:5])[C@:3]1([H:6])[H:7]
4180 2
[C@@:1]1([H:8])([H:9])[C@:2]([H:4])([H:5])[C@:3]1([H:6])[H:7]
4290 2
[C@@:1]1([H:8])([H:9])[C@:2]([H:4])([H:5])[C@:3]1([H:6])[H:7]
4400 2
[C@@:1]1([H:8])([H:9])[C@:2]([H:4])([H:5])[C@:3]1([H:6])[H:7]
4510 2
[C@@:1]1([H:8])([H:9])[C@:2]([H:4])([H:5])[C@:3]1([H:6])[H:7]
4620 2
[C@@:1]1([H:8])([H:9])[C@:2]([H:4])([H:5])[C@:3]1([H:6])[H:7]
4730 2
[C@@:1]1([H:8])([H:9])[C@:2]([H:4])([H:5])[C@:3]1([H:6])[H:7]
4840 2
[C@@:1]1([H:8])([H:9])[C@:2]([H:4])([H:5])[C@:3]1([H:6])[H:7]
4950 2
[C@@:1]1([H:8])([H:9])[C@:2]([H:4])([H:5])[C@:3]1([H:6])[H:7]
5060 2
[C@@:1]1([H:8])([H:9])[C@:2]([H:4])([H:5])[C@:3]1([H:6])[H:7]
5170 2
[C@@:1]1([H:8])([H:9])[C@:2]([H:4])([H:5])[C@:3]1([H:6])[H:7]
5280 2
[C@@:1]1([H:8])([H:9])[C@:2]([H:4])([H:5])[C@:3]1([H:6])[H:7]
5390 2
[C@@:1]1([H:8])([H:9])[C@:2]([H:4])([H:5])[C@:3]1([H:6])[H:7]
['/groups/kemi/koerstz/opt/xtb/6.1/bin/xtb', '1.xyz', '--opt', 'tight', '--gfn2', '--chrg', '0']
['/groups/kemi/koerstz/opt/xtb/6.1/bin/xtb', '2.xyz', '--opt', 'tight', '--gfn2', '--chrg', '0']
['/groups/kemi/koerstz/opt/xtb/6.1/bin/xtb', 'restart_structure.xyz', '--md', '--input', 'metadyn.inp', '--gfn2', '--chrg', '0']
0 1
[C@@:1]1([H:8])([H:9])[C@:2]([H:4])([H:5])[C@:3]1([H:6])[H:7]
smiles = [C@@:1]1([H:8])([H:9])[C@:2]([H:4])([H:5])[C@:3]1([H:6])[H:7]
110 2
[C@@:1]1([H:8])([H:9])[C@:2]([H:4])([H:5])[C@:3]1([H:6])[H:7]
220 2
[C@@:1]1([H:8])([H:9])[C@:2]([H:4])([H:5])[C@:3]1([H:6])[H:7]
330 2
[C@@:1]1([H:8])([H:9])[C@:2]([H:4])([H:5])[C@:3]1([H:6])[H:7]
440 2
[C@@:1]1([H:8])([H:9])[C@:2]([H:4])([H:5])[C@:3]1([H:6])[H:7]
550 2
[C@@:1]1([H:8])([H:9])[C@:2]([H:4])([H:5])[C@:3]1([H:6])[H:7]
660 2
[C@@:1]1([H:8])([H:9])[C@:2]([H:4])([H:5])[C@:3]1([H:6])[H:7]
770 2
[C@@:1]1([H:8])([H:9])[C@:2]([H:4])([H:5])[C@:3]1([H:6])[H:7]
880 2
[C@@:1]1([H:8])([H:9])[C@:2]([H:4])([H:5])[C@:3]1([H:6])[H:7]
990 2
[C@@:1]1([H:8])([H:9])[C@:2]([H:4])([H:5])[C@:3]1([H:6])[H:7]
1100 2
[C@@:1]1([H:8])([H:9])[C@:2]([H:4])([H:5])[C@:3]1([H:6])[H:7]
1210 2
[C@@:1]1([H:8])([H:9])[C@:2]([H:4])([H:5])[C@:3]1([H:6])[H:7]
1320 2
[C@@:1]1([H:8])([H:9])[C@:2]([H:4])([H:5])[C@:3]1([H:6])[H:7]
1430 2
[C@@:1]1([H:8])([H:9])[C@:2]([H:4])([H:5])[C@:3]1([H:6])[H:7]
1540 2
[C@@:1]1([H:8])([H:9])[C@:2]([H:4])([H:5])[C@:3]1([H:6])[H:7]
1650 2
[C@@:1]1([H:8])([H:9])[C@:2]([H:4])([H:5])[C@:3]1([H:6])[H:7]
1760 2
[C@@:1]1([H:8])([H:9])[C@:2]([H:4])([H:5])[C@:3]1([H:6])[H:7]
1870 2
[C@@:1]1([H:8])([H:9])[C@:2]([H:4])([H:5])[C@:3]1([H:6])[H:7]
1980 2
[C@@:1]1([H:8])([H:9])[C@:2]([H:4])([H:5])[C@:3]1([H:6])[H:7]
2090 2
[C@@:1]1([H:8])([H:9])[C@:2]([H:4])([H:5])[C@:3]1([H:6])[H:7]
2200 2
[C@@:1]1([H:8])([H:9])[C@:2]([H:4])([H:5])[C@:3]1([H:6])[H:7]
2310 2
[C@@:1]1([H:8])([H:9])[C@:2]([H:4])([H:5])[C@:3]1([H:6])[H:7]
2420 2
[C@@:1]1([H:8])([H:9])[C@:2]([H:4])([H:5])[C@:3]1([H:6])[H:7]
2530 2
[C@@:1]1([H:8])([H:9])[C@:2]([H:4])([H:5])[C@:3]1([H:6])[H:7]
2640 2
[C@@:1]1([H:8])([H:9])[C@:2]([H:4])([H:5])[C@:3]1([H:6])[H:7]
2750 2
[C@@:1]1([H:8])([H:9])[C@:2]([H:4])([H:5])[C@:3]1([H:6])[H:7]
2860 2
[C@@:1]1([H:8])([H:9])[C@:2]([H:4])([H:5])[C@:3]1([H:6])[H:7]
2970 2
[C@@:1]1([H:8])([H:9])[C@:2]([H:4])([H:5])[C@:3]1([H:6])[H:7]
3080 2
[C@@:1]1([H:8])([H:9])[C@:2]([H:4])([H:5])[C@:3]1([H:6])[H:7]
3190 2
[C@@:1]1([H:8])([H:9])[C@:2]([H:4])([H:5])[C@:3]1([H:6])[H:7]
3300 2
[C@@:1]1([H:8])([H:9])[C@:2]([H:4])([H:5])[C@:3]1([H:6])[H:7]
3410 2
[C@@:1]1([H:8])([H:9])[C@:2]([H:4])([H:5])[C@:3]1([H:6])[H:7]
3520 2
[C@@:1]1([H:8])([H:9])[C@:2]([H:4])([H:5])[C@:3]1([H:6])[H:7]
3630 2
[C@@:1]1([H:8])([H:9])[C@:2]([H:4])([H:5])[C@:3]1([H:6])[H:7]
3740 2
[C@@:1]1([H:8])([H:9])[C@:2]([H:4])([H:5])[C@:3]1([H:6])[H:7]
3850 2
[C@@:1]1([H:8])([H:9])[C@:2]([H:4])([H:5])[C@:3]1([H:6])[H:7]
3960 2
[C@@:1]1([H:8])([H:9])[C@:2]([H:4])([H:5])[C@:3]1([H:6])[H:7]
4070 2
[C@@:1]1([H:8])([H:9])[C@:2]([H:4])([H:5])[C@:3]1([H:6])[H:7]
4180 2
[C@@:1]1([H:8])([H:9])[C@:2]([H:4])([H:5])[C@:3]1([H:6])[H:7]
4290 2
[C@@:1]1([H:8])([H:9])[C@:2]([H:4])([H:5])[C@:3]1([H:6])[H:7]
4400 2
[C@@:1]1([H:8])([H:9])[C@:2]([H:4])([H:5])[C@:3]1([H:6])[H:7]
4510 2
[C@@:1]1([H:8])([H:9])[C@:2]([H:4])([H:5])[C@:3]1([H:6])[H:7]
4620 2
[C@@:1]1([H:8])([H:9])[C@:2]([H:4])([H:5])[C@:3]1([H:6])[H:7]
4730 2
[C@@:1]1([H:8])([H:9])[C@:2]([H:4])([H:5])[C@:3]1([H:6])[H:7]
4840 2
[C@@:1]1([H:8])([H:9])[C@:2]([H:4])([H:5])[C@:3]1([H:6])[H:7]
4950 2
[C@@:1]1([H:8])([H:9])[C@:2]([H:4])([H:5])[C@:3]1([H:6])[H:7]
5060 2
[C@@:1]1([H:8])([H:9])[C@:2]([H:4])([H:5])[C@:3]1([H:6])[H:7]
5170 2
[C@@:1]1([H:8])([H:9])[C@:2]([H:4])([H:5])[C@:3]1([H:6])[H:7]
5280 2
[C@@:1]1([H:8])([H:9])[C@:2]([H:4])([H:5])[C@:3]1([H:6])[H:7]
5390 2
[C@@:1]1([H:8])([H:9])[C@:2]([H:4])([H:5])[C@:3]1([H:6])[H:7]
['/groups/kemi/koerstz/opt/xtb/6.1/bin/xtb', '1.xyz', '--opt', 'tight', '--gfn2', '--chrg', '0']
['/groups/kemi/koerstz/opt/xtb/6.1/bin/xtb', '2.xyz', '--opt', 'tight', '--gfn2', '--chrg', '0']
['/groups/kemi/koerstz/opt/xtb/6.1/bin/xtb', 'restart_structure.xyz', '--md', '--input', 'metadyn.inp', '--gfn2', '--chrg', '0']
0 1
[C@@:1]1([H:8])([H:9])[C@:2]([H:4])([H:5])[C@:3]1([H:6])[H:7]
smiles = [C@@:1]1([H:8])([H:9])[C@:2]([H:4])([H:5])[C@:3]1([H:6])[H:7]
110 2
[C@@:1]1([H:8])([H:9])[C@:2]([H:4])([H:5])[C@:3]1([H:6])[H:7]
220 2
[C@@:1]1([H:8])([H:9])[C@:2]([H:4])([H:5])[C@:3]1([H:6])[H:7]
330 2
[C@@:1]1([H:8])([H:9])[C@:2]([H:4])([H:5])[C@:3]1([H:6])[H:7]
440 2
[C@@:1]1([H:8])([H:9])[C@:2]([H:4])([H:5])[C@:3]1([H:6])[H:7]
550 2
[C@@:1]1([H:8])([H:9])[C@:2]([H:4])([H:5])[C@:3]1([H:6])[H:7]
660 2
[C@@:1]1([H:8])([H:9])[C@:2]([H:4])([H:5])[C@:3]1([H:6])[H:7]
770 2
[C@@:1]1([H:8])([H:9])[C@:2]([H:4])([H:5])[C@:3]1([H:6])[H:7]
880 2
[C@@:1]1([H:8])([H:9])[C@:2]([H:4])([H:5])[C@:3]1([H:6])[H:7]
990 2
[C@@:1]1([H:8])([H:9])[C@:2]([H:4])([H:5])[C@:3]1([H:6])[H:7]
1100 2
[C@@:1]1([H:8])([H:9])[C@:2]([H:4])([H:5])[C@:3]1([H:6])[H:7]
1210 2
[C@@:1]1([H:8])([H:9])[C@:2]([H:4])([H:5])[C@:3]1([H:6])[H:7]
1320 2
[C@@:1]1([H:8])([H:9])[C@:2]([H:4])([H:5])[C@:3]1([H:6])[H:7]
1430 2
[C@@:1]1([H:8])([H:9])[C@:2]([H:4])([H:5])[C@:3]1([H:6])[H:7]
1540 2
[C@@:1]1([H:8])([H:9])[C@:2]([H:4])([H:5])[C@:3]1([H:6])[H:7]
1650 2
[C@@:1]1([H:8])([H:9])[C@:2]([H:4])([H:5])[C@:3]1([H:6])[H:7]
1760 2
[C@@:1]1([H:8])([H:9])[C@:2]([H:4])([H:5])[C@:3]1([H:6])[H:7]
1870 2
[C@@:1]1([H:8])([H:9])[C@:2]([H:4])([H:5])[C@:3]1([H:6])[H:7]
1980 2
[C@@:1]1([H:8])([H:9])[C@:2]([H:4])([H:5])[C@:3]1([H:6])[H:7]
2090 2
[C@@:1]1([H:8])([H:9])[C@:2]([H:4])([H:5])[C@:3]1([H:6])[H:7]
2200 2
[C@@:1]1([H:8])([H:9])[C@:2]([H:4])([H:5])[C@:3]1([H:6])[H:7]
2310 2
[C@@:1]1([H:8])([H:9])[C@:2]([H:4])([H:5])[C@:3]1([H:6])[H:7]
2420 2
[C@@:1]1([H:8])([H:9])[C@:2]([H:4])([H:5])[C@:3]1([H:6])[H:7]
2530 2
[C@@:1]1([H:8])([H:9])[C@:2]([H:4])([H:5])[C@:3]1([H:6])[H:7]
2640 2
[C@@:1]1([H:8])([H:9])[C@:2]([H:4])([H:5])[C@:3]1([H:6])[H:7]
2750 2
[C@@:1]1([H:8])([H:9])[C@:2]([H:4])([H:5])[C@:3]1([H:6])[H:7]
2860 2
[C@@:1]1([H:8])([H:9])[C@:2]([H:4])([H:5])[C@:3]1([H:6])[H:7]
2970 2
[C@@:1]1([H:8])([H:9])[C@:2]([H:4])([H:5])[C@:3]1([H:6])[H:7]
3080 2
[C@@:1]1([H:8])([H:9])[C@:2]([H:4])([H:5])[C@:3]1([H:6])[H:7]
3190 2
[C@@:1]1([H:8])([H:9])[C@:2]([H:4])([H:5])[C@:3]1([H:6])[H:7]
3300 2
[C@@:1]1([H:8])([H:9])[C@:2]([H:4])([H:5])[C@:3]1([H:6])[H:7]
3410 2
[C@@:1]1([H:8])([H:9])[C@:2]([H:4])([H:5])[C@:3]1([H:6])[H:7]
3520 2
[C@@:1]1([H:8])([H:9])[C@:2]([H:4])([H:5])[C@:3]1([H:6])[H:7]
3630 2
[C@@:1]1([H:8])([H:9])[C@:2]([H:4])([H:5])[C@:3]1([H:6])[H:7]
3740 2
[C@@:1]1([H:8])([H:9])[C@:2]([H:4])([H:5])[C@:3]1([H:6])[H:7]
3850 2
[C@@:1]1([H:8])([H:9])[C@:2]([H:4])([H:5])[C@:3]1([H:6])[H:7]
3960 2
[C@@:1]1([H:8])([H:9])[C@:2]([H:4])([H:5])[C@:3]1([H:6])[H:7]
4070 2
[C@@:1]1([H:8])([H:9])[C@:2]([H:4])([H:5])[C@:3]1([H:6])[H:7]
4180 2
[C@@:1]1([H:8])([H:9])[C@:2]([H:4])([H:5])[C@:3]1([H:6])[H:7]
4290 2
[C@@:1]1([H:8])([H:9])[C@:2]([H:4])([H:5])[C@:3]1([H:6])[H:7]
4400 2
[C@@:1]1([H:8])([H:9])[C@:2]([H:4])([H:5])[C@:3]1([H:6])[H:7]
4510 2
[C@@:1]1([H:8])([H:9])[C@:2]([H:4])([H:5])[C@:3]1([H:6])[H:7]
4620 2
[C@@:1]1([H:8])([H:9])[C@:2]([H:4])([H:5])[C@:3]1([H:6])[H:7]
4730 2
[C@@:1]1([H:8])([H:9])[C@:2]([H:4])([H:5])[C@:3]1([H:6])[H:7]
4840 2
[C@@:1]1([H:8])([H:9])[C@:2]([H:4])([H:5])[C@:3]1([H:6])[H:7]
4950 2
[C@@:1]1([H:8])([H:9])[C@:2]([H:4])([H:5])[C@:3]1([H:6])[H:7]
5060 2
[C@@:1]1([H:8])([H:9])[C@:2]([H:4])([H:5])[C@:3]1([H:6])[H:7]
5170 2
[C@@:1]1([H:8])([H:9])[C@:2]([H:4])([H:5])[C@:3]1([H:6])[H:7]
5280 2
[C@:1]([C-:2]([H:4])[H:5])([C+:3]([H:6])[H:7])([H:8])[H:9]
smiles =  [C@:1]([C-:2]([H:4])[H:5])([C+:3]([H:6])[H:7])([H:8])[H:9]
5390 3
[C@:1]([C-:2]([H:4])[H:5])([C+:3]([H:6])[H:7])([H:8])[H:9]
['/groups/kemi/koerstz/opt/xtb/6.1/bin/xtb', '1.xyz', '--opt', 'tight', '--gfn2', '--chrg', '0']
['/groups/kemi/koerstz/opt/xtb/6.1/bin/xtb', '2.xyz', '--opt', 'tight', '--gfn2', '--chrg', '0']
['/groups/kemi/koerstz/opt/xtb/6.1/bin/xtb', '3.xyz', '--opt', 'tight', '--gfn2', '--chrg', '0']
['/groups/kemi/koerstz/opt/xtb/6.1/bin/xtb', 'restart_structure.xyz', '--md', '--input', 'metadyn.inp', '--gfn2', '--chrg', '0']
0 1
[C@@:1]1([H:8])([H:9])[C@:2]([H:4])([H:5])[C@@:3]1([H:6])[H:7]
smiles = [C@@:1]1([H:8])([H:9])[C@:2]([H:4])([H:5])[C@@:3]1([H:6])[H:7]
110 2
[C@@:1]1([H:8])([H:9])[C@:2]([H:4])([H:5])[C@@:3]1([H:6])[H:7]
220 2
[C@@:1]1([H:8])([H:9])[C@:2]([H:4])([H:5])[C@@:3]1([H:6])[H:7]
330 2
[C@@:1]1([H:8])([H:9])[C@:2]([H:4])([H:5])[C@@:3]1([H:6])[H:7]
440 2
[C@@:1]1([H:8])([H:9])[C@:2]([H:4])([H:5])[C@@:3]1([H:6])[H:7]
550 2
[C@@:1]1([H:8])([H:9])[C@:2]([H:4])([H:5])[C@@:3]1([H:6])[H:7]
660 2
[C@@:1]1([H:8])([H:9])[C@:2]([H:4])([H:5])[C@@:3]1([H:6])[H:7]
770 2
[C@@:1]1([H:8])([H:9])[C@:2]([H:4])([H:5])[C@@:3]1([H:6])[H:7]
880 2
[C@@:1]1([H:8])([H:9])[C@:2]([H:4])([H:5])[C@@:3]1([H:6])[H:7]
990 2
[C@@:1]1([H:8])([H:9])[C@:2]([H:4])([H:5])[C@@:3]1([H:6])[H:7]
1100 2
[C@@:1]1([H:8])([H:9])[C@:2]([H:4])([H:5])[C@@:3]1([H:6])[H:7]
1210 2
[C@@:1]1([H:8])([H:9])[C@:2]([H:4])([H:5])[C@@:3]1([H:6])[H:7]
1320 2
[C@@:1]1([H:8])([H:9])[C@:2]([H:4])([H:5])[C@@:3]1([H:6])[H:7]
1430 2
[C@@:1]1([H:8])([H:9])[C@:2]([H:4])([H:5])[C@@:3]1([H:6])[H:7]
1540 2
[C@@:1]1([H:8])([H:9])[C@:2]([H:4])([H:5])[C@@:3]1([H:6])[H:7]
1650 2
[C@@:1]1([H:8])([H:9])[C@:2]([H:4])([H:5])[C@@:3]1([H:6])[H:7]
1760 2
[C@@:1]1([H:8])([H:9])[C@:2]([H:4])([H:5])[C@@:3]1([H:6])[H:7]
1870 2
[C@@:1]1([H:8])([H:9])[C@:2]([H:4])([H:5])[C@@:3]1([H:6])[H:7]
1980 2
[C@@:1]1([H:8])([H:9])[C@:2]([H:4])([H:5])[C@@:3]1([H:6])[H:7]
2090 2
[C@@:1]1([H:8])([H:9])[C@:2]([H:4])([H:5])[C@@:3]1([H:6])[H:7]
2200 2
[C@@:1]1([H:8])([H:9])[C@:2]([H:4])([H:5])[C@@:3]1([H:6])[H:7]
2310 2
[C@@:1]1([H:8])([H:9])[C@:2]([H:4])([H:5])[C@@:3]1([H:6])[H:7]
2420 2
[C@@:1]1([H:8])([H:9])[C@:2]([H:4])([H:5])[C@@:3]1([H:6])[H:7]
2530 2
[C@@:1]1([H:8])([H:9])[C@:2]([H:4])([H:5])[C@@:3]1([H:6])[H:7]
2640 2
[C@@:1]1([H:8])([H:9])[C@:2]([H:4])([H:5])[C@@:3]1([H:6])[H:7]
2750 2
[C@@:1]1([H:8])([H:9])[C@:2]([H:4])([H:5])[C@@:3]1([H:6])[H:7]
2860 2
[C@@:1]1([H:8])([H:9])[C@:2]([H:4])([H:5])[C@@:3]1([H:6])[H:7]
2970 2
[C@@:1]1([H:8])([H:9])[C@:2]([H:4])([H:5])[C@@:3]1([H:6])[H:7]
3080 2
[C@@:1]1([H:8])([H:9])[C@:2]([H:4])([H:5])[C@@:3]1([H:6])[H:7]
3190 2
[C@@:1]1([H:8])([H:9])[C@:2]([H:4])([H:5])[C@@:3]1([H:6])[H:7]
3300 2
[C@@:1]1([H:8])([H:9])[C@:2]([H:4])([H:5])[C@@:3]1([H:6])[H:7]
3410 2
[C@@:1]1([H:8])([H:9])[C@:2]([H:4])([H:5])[C@@:3]1([H:6])[H:7]
3520 2
[C@@:1]1([H:8])([H:9])[C@:2]([H:4])([H:5])[C@@:3]1([H:6])[H:7]
3630 2
[C@@:1]1([H:8])([H:9])[C@:2]([H:4])([H:5])[C@@:3]1([H:6])[H:7]
3740 2
[C@@:1]1([H:8])([H:9])[C@:2]([H:4])([H:5])[C@@:3]1([H:6])[H:7]
3850 2
[C@@:1]1([H:8])([H:9])[C@:2]([H:4])([H:5])[C@@:3]1([H:6])[H:7]
3960 2
[C@@:1]1([H:8])([H:9])[C@:2]([H:4])([H:5])[C@@:3]1([H:6])[H:7]
4070 2
[C@@:1]1([H:8])([H:9])[C@:2]([H:4])([H:5])[C@@:3]1([H:6])[H:7]
4180 2
[C@@:1]1([H:8])([H:9])[C@:2]([H:4])([H:5])[C@@:3]1([H:6])[H:7]
4290 2
[C@@:1]1([H:8])([H:9])[C@:2]([H:4])([H:5])[C@@:3]1([H:6])[H:7]
4400 2
[C@@:1]1([H:8])([H:9])[C@:2]([H:4])([H:5])[C@@:3]1([H:6])[H:7]
4510 2
[C@@:1]1([H:8])([H:9])[C@:2]([H:4])([H:5])[C@@:3]1([H:6])[H:7]
4620 2
[C@@:1]1([H:8])([H:9])[C@:2]([H:4])([H:5])[C@@:3]1([H:6])[H:7]
4730 2
[C@@:1]1([H:8])([H:9])[C@:2]([H:4])([H:5])[C@@:3]1([H:6])[H:7]
4840 2
[C@@:1]1([H:8])([H:9])[C@:2]([H:4])([H:5])[C@@:3]1([H:6])[H:7]
4950 2
[C@@:1]1([H:8])([H:9])[C@:2]([H:4])([H:5])[C@@:3]1([H:6])[H:7]
5060 2
[C@@:1]1([H:8])([H:9])[C@:2]([H:4])([H:5])[C@@:3]1([H:6])[H:7]
5170 2
[C@@:1]1([H:8])([H:9])[C@:2]([H:4])([H:5])[C@@:3]1([H:6])[H:7]
5280 2
[C@@:1]1([H:8])([H:9])[C@:2]([H:4])([H:5])[C@@:3]1([H:6])[H:7]
5390 2
[C@@:1]1([H:8])([H:9])[C@:2]([H:4])([H:5])[C@@:3]1([H:6])[H:7]
['/groups/kemi/koerstz/opt/xtb/6.1/bin/xtb', '1.xyz', '--opt', 'tight', '--gfn2', '--chrg', '0']
['/groups/kemi/koerstz/opt/xtb/6.1/bin/xtb', '2.xyz', '--opt', 'tight', '--gfn2', '--chrg', '0']
['/groups/kemi/koerstz/opt/xtb/6.1/bin/xtb', 'restart_structure.xyz', '--md', '--input', 'metadyn.inp', '--gfn2', '--chrg', '0']
0 1
[C@@:1]1([H:8])([H:9])[C@:2]([H:4])([H:5])[C@@:3]1([H:6])[H:7]
smiles = [C@@:1]1([H:8])([H:9])[C@:2]([H:4])([H:5])[C@@:3]1([H:6])[H:7]
110 2
[C@@:1]1([H:8])([H:9])[C@:2]([H:4])([H:5])[C@@:3]1([H:6])[H:7]
220 2
[C@@:1]1([H:8])([H:9])[C@:2]([H:4])([H:5])[C@@:3]1([H:6])[H:7]
330 2
[C@@:1]1([H:8])([H:9])[C@:2]([H:4])([H:5])[C@@:3]1([H:6])[H:7]
440 2
[C@@:1]1([H:8])([H:9])[C@:2]([H:4])([H:5])[C@@:3]1([H:6])[H:7]
550 2
[C@@:1]1([H:8])([H:9])[C@:2]([H:4])([H:5])[C@@:3]1([H:6])[H:7]
660 2
[C@@:1]1([H:8])([H:9])[C@:2]([H:4])([H:5])[C@@:3]1([H:6])[H:7]
770 2
[C@@:1]1([H:8])([H:9])[C@:2]([H:4])([H:5])[C@@:3]1([H:6])[H:7]
880 2
[C@@:1]1([H:8])([H:9])[C@:2]([H:4])([H:5])[C@@:3]1([H:6])[H:7]
990 2
[C@@:1]1([H:8])([H:9])[C@:2]([H:4])([H:5])[C@@:3]1([H:6])[H:7]
1100 2
[C@@:1]1([H:8])([H:9])[C@:2]([H:4])([H:5])[C@@:3]1([H:6])[H:7]
1210 2
[C@@:1]1([H:8])([H:9])[C@:2]([H:4])([H:5])[C@@:3]1([H:6])[H:7]
1320 2
[C@@:1]1([H:8])([H:9])[C@:2]([H:4])([H:5])[C@@:3]1([H:6])[H:7]
1430 2
[C@@:1]1([H:8])([H:9])[C@:2]([H:4])([H:5])[C@@:3]1([H:6])[H:7]
1540 2
[C@@:1]1([H:8])([H:9])[C@:2]([H:4])([H:5])[C@@:3]1([H:6])[H:7]
1650 2
[C@@:1]1([H:8])([H:9])[C@:2]([H:4])([H:5])[C@@:3]1([H:6])[H:7]
1760 2
[C@@:1]1([H:8])([H:9])[C@:2]([H:4])([H:5])[C@@:3]1([H:6])[H:7]
1870 2
[C@@:1]1([H:8])([H:9])[C@:2]([H:4])([H:5])[C@@:3]1([H:6])[H:7]
1980 2
[C@@:1]1([H:8])([H:9])[C@:2]([H:4])([H:5])[C@@:3]1([H:6])[H:7]
2090 2
[C@@:1]1([H:8])([H:9])[C@:2]([H:4])([H:5])[C@@:3]1([H:6])[H:7]
2200 2
[C@@:1]1([H:8])([H:9])[C@:2]([H:4])([H:5])[C@@:3]1([H:6])[H:7]
2310 2
[C@@:1]1([H:8])([H:9])[C@:2]([H:4])([H:5])[C@@:3]1([H:6])[H:7]
2420 2
[C@@:1]1([H:8])([H:9])[C@:2]([H:4])([H:5])[C@@:3]1([H:6])[H:7]
2530 2
[C@@:1]1([H:8])([H:9])[C@:2]([H:4])([H:5])[C@@:3]1([H:6])[H:7]
2640 2
[C@@:1]1([H:8])([H:9])[C@:2]([H:4])([H:5])[C@@:3]1([H:6])[H:7]
2750 2
[C@@:1]1([H:8])([H:9])[C@:2]([H:4])([H:5])[C@@:3]1([H:6])[H:7]
2860 2
[C@@:1]1([H:8])([H:9])[C@:2]([H:4])([H:5])[C@@:3]1([H:6])[H:7]
2970 2
[C@@:1]1([H:8])([H:9])[C@:2]([H:4])([H:5])[C@@:3]1([H:6])[H:7]
3080 2
[C@@:1]1([H:8])([H:9])[C@:2]([H:4])([H:5])[C@@:3]1([H:6])[H:7]
3190 2
[C@@:1]1([H:8])([H:9])[C@:2]([H:4])([H:5])[C@@:3]1([H:6])[H:7]
3300 2
[C@@:1]1([H:8])([H:9])[C@:2]([H:4])([H:5])[C@@:3]1([H:6])[H:7]
3410 2
[C@@:1]1([H:8])([H:9])[C@:2]([H:4])([H:5])[C@@:3]1([H:6])[H:7]
3520 2
[C@@:1]1([H:8])([H:9])[C@:2]([H:4])([H:5])[C@@:3]1([H:6])[H:7]
3630 2
[C@@:1]1([H:8])([H:9])[C@:2]([H:4])([H:5])[C@@:3]1([H:6])[H:7]
3740 2
[C@@:1]1([H:8])([H:9])[C@:2]([H:4])([H:5])[C@@:3]1([H:6])[H:7]
3850 2
[C@@:1]1([H:8])([H:9])[C@:2]([H:4])([H:5])[C@@:3]1([H:6])[H:7]
3960 2
[C@@:1]1([H:8])([H:9])[C@:2]([H:4])([H:5])[C@@:3]1([H:6])[H:7]
4070 2
[C@@:1]1([H:8])([H:9])[C@:2]([H:4])([H:5])[C@@:3]1([H:6])[H:7]
4180 2
[C@@:1]1([H:8])([H:9])[C@:2]([H:4])([H:5])[C@@:3]1([H:6])[H:7]
4290 2
[C@@:1]1([H:8])([H:9])[C@:2]([H:4])([H:5])[C@@:3]1([H:6])[H:7]
4400 2
[C@@:1]1([H:8])([H:9])[C@:2]([H:4])([H:5])[C@@:3]1([H:6])[H:7]
4510 2
[C@@:1]1([H:8])([H:9])[C@:2]([H:4])([H:5])[C@@:3]1([H:6])[H:7]
4620 2
[C@@:1]1([H:8])([H:9])[C@:2]([H:4])([H:5])[C@@:3]1([H:6])[H:7]
4730 2
[C@@:1]1([H:8])([H:9])[C@:2]([H:4])([H:5])[C@@:3]1([H:6])[H:7]
4840 2
[C@@:1]1([H:8])([H:9])[C@:2]([H:4])([H:5])[C@@:3]1([H:6])[H:7]
4950 2
[C@@:1]1([H:8])([H:9])[C@:2]([H:4])([H:5])[C@@:3]1([H:6])[H:7]
5060 2
[C@@:1]1([H:8])([H:9])[C@:2]([H:4])([H:5])[C@@:3]1([H:6])[H:7]
5170 2
[C@@:1]1([H:8])([H:9])[C@:2]([H:4])([H:5])[C@@:3]1([H:6])[H:7]
5280 2
[C@@:1]1([H:8])([H:9])[C@:2]([H:4])([H:5])[C@@:3]1([H:6])[H:7]
5390 2
[C@@:1]1([H:8])([H:9])[C@:2]([H:4])([H:5])[C@@:3]1([H:6])[H:7]
['/groups/kemi/koerstz/opt/xtb/6.1/bin/xtb', '1.xyz', '--opt', 'tight', '--gfn2', '--chrg', '0']
['/groups/kemi/koerstz/opt/xtb/6.1/bin/xtb', '2.xyz', '--opt', 'tight', '--gfn2', '--chrg', '0']
['/groups/kemi/koerstz/opt/xtb/6.1/bin/xtb', 'restart_structure.xyz', '--md', '--input', 'metadyn.inp', '--gfn2', '--chrg', '0']
0 1
[C@@:1]1([H:8])([H:9])[C@:2]([H:4])([H:5])[C@@:3]1([H:6])[H:7]
smiles = [C@@:1]1([H:8])([H:9])[C@:2]([H:4])([H:5])[C@@:3]1([H:6])[H:7]
110 2
[C@@:1]1([H:8])([H:9])[C@:2]([H:4])([H:5])[C@@:3]1([H:6])[H:7]
220 2
[C@@:1]1([H:8])([H:9])[C@:2]([H:4])([H:5])[C@@:3]1([H:6])[H:7]
330 2
[C@@:1]1([H:8])([H:9])[C@:2]([H:4])([H:5])[C@@:3]1([H:6])[H:7]
440 2
[C@@:1]1([H:8])([H:9])[C@:2]([H:4])([H:5])[C@@:3]1([H:6])[H:7]
550 2
[C@@:1]1([H:8])([H:9])[C@:2]([H:4])([H:5])[C@@:3]1([H:6])[H:7]
660 2
[C@@:1]1([H:8])([H:9])[C@:2]([H:4])([H:5])[C@@:3]1([H:6])[H:7]
770 2
[C@@:1]1([H:8])([H:9])[C@:2]([H:4])([H:5])[C@@:3]1([H:6])[H:7]
880 2
[C@@:1]1([H:8])([H:9])[C@:2]([H:4])([H:5])[C@@:3]1([H:6])[H:7]
990 2
[C@@:1]1([H:8])([H:9])[C@:2]([H:4])([H:5])[C@@:3]1([H:6])[H:7]
1100 2
[C@@:1]1([H:8])([H:9])[C@:2]([H:4])([H:5])[C@@:3]1([H:6])[H:7]
1210 2
[C@@:1]1([H:8])([H:9])[C@:2]([H:4])([H:5])[C@@:3]1([H:6])[H:7]
1320 2
[C@@:1]1([H:8])([H:9])[C@:2]([H:4])([H:5])[C@@:3]1([H:6])[H:7]
1430 2
[C@@:1]1([H:8])([H:9])[C@:2]([H:4])([H:5])[C@@:3]1([H:6])[H:7]
1540 2
[C@@:1]1([H:8])([H:9])[C@:2]([H:4])([H:5])[C@@:3]1([H:6])[H:7]
1650 2
[C@@:1]1([H:8])([H:9])[C@:2]([H:4])([H:5])[C@@:3]1([H:6])[H:7]
1760 2
[C@@:1]1([H:8])([H:9])[C@:2]([H:4])([H:5])[C@@:3]1([H:6])[H:7]
1870 2
[C@@:1]1([H:8])([H:9])[C@:2]([H:4])([H:5])[C@@:3]1([H:6])[H:7]
1980 2
[C@@:1]1([H:8])([H:9])[C@:2]([H:4])([H:5])[C@@:3]1([H:6])[H:7]
2090 2
[C@@:1]1([H:8])([H:9])[C@:2]([H:4])([H:5])[C@@:3]1([H:6])[H:7]
2200 2
[C@@:1]1([H:8])([H:9])[C@:2]([H:4])([H:5])[C@@:3]1([H:6])[H:7]
2310 2
[C@@:1]1([H:8])([H:9])[C@:2]([H:4])([H:5])[C@@:3]1([H:6])[H:7]
2420 2
[C@@:1]1([H:8])([H:9])[C@:2]([H:4])([H:5])[C@@:3]1([H:6])[H:7]
2530 2
[C@:1]([C-:2]([H:4])[H:5])([C+:3]([H:6])[H:7])([H:8])[H:9]
smiles =  [C@:1]([C-:2]([H:4])[H:5])([C+:3]([H:6])[H:7])([H:8])[H:9]
2640 3
[C@@:1]1([H:8])([H:9])[C@@:2]([H:4])([H:5])[C@@:3]1([H:6])[H:7]
smiles =  [C@@:1]1([H:8])([H:9])[C@@:2]([H:4])([H:5])[C@@:3]1([H:6])[H:7]
2750 4
[C@@:1]1([H:8])([H:9])[C@@:2]([H:4])([H:5])[C@@:3]1([H:6])[H:7]
2860 4
[C@@:1]1([H:8])([H:9])[C@@:2]([H:4])([H:5])[C@@:3]1([H:6])[H:7]
2970 4
[C@@:1]1([H:8])([H:9])[C@@:2]([H:4])([H:5])[C@@:3]1([H:6])[H:7]
3080 4
[C@@:1]1([H:8])([H:9])[C@@:2]([H:4])([H:5])[C@@:3]1([H:6])[H:7]
3190 4
[C@@:1]1([H:8])([H:9])[C@@:2]([H:4])([H:5])[C@@:3]1([H:6])[H:7]
3300 4
[C@@:1]1([H:8])([H:9])[C@@:2]([H:4])([H:5])[C@@:3]1([H:6])[H:7]
3410 4
[C@@:1]1([H:8])([H:9])[C@@:2]([H:4])([H:5])[C@@:3]1([H:6])[H:7]
3520 4
[C@@:1]1([H:8])([H:9])[C@@:2]([H:4])([H:5])[C@@:3]1([H:6])[H:7]
3630 4
[C@@:1]1([H:8])([H:9])[C@@:2]([H:4])([H:5])[C@@:3]1([H:6])[H:7]
3740 4
[C@@:1]1([H:8])([H:9])[C@@:2]([H:4])([H:5])[C@@:3]1([H:6])[H:7]
3850 4
[C@@:1]1([H:8])([H:9])[C@@:2]([H:4])([H:5])[C@@:3]1([H:6])[H:7]
3960 4
[C@@:1]1([H:8])([H:9])[C@@:2]([H:4])([H:5])[C@@:3]1([H:6])[H:7]
4070 4
[C@@:1]1([H:8])([H:9])[C@@:2]([H:4])([H:5])[C@@:3]1([H:6])[H:7]
4180 4
[C@@:1]1([H:8])([H:9])[C@@:2]([H:4])([H:5])[C@@:3]1([H:6])[H:7]
4290 4
[C@@:1]1([H:8])([H:9])[C@@:2]([H:4])([H:5])[C@@:3]1([H:6])[H:7]
4400 4
[C@@:1]1([H:8])([H:9])[C@@:2]([H:4])([H:5])[C@@:3]1([H:6])[H:7]
4510 4
[C@@:1]1([H:8])([H:9])[C@@:2]([H:4])([H:5])[C@@:3]1([H:6])[H:7]
4620 4
[C@@:1]1([H:8])([H:9])[C@@:2]([H:4])([H:5])[C@@:3]1([H:6])[H:7]
4730 4
[C@@:1]1([H:8])([H:9])[C@@:2]([H:4])([H:5])[C@@:3]1([H:6])[H:7]
4840 4
[C@@:1]1([H:8])([H:9])[C@@:2]([H:4])([H:5])[C@@:3]1([H:6])[H:7]
4950 4
[C@@:1]1([H:8])([H:9])[C@@:2]([H:4])([H:5])[C@@:3]1([H:6])[H:7]
5060 4
[C@@:1]1([H:8])([H:9])[C@@:2]([H:4])([H:5])[C@@:3]1([H:6])[H:7]
5170 4
[C@@:1]1([H:8])([H:9])[C@@:2]([H:4])([H:5])[C@@:3]1([H:6])[H:7]
5280 4
[C@@:1]1([H:8])([H:9])[C@@:2]([H:4])([H:5])[C@@:3]1([H:6])[H:7]
5390 4
[C@@:1]1([H:8])([H:9])[C@@:2]([H:4])([H:5])[C@@:3]1([H:6])[H:7]
['/groups/kemi/koerstz/opt/xtb/6.1/bin/xtb', '1.xyz', '--opt', 'tight', '--gfn2', '--chrg', '0']
['/groups/kemi/koerstz/opt/xtb/6.1/bin/xtb', '2.xyz', '--opt', 'tight', '--gfn2', '--chrg', '0']
['/groups/kemi/koerstz/opt/xtb/6.1/bin/xtb', '3.xyz', '--opt', 'tight', '--gfn2', '--chrg', '0']
['/groups/kemi/koerstz/opt/xtb/6.1/bin/xtb', '4.xyz', '--opt', 'tight', '--gfn2', '--chrg', '0']
change in AC: stopping
run2/structure_database/
run2/structure_database/structure_database.csv
run2/structure_database/xyz_files/
run2/structure_database/xyz_files/7f243174670faec2ae17701ffda43f7e93901d53.xyz
run2/structure_database/xyz_files/183057e4abc0a75a2078588aac315fcb26958912.xyz
run2/structure_database/xyz_files/3d41a0a812b56c7031c4cc8b96f39bf8a04f0192.xyz
run2/structure_database/xyz_files/a138ce144e16d2c5f4c478de3d9a0e20f189ae67.xyz
run2/structure_database/xyz_files/23d7d09a889e0db063abaadaada9022550d1ac21.xyz
run2/
run2/md/
run2/md/wbo
run2/md/0.xyz
run2/md/xtbopt.log
run2/md/md.inp
run2/md/xtbmdok
run2/md/mdrestart
run2/md/run.out
run2/md/scoord.1
run2/md/0.6_md.xyz
run2/md/nul
run2/md/xtb.trj
run2/md/xtbrestart
run2/md/.xtboptok
run2/md/md_out.log
run2/md/xtbopt.xyz
run2/md/charges
run2/structure_database/
run2/structure_database/structure_database.csv
run2/structure_database/xyz_files/
run2/structure_database/xyz_files/7f243174670faec2ae17701ffda43f7e93901d53.xyz
run2/structure_database/xyz_files/183057e4abc0a75a2078588aac315fcb26958912.xyz
run2/structure_database/xyz_files/3d41a0a812b56c7031c4cc8b96f39bf8a04f0192.xyz
run2/structure_database/xyz_files/a138ce144e16d2c5f4c478de3d9a0e20f189ae67.xyz
run2/structure_database/xyz_files/23d7d09a889e0db063abaadaada9022550d1ac21.xyz
run2/0.6_md.xyz
run2/dataframe.pkl
run2/metadynamics/
run2/metadynamics/xtb_0.trj
run2/metadynamics/wbo
run2/metadynamics/analyze_trajectory_0/
run2/metadynamics/analyze_trajectory_0/wbo
run2/metadynamics/analyze_trajectory_0/1.optxyz
run2/metadynamics/analyze_trajectory_0/xtbopt.log
run2/metadynamics/analyze_trajectory_0/1.xyz
run2/metadynamics/analyze_trajectory_0/run.out
run2/metadynamics/analyze_trajectory_0/2.optxyz
run2/metadynamics/analyze_trajectory_0/2.xyz
run2/metadynamics/analyze_trajectory_0/nul
run2/metadynamics/analyze_trajectory_0/xtbrestart
run2/metadynamics/analyze_trajectory_0/.xtboptok
run2/metadynamics/analyze_trajectory_0/charges
run2/metadynamics/analyze_trajectory_0/optimized_structures/
run2/metadynamics/analyze_trajectory_0/optimized_structures/1.optxyz
run2/metadynamics/restart_structure.xyz
run2/metadynamics/initial_structures.xyz
run2/metadynamics/analyze_trajectory_5/
run2/metadynamics/analyze_trajectory_5/wbo
run2/metadynamics/analyze_trajectory_5/1.optxyz
run2/metadynamics/analyze_trajectory_5/xtbopt.log
run2/metadynamics/analyze_trajectory_5/1.xyz
run2/metadynamics/analyze_trajectory_5/run.out
run2/metadynamics/analyze_trajectory_5/2.optxyz
run2/metadynamics/analyze_trajectory_5/2.xyz
run2/metadynamics/analyze_trajectory_5/nul
run2/metadynamics/analyze_trajectory_5/xtbrestart
run2/metadynamics/analyze_trajectory_5/.xtboptok
run2/metadynamics/analyze_trajectory_5/charges
run2/metadynamics/analyze_trajectory_5/optimized_structures/
run2/metadynamics/xtbmdok
run2/metadynamics/analyze_trajectory_15/
run2/metadynamics/analyze_trajectory_15/wbo
run2/metadynamics/analyze_trajectory_15/1.optxyz
run2/metadynamics/analyze_trajectory_15/xtbopt.log
run2/metadynamics/analyze_trajectory_15/1.xyz
run2/metadynamics/analyze_trajectory_15/run.out
run2/metadynamics/analyze_trajectory_15/2.optxyz
run2/metadynamics/analyze_trajectory_15/2.xyz
run2/metadynamics/analyze_trajectory_15/nul
run2/metadynamics/analyze_trajectory_15/xtbrestart
run2/metadynamics/analyze_trajectory_15/.xtboptok
run2/metadynamics/analyze_trajectory_15/charges
run2/metadynamics/analyze_trajectory_15/optimized_structures/
run2/metadynamics/analyze_trajectory_15/optimized_structures/1.optxyz
run2/metadynamics/mdrestart
run2/metadynamics/run.out
run2/metadynamics/scoord.1
run2/metadynamics/meta_out.log
run2/metadynamics/xtb_25.trj
run2/metadynamics/analyze_trajectory_10/
run2/metadynamics/analyze_trajectory_10/wbo
run2/metadynamics/analyze_trajectory_10/1.optxyz
run2/metadynamics/analyze_trajectory_10/xtbopt.log
run2/metadynamics/analyze_trajectory_10/1.xyz
run2/metadynamics/analyze_trajectory_10/run.out
run2/metadynamics/analyze_trajectory_10/2.optxyz
run2/metadynamics/analyze_trajectory_10/2.xyz
run2/metadynamics/analyze_trajectory_10/3.xyz
run2/metadynamics/analyze_trajectory_10/nul
run2/metadynamics/analyze_trajectory_10/xtbrestart
run2/metadynamics/analyze_trajectory_10/.xtboptok
run2/metadynamics/analyze_trajectory_10/3.optxyz
run2/metadynamics/analyze_trajectory_10/charges
run2/metadynamics/analyze_trajectory_10/optimized_structures/
run2/metadynamics/analyze_trajectory_10/optimized_structures/2.optxyz
run2/metadynamics/analyze_trajectory_10/optimized_structures/3.optxyz
run2/metadynamics/0.6_md.xyz
run2/metadynamics/nul
run2/metadynamics/scoord.2
run2/metadynamics/analyze_trajectory_25/
run2/metadynamics/analyze_trajectory_25/wbo
run2/metadynamics/analyze_trajectory_25/1.optxyz
run2/metadynamics/analyze_trajectory_25/xtbopt.log
run2/metadynamics/analyze_trajectory_25/4.optxyz
run2/metadynamics/analyze_trajectory_25/1.xyz
run2/metadynamics/analyze_trajectory_25/run.out
run2/metadynamics/analyze_trajectory_25/2.optxyz
run2/metadynamics/analyze_trajectory_25/2.xyz
run2/metadynamics/analyze_trajectory_25/3.xyz
run2/metadynamics/analyze_trajectory_25/nul
run2/metadynamics/analyze_trajectory_25/4.xyz
run2/metadynamics/analyze_trajectory_25/xtbrestart
run2/metadynamics/analyze_trajectory_25/.xtboptok
run2/metadynamics/analyze_trajectory_25/3.optxyz
run2/metadynamics/analyze_trajectory_25/charges
run2/metadynamics/analyze_trajectory_25/optimized_structures/
run2/metadynamics/analyze_trajectory_25/optimized_structures/2.optxyz
run2/metadynamics/analyze_trajectory_25/optimized_structures/3.optxyz
run2/metadynamics/scoord.4
run2/metadynamics/metadyn.inp
run2/metadynamics/xtb.trj
run2/metadynamics/xtbrestart
run2/metadynamics/xtb_20.trj
run2/metadynamics/xtb_15.trj
run2/metadynamics/scoord.3
run2/metadynamics/xtb_5.trj
run2/metadynamics/analyze_trajectory_20/
run2/metadynamics/analyze_trajectory_20/wbo
run2/metadynamics/analyze_trajectory_20/1.optxyz
run2/metadynamics/analyze_trajectory_20/xtbopt.log
run2/metadynamics/analyze_trajectory_20/1.xyz
run2/metadynamics/analyze_trajectory_20/run.out
run2/metadynamics/analyze_trajectory_20/2.optxyz
run2/metadynamics/analyze_trajectory_20/2.xyz
run2/metadynamics/analyze_trajectory_20/nul
run2/metadynamics/analyze_trajectory_20/xtbrestart
run2/metadynamics/analyze_trajectory_20/.xtboptok
run2/metadynamics/analyze_trajectory_20/charges
run2/metadynamics/analyze_trajectory_20/optimized_structures/
run2/metadynamics/charges
run2/metadynamics/xtb_10.trj
