!!! Warning !!! Distance between atoms 8 and 1 (0.972846 A) is suspicious.
!!! Warning !!! Distance between atoms 8 and 1 (0.972626 A) is suspicious.
