!!! Warning !!! Distance between atoms 5 and 2 (0.948891 A) is suspicious.
!!! Warning !!! Distance between atoms 8 and 1 (0.951513 A) is suspicious.
!!! Warning !!! Distance between atoms 6 and 3 (0.965388 A) is suspicious.
