!!! Warning !!! Distance between atoms 6 and 3 (0.995616 A) is suspicious.
!!! Warning !!! Distance between atoms 9 and 1 (0.999456 A) is suspicious.
!!! Warning !!! Distance between atoms 9 and 1 (0.999628 A) is suspicious.
!!! Warning !!! Distance between atoms 5 and 2 (0.980459 A) is suspicious.
!!! Warning !!! Distance between atoms 9 and 1 (0.991301 A) is suspicious.
!!! Warning !!! Distance between atoms 6 and 3 (0.995488 A) is suspicious.
!!! Warning !!! Distance between atoms 7 and 3 (0.999357 A) is suspicious.
!!! Warning !!! Distance between atoms 7 and 3 (0.984668 A) is suspicious.
!!! Warning !!! Distance between atoms 9 and 1 (0.999146 A) is suspicious.
!!! Warning !!! Distance between atoms 7 and 3 (0.991563 A) is suspicious.
!!! Warning !!! Distance between atoms 8 and 1 (0.995111 A) is suspicious.
!!! Warning !!! Distance between atoms 6 and 3 (0.997166 A) is suspicious.
!!! Warning !!! Distance between atoms 8 and 1 (0.998055 A) is suspicious.
!!! Warning !!! Distance between atoms 8 and 1 (0.945949 A) is suspicious.
!!! Warning !!! Distance between atoms 9 and 1 (0.998992 A) is suspicious.
!!! Warning !!! Distance between atoms 5 and 2 (0.940664 A) is suspicious.
!!! Warning !!! Distance between atoms 9 and 1 (0.951005 A) is suspicious.
!!! Warning !!! Distance between atoms 8 and 1 (0.985741 A) is suspicious.
!!! Warning !!! Distance between atoms 9 and 1 (0.923805 A) is suspicious.
!!! Warning !!! Distance between atoms 9 and 1 (0.951500 A) is suspicious.
!!! Warning !!! Distance between atoms 9 and 1 (0.963517 A) is suspicious.
!!! Warning !!! Distance between atoms 6 and 3 (0.976656 A) is suspicious.
!!! Warning !!! Distance between atoms 5 and 2 (0.972778 A) is suspicious.
!!! Warning !!! Distance between atoms 5 and 2 (0.970999 A) is suspicious.
!!! Warning !!! Distance between atoms 5 and 2 (0.984772 A) is suspicious.
!!! Warning !!! Distance between atoms 7 and 3 (0.975732 A) is suspicious.
!!! Warning !!! Distance between atoms 8 and 1 (0.985880 A) is suspicious.
