!!! Warning !!! Distance between atoms 8 and 1 (0.972165 A) is suspicious.
!!! Warning !!! Distance between atoms 8 and 1 (0.993302 A) is suspicious.
!!! Warning !!! Distance between atoms 9 and 1 (0.989041 A) is suspicious.
!!! Warning !!! Distance between atoms 6 and 3 (0.985087 A) is suspicious.
!!! Warning !!! Distance between atoms 4 and 2 (0.957361 A) is suspicious.
!!! Warning !!! Distance between atoms 6 and 3 (0.988354 A) is suspicious.
!!! Warning !!! Distance between atoms 6 and 3 (0.980357 A) is suspicious.
!!! Warning !!! Distance between atoms 9 and 1 (0.902544 A) is suspicious.
!!! Warning !!! Distance between atoms 8 and 1 (0.965439 A) is suspicious.
!!! Warning !!! Distance between atoms 9 and 1 (0.969818 A) is suspicious.
!!! Warning !!! Distance between atoms 9 and 1 (0.975904 A) is suspicious.
!!! Warning !!! Distance between atoms 9 and 1 (0.974088 A) is suspicious.
!!! Warning !!! Distance between atoms 9 and 1 (0.991739 A) is suspicious.
!!! Warning !!! Distance between atoms 5 and 2 (0.952558 A) is suspicious.
!!! Warning !!! Distance between atoms 4 and 2 (0.960685 A) is suspicious.
!!! Warning !!! Distance between atoms 4 and 2 (0.955079 A) is suspicious.
!!! Warning !!! Distance between atoms 6 and 3 (0.955464 A) is suspicious.
!!! Warning !!! Distance between atoms 4 and 2 (0.913396 A) is suspicious.
!!! Warning !!! Distance between atoms 5 and 2 (0.967182 A) is suspicious.
!!! Warning !!! Distance between atoms 9 and 1 (0.980903 A) is suspicious.
!!! Warning !!! Distance between atoms 5 and 2 (0.979947 A) is suspicious.
