!!! Warning !!! Distance between atoms 7 and 3 (0.996795 A) is suspicious.
!!! Warning !!! Distance between atoms 6 and 3 (0.993944 A) is suspicious.
!!! Warning !!! Distance between atoms 6 and 3 (0.998107 A) is suspicious.
!!! Warning !!! Distance between atoms 8 and 1 (0.994383 A) is suspicious.
!!! Warning !!! Distance between atoms 6 and 3 (0.989112 A) is suspicious.
!!! Warning !!! Distance between atoms 8 and 1 (0.913932 A) is suspicious.
!!! Warning !!! Distance between atoms 4 and 2 (0.976560 A) is suspicious.
!!! Warning !!! Distance between atoms 8 and 1 (0.986220 A) is suspicious.
!!! Warning !!! Distance between atoms 9 and 1 (0.939685 A) is suspicious.
!!! Warning !!! Distance between atoms 7 and 3 (0.989035 A) is suspicious.
!!! Warning !!! Distance between atoms 8 and 1 (0.988938 A) is suspicious.
!!! Warning !!! Distance between atoms 5 and 2 (0.983912 A) is suspicious.
!!! Warning !!! Distance between atoms 9 and 1 (0.898840 A) is suspicious.
!!! Warning !!! Distance between atoms 8 and 1 (0.991958 A) is suspicious.
!!! Warning !!! Distance between atoms 5 and 2 (0.987959 A) is suspicious.
!!! Warning !!! Distance between atoms 5 and 2 (0.981153 A) is suspicious.
!!! Warning !!! Distance between atoms 6 and 3 (0.984182 A) is suspicious.
!!! Warning !!! Distance between atoms 7 and 3 (0.980135 A) is suspicious.
!!! Warning !!! Distance between atoms 4 and 2 (0.985298 A) is suspicious.
!!! Warning !!! Distance between atoms 8 and 1 (0.989113 A) is suspicious.
!!! Warning !!! Distance between atoms 4 and 2 (0.999554 A) is suspicious.
!!! Warning !!! Distance between atoms 6 and 3 (0.997677 A) is suspicious.
!!! Warning !!! Distance between atoms 6 and 3 (0.989008 A) is suspicious.
!!! Warning !!! Distance between atoms 4 and 2 (0.952737 A) is suspicious.
!!! Warning !!! Distance between atoms 4 and 2 (0.991828 A) is suspicious.
!!! Warning !!! Distance between atoms 8 and 1 (0.982482 A) is suspicious.
!!! Warning !!! Distance between atoms 5 and 2 (0.966569 A) is suspicious.
!!! Warning !!! Distance between atoms 9 and 1 (0.993733 A) is suspicious.
!!! Warning !!! Distance between atoms 7 and 3 (0.972877 A) is suspicious.
!!! Warning !!! Distance between atoms 4 and 2 (0.991018 A) is suspicious.
!!! Warning !!! Distance between atoms 6 and 3 (0.996350 A) is suspicious.
!!! Warning !!! Distance between atoms 5 and 3 (0.986120 A) is suspicious.
!!! Warning !!! Distance between atoms 7 and 3 (0.944254 A) is suspicious.
!!! Warning !!! Distance between atoms 8 and 1 (0.966686 A) is suspicious.
!!! Warning !!! Distance between atoms 7 and 3 (0.955527 A) is suspicious.
!!! Warning !!! Distance between atoms 7 and 3 (0.993201 A) is suspicious.
!!! Warning !!! Distance between atoms 8 and 1 (0.976705 A) is suspicious.
!!! Warning !!! Distance between atoms 7 and 3 (0.997007 A) is suspicious.
!!! Warning !!! Distance between atoms 8 and 1 (0.999398 A) is suspicious.
!!! Warning !!! Distance between atoms 5 and 3 (0.993916 A) is suspicious.
