!!! Warning !!! Distance between atoms 4 and 2 (0.991191 A) is suspicious.
!!! Warning !!! Distance between atoms 8 and 1 (0.990373 A) is suspicious.
!!! Warning !!! Distance between atoms 7 and 3 (0.972624 A) is suspicious.
!!! Warning !!! Distance between atoms 6 and 3 (0.941793 A) is suspicious.
!!! Warning !!! Distance between atoms 5 and 2 (0.978250 A) is suspicious.
!!! Warning !!! Distance between atoms 6 and 3 (0.968337 A) is suspicious.
!!! Warning !!! Distance between atoms 8 and 1 (0.987615 A) is suspicious.
!!! Warning !!! Distance between atoms 4 and 2 (0.992441 A) is suspicious.
!!! Warning !!! Distance between atoms 9 and 1 (0.960832 A) is suspicious.
!!! Warning !!! Distance between atoms 6 and 3 (0.995304 A) is suspicious.
!!! Warning !!! Distance between atoms 5 and 2 (0.978432 A) is suspicious.
!!! Warning !!! Distance between atoms 4 and 2 (0.995552 A) is suspicious.
!!! Warning !!! Distance between atoms 7 and 3 (0.998338 A) is suspicious.
!!! Warning !!! Distance between atoms 4 and 2 (0.983033 A) is suspicious.
!!! Warning !!! Distance between atoms 5 and 2 (0.994752 A) is suspicious.
!!! Warning !!! Distance between atoms 4 and 2 (0.968528 A) is suspicious.
!!! Warning !!! Distance between atoms 5 and 2 (0.983958 A) is suspicious.
!!! Warning !!! Distance between atoms 7 and 3 (0.993920 A) is suspicious.
!!! Warning !!! Distance between atoms 6 and 3 (0.996983 A) is suspicious.
!!! Warning !!! Distance between atoms 6 and 3 (0.995532 A) is suspicious.
