!!! Warning !!! Distance between atoms 8 and 1 (0.999888 A) is suspicious.
!!! Warning !!! Distance between atoms 6 and 3 (0.999049 A) is suspicious.
!!! Warning !!! Distance between atoms 5 and 2 (0.957029 A) is suspicious.
!!! Warning !!! Distance between atoms 8 and 1 (0.978060 A) is suspicious.
!!! Warning !!! Distance between atoms 9 and 1 (0.996654 A) is suspicious.
!!! Warning !!! Distance between atoms 8 and 1 (0.992157 A) is suspicious.
!!! Warning !!! Distance between atoms 8 and 1 (0.988290 A) is suspicious.
!!! Warning !!! Distance between atoms 5 and 2 (0.980197 A) is suspicious.
!!! Warning !!! Distance between atoms 6 and 3 (0.989777 A) is suspicious.
!!! Warning !!! Distance between atoms 6 and 3 (0.980729 A) is suspicious.
!!! Warning !!! Distance between atoms 8 and 1 (0.997679 A) is suspicious.
!!! Warning !!! Distance between atoms 8 and 1 (0.968952 A) is suspicious.
!!! Warning !!! Distance between atoms 9 and 1 (0.937606 A) is suspicious.
